Starting diagnostic evaluation: 50 episodes, base seed 1234 (no rendering)...
  Ep   1 [SOLVED][   ] reward=  272.29  len= 573  streak(L,R)=(27,26)
  Ep   2 [SOLVED][   ] reward=  269.27  len= 146  streak(L,R)=(2,4)
  Ep   3 [SOLVED][   ] reward=  248.43  len= 161  streak(L,R)=(3,2)
  Ep   4 [SOLVED][   ] reward=  245.16  len= 696  streak(L,R)=(9,31)
  Ep   5 [SOLVED][   ] reward=  257.74  len= 152  streak(L,R)=(2,2)
  Ep   6 [SOLVED][   ] reward=  307.38  len= 197  streak(L,R)=(13,5)
  Ep   7 [SOLVED][   ] reward=  317.31  len= 194  streak(L,R)=(13,13)
  Ep   8 [SOLVED][   ] reward=  306.28  len= 204  streak(L,R)=(13,14)
  Ep   9 [    ][   ] reward=  170.24  len=1000  streak(L,R)=(8,11)
  Ep  10 [SOLVED][   ] reward=  280.73  len= 474  streak(L,R)=(30,19)
  Ep  11 [SOLVED][   ] reward=  278.70  len= 208  streak(L,R)=(9,4)
  Ep  12 [    ][LOW] reward= -151.56  len= 174  streak(L,R)=(12,19)
  Ep  13 [SOLVED][   ] reward=  255.69  len= 176  streak(L,R)=(7,5)
  Ep  14 [    ][   ] reward=  134.85  len=1000  streak(L,R)=(6,3)
  Ep  15 [SOLVED][   ] reward=  256.89  len= 203  streak(L,R)=(34,3)
  Ep  16 [SOLVED][   ] reward=  248.65  len= 226  streak(L,R)=(50,2)
  Ep  17 [SOLVED][   ] reward=  238.59  len= 191  streak(L,R)=(6,2)
  Ep  18 [SOLVED][   ] reward=  250.98  len= 169  streak(L,R)=(3,4)
  Ep  19 [SOLVED][   ] reward=  261.43  len= 142  streak(L,R)=(2,5)
  Ep  20 [    ][   ] reward=   26.95  len= 160  streak(L,R)=(25,15)
  Ep  21 [SOLVED][   ] reward=  259.39  len= 228  streak(L,R)=(35,3)
  Ep  22 [SOLVED][   ] reward=  275.77  len= 585  streak(L,R)=(28,18)
  Ep  23 [SOLVED][   ] reward=  230.43  len= 868  streak(L,R)=(29,16)
  Ep  24 [    ][   ] reward=   58.57  len= 152  streak(L,R)=(23,14)
  Ep  25 [SOLVED][   ] reward=  271.99  len= 150  streak(L,R)=(2,3)
  Ep  26 [    ][   ] reward=  163.73  len=1000  streak(L,R)=(7,49)
  Ep  27 [SOLVED][   ] reward=  306.75  len= 196  streak(L,R)=(22,13)
  Ep  28 [SOLVED][   ] reward=  272.86  len= 161  streak(L,R)=(3,3)
  Ep  29 [SOLVED][   ] reward=  261.90  len= 184  streak(L,R)=(9,6)
  Ep  30 [SOLVED][   ] reward=  291.53  len= 205  streak(L,R)=(22,9)
  Ep  31 [    ][   ] reward=  154.43  len=1000  streak(L,R)=(6,12)
  Ep  32 [SOLVED][   ] reward=  278.70  len= 247  streak(L,R)=(4,12)
  Ep  33 [SOLVED][   ] reward=  235.48  len= 248  streak(L,R)=(7,4)
  Ep  34 [SOLVED][   ] reward=  276.09  len= 215  streak(L,R)=(2,6)
  Ep  35 [SOLVED][   ] reward=  303.36  len= 236  streak(L,R)=(15,13)
  Ep  36 [SOLVED][   ] reward=  269.00  len= 145  streak(L,R)=(3,2)
  Ep  37 [    ][   ] reward=   49.51  len= 167  streak(L,R)=(13,14)
  Ep  38 [    ][   ] reward=   44.49  len= 189  streak(L,R)=(8,2)
  Ep  39 [SOLVED][   ] reward=  285.37  len= 188  streak(L,R)=(9,9)
  Ep  40 [SOLVED][   ] reward=  258.20  len= 189  streak(L,R)=(7,3)
  Ep  41 [SOLVED][   ] reward=  257.03  len= 195  streak(L,R)=(8,8)
  Ep  42 [    ][   ] reward=   36.18  len= 159  streak(L,R)=(7,2)
  Ep  43 [SOLVED][   ] reward=  282.16  len= 178  streak(L,R)=(3,9)
  Ep  44 [SOLVED][   ] reward=  279.58  len= 160  streak(L,R)=(5,1)
  Ep  45 [SOLVED][   ] reward=  259.95  len= 221  streak(L,R)=(7,5)
  Ep  46 [SOLVED][   ] reward=  268.90  len= 236  streak(L,R)=(2,5)
  Ep  47 [    ][   ] reward=  153.98  len=1000  streak(L,R)=(29,23)
  Ep  48 [SOLVED][   ] reward=  272.71  len= 290  streak(L,R)=(27,37)
  Ep  49 [    ][   ] reward=   49.87  len= 151  streak(L,R)=(14,12)
  Ep  50 [SOLVED][   ] reward=  287.38  len= 168  streak(L,R)=(7,9)
==============================
Diagnostic Summary
  Mean reward   : 223.43   Median: 259.67   Std: 95.69
  Min / Max     : -151.56 / 317.31
  Solved (>=200): 38/50 (76.0%)
  Low (<0)      : 1/50 (2.0%)
  Mean length   : 315.1
  Action %      : no_op=21.0%, fire_left_orientation_engine=34.5%, fire_main_engine=25.1%, fire_right_orientation_engine=19.5%
  Max side streak: L=50, R=49
  Report saved  : dueling_dqn_benchmark_a_1234_1283.json
==============================
