Starting diagnostic evaluation: 100 episodes, base seed 5000 (no rendering)...
  Ep   1 [SOLVED][   ] reward=  271.76  len= 176  streak(L,R)=(5,6)
  Ep   2 [SOLVED][   ] reward=  275.88  len= 160  streak(L,R)=(5,8)
  Ep   3 [SOLVED][   ] reward=  282.93  len= 146  streak(L,R)=(3,5)
  Ep   4 [SOLVED][   ] reward=  291.50  len= 211  streak(L,R)=(5,14)
  Ep   5 [SOLVED][   ] reward=  261.63  len= 142  streak(L,R)=(2,3)
  Ep   6 [    ][   ] reward=   51.82  len= 183  streak(L,R)=(8,5)
  Ep   7 [    ][   ] reward=  143.04  len=1000  streak(L,R)=(7,3)
  Ep   8 [SOLVED][   ] reward=  274.73  len= 159  streak(L,R)=(4,1)
  Ep   9 [SOLVED][   ] reward=  232.95  len= 493  streak(L,R)=(4,10)
  Ep  10 [SOLVED][   ] reward=  299.52  len= 188  streak(L,R)=(9,12)
  Ep  11 [    ][   ] reward=  136.99  len=1000  streak(L,R)=(24,9)
  Ep  12 [SOLVED][   ] reward=  269.82  len= 175  streak(L,R)=(5,6)
  Ep  13 [SOLVED][   ] reward=  274.67  len= 858  streak(L,R)=(27,6)
  Ep  14 [SOLVED][   ] reward=  254.82  len= 165  streak(L,R)=(8,5)
  Ep  15 [SOLVED][   ] reward=  260.76  len= 556  streak(L,R)=(30,14)
  Ep  16 [SOLVED][   ] reward=  264.94  len= 170  streak(L,R)=(3,4)
  Ep  17 [    ][   ] reward=  149.30  len=1000  streak(L,R)=(12,2)
  Ep  18 [SOLVED][   ] reward=  297.38  len= 224  streak(L,R)=(11,15)
  Ep  19 [SOLVED][   ] reward=  250.55  len= 199  streak(L,R)=(8,6)
  Ep  20 [SOLVED][   ] reward=  278.92  len= 142  streak(L,R)=(1,2)
  Ep  21 [SOLVED][   ] reward=  252.78  len= 266  streak(L,R)=(44,3)
  Ep  22 [    ][   ] reward=   36.40  len=  99  streak(L,R)=(14,14)
  Ep  23 [    ][   ] reward=  127.62  len=1000  streak(L,R)=(3,10)
  Ep  24 [    ][   ] reward=  139.79  len=1000  streak(L,R)=(4,3)
  Ep  25 [SOLVED][   ] reward=  250.37  len= 277  streak(L,R)=(93,3)
  Ep  26 [    ][   ] reward=  148.49  len=1000  streak(L,R)=(6,12)
  Ep  27 [    ][   ] reward=  124.00  len=1000  streak(L,R)=(24,17)
  Ep  28 [SOLVED][   ] reward=  246.46  len= 169  streak(L,R)=(5,4)
  Ep  29 [SOLVED][   ] reward=  259.69  len= 196  streak(L,R)=(6,4)
  Ep  30 [    ][LOW] reward= -134.02  len= 156  streak(L,R)=(22,13)
  Ep  31 [SOLVED][   ] reward=  247.33  len= 159  streak(L,R)=(6,4)
  Ep  32 [SOLVED][   ] reward=  274.54  len= 597  streak(L,R)=(30,6)
  Ep  33 [SOLVED][   ] reward=  267.15  len= 217  streak(L,R)=(28,5)
  Ep  34 [SOLVED][   ] reward=  282.10  len= 238  streak(L,R)=(8,13)
  Ep  35 [SOLVED][   ] reward=  300.95  len= 228  streak(L,R)=(25,14)
  Ep  36 [SOLVED][   ] reward=  262.82  len= 253  streak(L,R)=(7,10)
  Ep  37 [SOLVED][   ] reward=  282.39  len= 194  streak(L,R)=(5,3)
  Ep  38 [SOLVED][   ] reward=  288.30  len= 248  streak(L,R)=(6,12)
  Ep  39 [    ][LOW] reward=   -7.44  len= 146  streak(L,R)=(26,14)
  Ep  40 [SOLVED][   ] reward=  242.05  len= 157  streak(L,R)=(2,1)
  Ep  41 [    ][   ] reward=   54.48  len= 145  streak(L,R)=(19,14)
  Ep  42 [SOLVED][   ] reward=  269.40  len= 183  streak(L,R)=(4,7)
  Ep  43 [SOLVED][   ] reward=  293.63  len= 211  streak(L,R)=(19,17)
  Ep  44 [SOLVED][   ] reward=  303.43  len= 197  streak(L,R)=(12,7)
  Ep  45 [SOLVED][   ] reward=  296.65  len= 208  streak(L,R)=(16,14)
  Ep  46 [SOLVED][   ] reward=  289.34  len= 135  streak(L,R)=(2,4)
  Ep  47 [    ][   ] reward=  129.05  len=1000  streak(L,R)=(5,5)
  Ep  48 [SOLVED][   ] reward=  264.16  len= 156  streak(L,R)=(4,3)
  Ep  49 [SOLVED][   ] reward=  255.25  len= 155  streak(L,R)=(7,5)
  Ep  50 [SOLVED][   ] reward=  255.06  len= 157  streak(L,R)=(2,3)
  Ep  51 [    ][   ] reward=   71.63  len= 148  streak(L,R)=(19,15)
  Ep  52 [    ][   ] reward=   34.98  len= 148  streak(L,R)=(28,17)
  Ep  53 [SOLVED][   ] reward=  261.22  len= 139  streak(L,R)=(2,2)
  Ep  54 [    ][   ] reward=   18.73  len= 201  streak(L,R)=(4,2)
  Ep  55 [SOLVED][   ] reward=  259.71  len= 185  streak(L,R)=(8,4)
  Ep  56 [SOLVED][   ] reward=  259.91  len= 182  streak(L,R)=(3,2)
  Ep  57 [    ][   ] reward=   54.62  len= 122  streak(L,R)=(13,14)
  Ep  58 [SOLVED][   ] reward=  255.58  len= 183  streak(L,R)=(4,5)
  Ep  59 [SOLVED][   ] reward=  261.52  len= 150  streak(L,R)=(2,2)
  Ep  60 [SOLVED][   ] reward=  289.25  len= 211  streak(L,R)=(7,16)
  Ep  61 [SOLVED][   ] reward=  281.03  len= 210  streak(L,R)=(6,18)
  Ep  62 [SOLVED][   ] reward=  288.89  len= 184  streak(L,R)=(11,16)
  Ep  63 [SOLVED][   ] reward=  248.15  len= 171  streak(L,R)=(9,2)
  Ep  64 [SOLVED][   ] reward=  294.18  len= 142  streak(L,R)=(2,3)
  Ep  65 [SOLVED][   ] reward=  279.53  len= 238  streak(L,R)=(4,10)
  Ep  66 [SOLVED][   ] reward=  277.46  len= 144  streak(L,R)=(2,5)
  Ep  67 [    ][   ] reward=   53.16  len= 162  streak(L,R)=(23,14)
  Ep  68 [    ][   ] reward=  155.55  len=1000  streak(L,R)=(7,10)
  Ep  69 [SOLVED][   ] reward=  282.15  len= 230  streak(L,R)=(9,5)
  Ep  70 [SOLVED][   ] reward=  236.55  len= 327  streak(L,R)=(2,10)
  Ep  71 [SOLVED][   ] reward=  250.10  len= 163  streak(L,R)=(3,3)
  Ep  72 [SOLVED][   ] reward=  261.96  len= 650  streak(L,R)=(31,7)
  Ep  73 [SOLVED][   ] reward=  224.82  len= 461  streak(L,R)=(7,20)
  Ep  74 [SOLVED][   ] reward=  236.28  len= 884  streak(L,R)=(27,6)
  Ep  75 [SOLVED][   ] reward=  284.31  len= 252  streak(L,R)=(13,11)
  Ep  76 [SOLVED][   ] reward=  310.29  len= 192  streak(L,R)=(13,14)
  Ep  77 [SOLVED][   ] reward=  292.36  len= 153  streak(L,R)=(4,8)
  Ep  78 [SOLVED][   ] reward=  273.94  len= 210  streak(L,R)=(6,11)
  Ep  79 [SOLVED][   ] reward=  258.56  len= 145  streak(L,R)=(2,4)
  Ep  80 [    ][   ] reward=  164.35  len= 819  streak(L,R)=(93,5)
  Ep  81 [SOLVED][   ] reward=  259.29  len= 155  streak(L,R)=(7,2)
  Ep  82 [SOLVED][   ] reward=  262.08  len= 180  streak(L,R)=(4,7)
  Ep  83 [SOLVED][   ] reward=  266.17  len= 217  streak(L,R)=(3,4)
  Ep  84 [SOLVED][   ] reward=  248.92  len= 489  streak(L,R)=(30,35)
  Ep  85 [    ][   ] reward=   63.77  len= 147  streak(L,R)=(17,17)
  Ep  86 [SOLVED][   ] reward=  246.69  len= 199  streak(L,R)=(4,2)
  Ep  87 [SOLVED][   ] reward=  265.46  len= 277  streak(L,R)=(6,28)
  Ep  88 [    ][   ] reward=   73.84  len= 155  streak(L,R)=(19,16)
  Ep  89 [    ][   ] reward=   27.49  len= 194  streak(L,R)=(7,3)
  Ep  90 [SOLVED][   ] reward=  309.06  len= 184  streak(L,R)=(11,7)
  Ep  91 [    ][   ] reward=  128.97  len=1000  streak(L,R)=(29,1)
  Ep  92 [SOLVED][   ] reward=  278.39  len= 186  streak(L,R)=(4,8)
  Ep  93 [    ][   ] reward=   71.01  len= 136  streak(L,R)=(17,15)
  Ep  94 [SOLVED][   ] reward=  277.90  len= 288  streak(L,R)=(22,23)
  Ep  95 [    ][   ] reward=  131.65  len=1000  streak(L,R)=(6,4)
  Ep  96 [SOLVED][   ] reward=  231.92  len= 472  streak(L,R)=(3,8)
  Ep  97 [SOLVED][   ] reward=  278.93  len= 403  streak(L,R)=(32,7)
  Ep  98 [SOLVED][   ] reward=  281.49  len= 180  streak(L,R)=(4,9)
  Ep  99 [SOLVED][   ] reward=  246.30  len= 154  streak(L,R)=(6,3)
  Ep 100 [SOLVED][   ] reward=  298.51  len= 193  streak(L,R)=(10,13)
==============================
Diagnostic Summary
  Mean reward   : 220.95   Median: 259.81   Std: 90.09
  Min / Max     : -134.02 / 310.29
  Solved (>=200): 74/100 (74.0%)
  Low (<0)      : 2/100 (2.0%)
  Mean length   : 321.1
  Action %      : no_op=25.2%, fire_left_orientation_engine=31.3%, fire_main_engine=26.5%, fire_right_orientation_engine=17.0%
  Max side streak: L=93, R=35
  Report saved  : dueling_dqn_benchmark_b_5000_5099.json
==============================
