Starting diagnostic evaluation: 100 episodes, base seed 5000 (no rendering)...
  Ep   1 [SOLVED][   ] reward=  236.69  len= 251  streak(L,R)=(29,10)
  Ep   2 [SOLVED][   ] reward=  270.19  len= 228  streak(L,R)=(4,27)
  Ep   3 [    ][   ] reward=  175.11  len=1000  streak(L,R)=(6,8)
  Ep   4 [    ][   ] reward=   86.30  len=1000  streak(L,R)=(18,13)
  Ep   5 [    ][   ] reward=   32.90  len= 106  streak(L,R)=(1,1)
  Ep   6 [SOLVED][   ] reward=  296.35  len= 249  streak(L,R)=(16,11)
  Ep   7 [SOLVED][   ] reward=  297.46  len= 190  streak(L,R)=(10,3)
  Ep   8 [SOLVED][   ] reward=  276.92  len= 137  streak(L,R)=(1,4)
  Ep   9 [SOLVED][   ] reward=  298.76  len= 164  streak(L,R)=(15,12)
  Ep  10 [SOLVED][   ] reward=  297.33  len= 233  streak(L,R)=(14,9)
  Ep  11 [    ][   ] reward=   57.37  len= 119  streak(L,R)=(8,3)
  Ep  12 [SOLVED][   ] reward=  260.91  len= 250  streak(L,R)=(4,30)
  Ep  13 [SOLVED][   ] reward=  303.16  len= 197  streak(L,R)=(9,3)
  Ep  14 [SOLVED][   ] reward=  238.70  len= 292  streak(L,R)=(1,32)
  Ep  15 [    ][   ] reward=   51.99  len= 150  streak(L,R)=(13,6)
  Ep  16 [    ][   ] reward=  160.12  len=1000  streak(L,R)=(3,6)
  Ep  17 [    ][   ] reward=  157.23  len=1000  streak(L,R)=(8,4)
  Ep  18 [    ][   ] reward=  183.33  len=1000  streak(L,R)=(10,12)
  Ep  19 [    ][   ] reward=  134.58  len=1000  streak(L,R)=(2,6)
  Ep  20 [SOLVED][   ] reward=  282.67  len= 150  streak(L,R)=(1,1)
  Ep  21 [SOLVED][   ] reward=  277.40  len= 279  streak(L,R)=(16,12)
  Ep  22 [    ][   ] reward=   13.62  len= 100  streak(L,R)=(2,12)
  Ep  23 [    ][   ] reward=  132.32  len=1000  streak(L,R)=(3,31)
  Ep  24 [SOLVED][   ] reward=  278.28  len= 199  streak(L,R)=(6,2)
  Ep  25 [SOLVED][   ] reward=  288.28  len= 194  streak(L,R)=(14,5)
  Ep  26 [    ][   ] reward=   55.74  len= 136  streak(L,R)=(13,3)
  Ep  27 [SOLVED][   ] reward=  277.15  len= 205  streak(L,R)=(8,4)
  Ep  28 [    ][   ] reward=  127.37  len=1000  streak(L,R)=(3,6)
  Ep  29 [    ][   ] reward=   52.06  len= 140  streak(L,R)=(13,3)
  Ep  30 [    ][LOW] reward= -118.71  len=  96  streak(L,R)=(2,14)
  Ep  31 [    ][   ] reward=  127.16  len=1000  streak(L,R)=(3,6)
  Ep  32 [SOLVED][   ] reward=  305.53  len= 211  streak(L,R)=(9,6)
  Ep  33 [    ][   ] reward=  180.41  len=1000  streak(L,R)=(13,9)
  Ep  34 [SOLVED][   ] reward=  287.16  len= 314  streak(L,R)=(44,13)
  Ep  35 [SOLVED][   ] reward=  300.20  len= 238  streak(L,R)=(12,14)
  Ep  36 [SOLVED][   ] reward=  284.89  len= 170  streak(L,R)=(4,7)
  Ep  37 [    ][   ] reward=   25.87  len= 141  streak(L,R)=(2,2)
  Ep  38 [SOLVED][   ] reward=  299.22  len= 162  streak(L,R)=(24,12)
  Ep  39 [    ][LOW] reward=  -48.58  len= 497  streak(L,R)=(11,15)
  Ep  40 [SOLVED][   ] reward=  261.85  len= 191  streak(L,R)=(4,5)
  Ep  41 [    ][LOW] reward=  -35.97  len= 106  streak(L,R)=(2,14)
  Ep  42 [SOLVED][   ] reward=  253.53  len= 257  streak(L,R)=(8,29)
  Ep  43 [SOLVED][   ] reward=  275.51  len= 238  streak(L,R)=(13,28)
  Ep  44 [SOLVED][   ] reward=  291.52  len= 251  streak(L,R)=(11,9)
  Ep  45 [    ][   ] reward=  139.34  len=1000  streak(L,R)=(7,14)
  Ep  46 [    ][   ] reward=  171.71  len=1000  streak(L,R)=(1,6)
  Ep  47 [SOLVED][   ] reward=  279.25  len= 169  streak(L,R)=(10,2)
  Ep  48 [SOLVED][   ] reward=  246.94  len= 144  streak(L,R)=(2,31)
  Ep  49 [    ][   ] reward=   90.01  len=1000  streak(L,R)=(50,8)
  Ep  50 [    ][   ] reward=   23.71  len= 111  streak(L,R)=(3,1)
  Ep  51 [SOLVED][   ] reward=  298.88  len= 266  streak(L,R)=(12,15)
  Ep  52 [    ][   ] reward=  184.66  len=1000  streak(L,R)=(14,16)
  Ep  53 [    ][   ] reward=  143.69  len=1000  streak(L,R)=(1,7)
  Ep  54 [SOLVED][   ] reward=  273.00  len= 150  streak(L,R)=(4,2)
  Ep  55 [    ][   ] reward=  145.61  len=1000  streak(L,R)=(6,2)
  Ep  56 [    ][   ] reward=  145.16  len=1000  streak(L,R)=(8,9)
  Ep  57 [    ][LOW] reward= -202.35  len= 285  streak(L,R)=(24,12)
  Ep  58 [SOLVED][   ] reward=  235.70  len= 243  streak(L,R)=(9,29)
  Ep  59 [SOLVED][   ] reward=  270.33  len= 166  streak(L,R)=(2,4)
  Ep  60 [SOLVED][   ] reward=  271.22  len= 258  streak(L,R)=(5,28)
  Ep  61 [SOLVED][   ] reward=  293.32  len= 231  streak(L,R)=(12,7)
  Ep  62 [SOLVED][   ] reward=  255.72  len= 228  streak(L,R)=(25,3)
  Ep  63 [    ][   ] reward=   30.69  len= 119  streak(L,R)=(6,2)
  Ep  64 [    ][   ] reward=  176.07  len=1000  streak(L,R)=(1,5)
  Ep  65 [SOLVED][   ] reward=  257.13  len= 207  streak(L,R)=(80,7)
  Ep  66 [SOLVED][   ] reward=  257.45  len= 232  streak(L,R)=(2,28)
  Ep  67 [    ][LOW] reward=  -66.15  len= 104  streak(L,R)=(1,15)
  Ep  68 [SOLVED][   ] reward=  292.24  len= 240  streak(L,R)=(12,7)
  Ep  69 [SOLVED][   ] reward=  304.13  len= 248  streak(L,R)=(16,13)
  Ep  70 [SOLVED][   ] reward=  261.22  len= 267  streak(L,R)=(5,28)
  Ep  71 [    ][   ] reward=  127.32  len=1000  streak(L,R)=(3,6)
  Ep  72 [SOLVED][   ] reward=  292.24  len= 229  streak(L,R)=(11,4)
  Ep  73 [    ][   ] reward=   70.83  len=1000  streak(L,R)=(13,10)
  Ep  74 [    ][   ] reward=   44.43  len= 141  streak(L,R)=(10,4)
  Ep  75 [SOLVED][   ] reward=  244.95  len= 491  streak(L,R)=(13,18)
  Ep  76 [SOLVED][   ] reward=  264.50  len= 236  streak(L,R)=(11,51)
  Ep  77 [SOLVED][   ] reward=  301.37  len= 162  streak(L,R)=(5,10)
  Ep  78 [SOLVED][   ] reward=  291.18  len= 226  streak(L,R)=(13,7)
  Ep  79 [    ][   ] reward=  140.84  len=1000  streak(L,R)=(3,6)
  Ep  80 [    ][   ] reward=   50.38  len= 145  streak(L,R)=(9,4)
  Ep  81 [SOLVED][   ] reward=  272.74  len= 139  streak(L,R)=(1,1)
  Ep  82 [    ][   ] reward=  155.53  len=1000  streak(L,R)=(7,10)
  Ep  83 [    ][   ] reward=  170.43  len=1000  streak(L,R)=(7,7)
  Ep  84 [SOLVED][   ] reward=  263.01  len= 207  streak(L,R)=(11,3)
  Ep  85 [    ][LOW] reward=   -7.68  len= 131  streak(L,R)=(2,11)
  Ep  86 [SOLVED][   ] reward=  276.22  len= 166  streak(L,R)=(7,2)
  Ep  87 [SOLVED][   ] reward=  281.82  len= 189  streak(L,R)=(4,12)
  Ep  88 [    ][   ] reward=  193.17  len=1000  streak(L,R)=(15,15)
  Ep  89 [SOLVED][   ] reward=  296.98  len= 242  streak(L,R)=(13,5)
  Ep  90 [SOLVED][   ] reward=  306.22  len= 238  streak(L,R)=(14,11)
  Ep  91 [SOLVED][   ] reward=  257.01  len= 203  streak(L,R)=(5,7)
  Ep  92 [    ][   ] reward=   34.53  len= 137  streak(L,R)=(4,3)
  Ep  93 [    ][LOW] reward=  -16.46  len= 105  streak(L,R)=(2,13)
  Ep  94 [    ][LOW] reward=  -50.25  len= 117  streak(L,R)=(3,16)
  Ep  95 [SOLVED][   ] reward=  284.10  len= 222  streak(L,R)=(12,7)
  Ep  96 [SOLVED][   ] reward=  296.26  len= 159  streak(L,R)=(24,12)
  Ep  97 [    ][   ] reward=   76.25  len= 184  streak(L,R)=(14,5)
  Ep  98 [    ][   ] reward=  160.05  len=1000  streak(L,R)=(4,8)
  Ep  99 [SOLVED][   ] reward=  250.46  len= 146  streak(L,R)=(4,2)
  Ep 100 [SOLVED][   ] reward=  271.86  len= 217  streak(L,R)=(15,33)
==============================
Diagnostic Summary
  Mean reward   : 186.69   Median: 245.94   Std: 116.27
  Min / Max     : -202.35 / 306.22
  Solved (>=200): 54/100 (54.0%)
  Low (<0)      : 8/100 (8.0%)
  Mean length   : 399.4
  Action %      : no_op=32.9%, fire_left_orientation_engine=11.8%, fire_main_engine=21.4%, fire_right_orientation_engine=33.9%
  Max side streak: L=80, R=51
  Report saved  : lr1e-3_benchmark_b.json
==============================
