Starting diagnostic evaluation: 50 episodes, base seed 1234 (no rendering)...
  Ep   1 [    ][   ] reward=   73.01  len= 170  streak(L,R)=(15,8)
  Ep   2 [    ][   ] reward=  137.04  len=1000  streak(L,R)=(4,9)
  Ep   3 [    ][   ] reward=   41.17  len= 125  streak(L,R)=(5,5)
  Ep   4 [    ][   ] reward=   26.10  len= 103  streak(L,R)=(3,13)
  Ep   5 [    ][   ] reward=   20.24  len= 107  streak(L,R)=(1,1)
  Ep   6 [SOLVED][   ] reward=  284.17  len= 319  streak(L,R)=(14,6)
  Ep   7 [    ][   ] reward=   28.07  len= 124  streak(L,R)=(14,14)
  Ep   8 [SOLVED][   ] reward=  301.10  len= 233  streak(L,R)=(15,11)
  Ep   9 [    ][   ] reward=   76.37  len= 168  streak(L,R)=(13,9)
  Ep  10 [    ][   ] reward=   75.98  len= 145  streak(L,R)=(15,12)
  Ep  11 [    ][   ] reward=   47.91  len= 141  streak(L,R)=(16,9)
  Ep  12 [    ][LOW] reward= -132.56  len=  95  streak(L,R)=(1,16)
  Ep  13 [SOLVED][   ] reward=  221.83  len= 282  streak(L,R)=(12,4)
  Ep  14 [SOLVED][   ] reward=  274.67  len= 182  streak(L,R)=(7,1)
  Ep  15 [SOLVED][   ] reward=  286.34  len= 194  streak(L,R)=(10,2)
  Ep  16 [SOLVED][   ] reward=  283.21  len= 218  streak(L,R)=(14,2)
  Ep  17 [SOLVED][   ] reward=  258.72  len= 156  streak(L,R)=(4,3)
  Ep  18 [SOLVED][   ] reward=  233.76  len= 349  streak(L,R)=(2,32)
  Ep  19 [SOLVED][   ] reward=  263.36  len= 158  streak(L,R)=(2,4)
  Ep  20 [    ][LOW] reward= -192.98  len= 281  streak(L,R)=(9,16)
  Ep  21 [    ][   ] reward=   73.04  len= 163  streak(L,R)=(12,3)
  Ep  22 [SOLVED][   ] reward=  302.83  len= 223  streak(L,R)=(13,8)
  Ep  23 [SOLVED][   ] reward=  269.08  len= 220  streak(L,R)=(6,5)
  Ep  24 [    ][LOW] reward=   -3.23  len= 110  streak(L,R)=(2,14)
  Ep  25 [SOLVED][   ] reward=  273.10  len= 154  streak(L,R)=(1,2)
  Ep  26 [    ][   ] reward=   59.52  len= 152  streak(L,R)=(14,12)
  Ep  27 [    ][   ] reward=   15.19  len= 106  streak(L,R)=(2,13)
  Ep  28 [SOLVED][   ] reward=  258.33  len= 203  streak(L,R)=(8,28)
  Ep  29 [SOLVED][   ] reward=  240.64  len= 209  streak(L,R)=(5,34)
  Ep  30 [    ][   ] reward=   31.34  len= 100  streak(L,R)=(3,11)
  Ep  31 [    ][   ] reward=   47.12  len= 180  streak(L,R)=(15,10)
  Ep  32 [SOLVED][   ] reward=  283.06  len= 252  streak(L,R)=(19,13)
  Ep  33 [    ][   ] reward=   53.94  len= 149  streak(L,R)=(14,8)
  Ep  34 [    ][   ] reward=   40.64  len= 101  streak(L,R)=(1,5)
  Ep  35 [    ][LOW] reward=  -53.33  len= 104  streak(L,R)=(2,14)
  Ep  36 [SOLVED][   ] reward=  264.30  len= 191  streak(L,R)=(1,28)
  Ep  37 [    ][LOW] reward= -147.27  len=  97  streak(L,R)=(2,16)
  Ep  38 [    ][   ] reward=   63.74  len= 156  streak(L,R)=(15,9)
  Ep  39 [    ][   ] reward=  185.22  len=1000  streak(L,R)=(15,12)
  Ep  40 [SOLVED][   ] reward=  274.59  len= 165  streak(L,R)=(7,3)
  Ep  41 [SOLVED][   ] reward=  259.95  len= 201  streak(L,R)=(6,28)
  Ep  42 [SOLVED][   ] reward=  280.34  len= 220  streak(L,R)=(8,5)
  Ep  43 [SOLVED][   ] reward=  262.51  len= 325  streak(L,R)=(3,27)
  Ep  44 [SOLVED][   ] reward=  284.46  len= 193  streak(L,R)=(2,5)
  Ep  45 [SOLVED][   ] reward=  290.92  len= 189  streak(L,R)=(15,7)
  Ep  46 [SOLVED][   ] reward=  265.72  len= 168  streak(L,R)=(24,6)
  Ep  47 [    ][   ] reward=   56.97  len= 136  streak(L,R)=(15,7)
  Ep  48 [    ][   ] reward=   63.59  len= 161  streak(L,R)=(13,7)
  Ep  49 [    ][LOW] reward=  -36.93  len= 118  streak(L,R)=(2,14)
  Ep  50 [    ][   ] reward=   34.97  len= 139  streak(L,R)=(4,3)
==============================
Diagnostic Summary
  Mean reward   : 138.04   Median: 106.70   Std: 135.83
  Min / Max     : -192.98 / 302.83
  Solved (>=200): 23/50 (46.0%)
  Low (<0)      : 6/50 (12.0%)
  Mean length   : 208.7
  Action %      : no_op=28.1%, fire_left_orientation_engine=16.0%, fire_main_engine=34.7%, fire_right_orientation_engine=21.2%
  Max side streak: L=24, R=34
  Report saved  : lr1e-3_benchmark_a.json
==============================
