Starting diagnostic evaluation: 50 episodes, base seed 1234 (no rendering)...
  Ep   1 [    ][   ] reward=   42.30  len= 146  streak(L,R)=(3,2)
  Ep   2 [SOLVED][   ] reward=  255.17  len= 227  streak(L,R)=(7,2)
  Ep   3 [SOLVED][   ] reward=  213.62  len= 301  streak(L,R)=(3,2)
  Ep   4 [SOLVED][   ] reward=  264.41  len= 513  streak(L,R)=(11,8)
  Ep   5 [SOLVED][   ] reward=  238.90  len= 225  streak(L,R)=(3,2)
  Ep   6 [    ][   ] reward=  195.16  len= 481  streak(L,R)=(97,2)
  Ep   7 [SOLVED][   ] reward=  246.95  len= 441  streak(L,R)=(8,3)
  Ep   8 [    ][   ] reward=   48.07  len= 172  streak(L,R)=(8,5)
  Ep   9 [    ][   ] reward=   38.77  len=1000  streak(L,R)=(52,2)
  Ep  10 [SOLVED][   ] reward=  245.87  len= 169  streak(L,R)=(7,47)
  Ep  11 [SOLVED][   ] reward=  255.25  len= 244  streak(L,R)=(6,15)
  Ep  12 [SOLVED][   ] reward=  315.61  len= 224  streak(L,R)=(28,11)
  Ep  13 [SOLVED][   ] reward=  225.71  len= 308  streak(L,R)=(8,2)
  Ep  14 [SOLVED][   ] reward=  238.33  len= 194  streak(L,R)=(4,6)
  Ep  15 [    ][   ] reward=  110.39  len=1000  streak(L,R)=(2,2)
  Ep  16 [    ][   ] reward=  177.49  len= 710  streak(L,R)=(3,3)
  Ep  17 [SOLVED][   ] reward=  216.43  len= 196  streak(L,R)=(21,1)
  Ep  18 [SOLVED][   ] reward=  226.56  len= 302  streak(L,R)=(3,2)
  Ep  19 [SOLVED][   ] reward=  205.20  len= 408  streak(L,R)=(3,2)
  Ep  20 [SOLVED][   ] reward=  312.47  len= 267  streak(L,R)=(36,8)
  Ep  21 [    ][   ] reward=    4.78  len= 358  streak(L,R)=(3,6)
  Ep  22 [    ][   ] reward=    1.79  len= 232  streak(L,R)=(3,2)
  Ep  23 [SOLVED][   ] reward=  215.68  len= 216  streak(L,R)=(2,46)
  Ep  24 [SOLVED][   ] reward=  295.49  len= 263  streak(L,R)=(32,13)
  Ep  25 [SOLVED][   ] reward=  228.49  len= 179  streak(L,R)=(3,32)
  Ep  26 [SOLVED][   ] reward=  273.57  len= 528  streak(L,R)=(3,161)
  Ep  27 [    ][   ] reward=   21.52  len=  95  streak(L,R)=(3,8)
  Ep  28 [SOLVED][   ] reward=  251.63  len= 215  streak(L,R)=(14,2)
  Ep  29 [SOLVED][   ] reward=  241.44  len= 271  streak(L,R)=(22,2)
  Ep  30 [    ][   ] reward=   17.17  len=  98  streak(L,R)=(2,5)
  Ep  31 [    ][   ] reward=   12.52  len= 188  streak(L,R)=(3,2)
  Ep  32 [SOLVED][   ] reward=  280.38  len= 248  streak(L,R)=(32,7)
  Ep  33 [SOLVED][   ] reward=  224.11  len= 218  streak(L,R)=(2,39)
  Ep  34 [SOLVED][   ] reward=  261.84  len= 320  streak(L,R)=(14,10)
  Ep  35 [SOLVED][   ] reward=  298.43  len= 240  streak(L,R)=(20,6)
  Ep  36 [SOLVED][   ] reward=  253.69  len= 212  streak(L,R)=(6,2)
  Ep  37 [SOLVED][   ] reward=  304.43  len= 249  streak(L,R)=(17,11)
  Ep  38 [SOLVED][   ] reward=  204.28  len= 361  streak(L,R)=(72,2)
  Ep  39 [SOLVED][   ] reward=  207.06  len= 391  streak(L,R)=(64,3)
  Ep  40 [SOLVED][   ] reward=  231.60  len= 208  streak(L,R)=(21,1)
  Ep  41 [    ][   ] reward=  126.94  len=1000  streak(L,R)=(24,1)
  Ep  42 [    ][   ] reward=  168.31  len= 772  streak(L,R)=(26,2)
  Ep  43 [SOLVED][   ] reward=  257.81  len= 247  streak(L,R)=(18,2)
  Ep  44 [SOLVED][   ] reward=  238.22  len= 162  streak(L,R)=(2,27)
  Ep  45 [SOLVED][   ] reward=  226.21  len= 313  streak(L,R)=(3,2)
  Ep  46 [SOLVED][   ] reward=  282.34  len= 219  streak(L,R)=(7,1)
  Ep  47 [SOLVED][   ] reward=  243.21  len= 172  streak(L,R)=(6,24)
  Ep  48 [SOLVED][   ] reward=  227.08  len= 189  streak(L,R)=(2,44)
  Ep  49 [SOLVED][   ] reward=  286.32  len= 252  streak(L,R)=(24,5)
  Ep  50 [SOLVED][   ] reward=  251.94  len= 263  streak(L,R)=(10,3)
==============================
Diagnostic Summary
  Mean reward   : 204.22   Median: 230.04   Std: 88.50
  Min / Max     : 1.79 / 315.61
  Solved (>=200): 37/50 (74.0%)
  Low (<0)      : 0/50 (0.0%)
  Mean length   : 324.1
  Action %      : no_op=32.8%, fire_left_orientation_engine=15.8%, fire_main_engine=39.1%, fire_right_orientation_engine=12.3%
  Max side streak: L=97, R=161
  Report saved  : benchmark_a.json
==============================
