Starting diagnostic evaluation: 100 episodes, base seed 5000 (no rendering)...
  Ep   1 [SOLVED][   ] reward=  239.27  len= 248  streak(L,R)=(17,1)
  Ep   2 [SOLVED][   ] reward=  266.20  len= 231  streak(L,R)=(10,2)
  Ep   3 [SOLVED][   ] reward=  238.46  len= 418  streak(L,R)=(16,2)
  Ep   4 [SOLVED][   ] reward=  290.98  len= 200  streak(L,R)=(21,10)
  Ep   5 [SOLVED][   ] reward=  240.05  len= 279  streak(L,R)=(9,2)
  Ep   6 [    ][   ] reward=   78.33  len=1000  streak(L,R)=(4,2)
  Ep   7 [    ][   ] reward=    6.72  len= 148  streak(L,R)=(5,1)
  Ep   8 [SOLVED][   ] reward=  239.95  len= 184  streak(L,R)=(4,3)
  Ep   9 [SOLVED][   ] reward=  297.47  len= 195  streak(L,R)=(24,5)
  Ep  10 [SOLVED][   ] reward=  266.31  len= 519  streak(L,R)=(7,29)
  Ep  11 [SOLVED][   ] reward=  263.13  len= 479  streak(L,R)=(3,10)
  Ep  12 [SOLVED][   ] reward=  248.54  len= 297  streak(L,R)=(2,2)
  Ep  13 [    ][   ] reward=   27.65  len= 105  streak(L,R)=(6,1)
  Ep  14 [SOLVED][   ] reward=  230.57  len= 245  streak(L,R)=(21,1)
  Ep  15 [SOLVED][   ] reward=  274.24  len= 326  streak(L,R)=(8,17)
  Ep  16 [SOLVED][   ] reward=  259.47  len= 230  streak(L,R)=(13,2)
  Ep  17 [SOLVED][   ] reward=  228.06  len= 388  streak(L,R)=(2,3)
  Ep  18 [SOLVED][   ] reward=  287.12  len= 293  streak(L,R)=(30,6)
  Ep  19 [    ][   ] reward=  163.12  len= 736  streak(L,R)=(36,1)
  Ep  20 [SOLVED][   ] reward=  240.42  len= 177  streak(L,R)=(3,24)
  Ep  21 [    ][LOW] reward=  -19.54  len= 326  streak(L,R)=(9,2)
  Ep  22 [    ][   ] reward=   37.07  len=  85  streak(L,R)=(2,12)
  Ep  23 [SOLVED][   ] reward=  251.54  len= 225  streak(L,R)=(11,2)
  Ep  24 [SOLVED][   ] reward=  230.17  len= 158  streak(L,R)=(3,27)
  Ep  25 [    ][   ] reward=  154.60  len= 555  streak(L,R)=(83,2)
  Ep  26 [SOLVED][   ] reward=  232.15  len= 248  streak(L,R)=(3,1)
  Ep  27 [SOLVED][   ] reward=  274.42  len= 292  streak(L,R)=(6,14)
  Ep  28 [SOLVED][   ] reward=  212.42  len= 299  streak(L,R)=(2,2)
  Ep  29 [SOLVED][   ] reward=  218.71  len= 211  streak(L,R)=(1,35)
  Ep  30 [SOLVED][   ] reward=  305.40  len= 277  streak(L,R)=(34,8)
  Ep  31 [SOLVED][   ] reward=  217.88  len= 258  streak(L,R)=(19,1)
  Ep  32 [    ][   ] reward=   39.34  len= 114  streak(L,R)=(6,1)
  Ep  33 [    ][   ] reward=  174.71  len= 489  streak(L,R)=(39,2)
  Ep  34 [SOLVED][   ] reward=  281.92  len= 294  streak(L,R)=(32,7)
  Ep  35 [SOLVED][   ] reward=  291.95  len= 249  streak(L,R)=(21,6)
  Ep  36 [SOLVED][   ] reward=  271.49  len= 262  streak(L,R)=(32,5)
  Ep  37 [SOLVED][   ] reward=  265.22  len= 279  streak(L,R)=(6,3)
  Ep  38 [SOLVED][   ] reward=  282.87  len= 277  streak(L,R)=(24,9)
  Ep  39 [SOLVED][   ] reward=  303.65  len= 267  streak(L,R)=(22,8)
  Ep  40 [SOLVED][   ] reward=  210.89  len= 346  streak(L,R)=(3,2)
  Ep  41 [SOLVED][   ] reward=  313.26  len= 217  streak(L,R)=(25,14)
  Ep  42 [SOLVED][   ] reward=  242.81  len= 334  streak(L,R)=(2,1)
  Ep  43 [SOLVED][   ] reward=  260.98  len= 356  streak(L,R)=(13,5)
  Ep  44 [SOLVED][   ] reward=  237.28  len= 482  streak(L,R)=(7,3)
  Ep  45 [SOLVED][   ] reward=  300.54  len= 233  streak(L,R)=(29,12)
  Ep  46 [SOLVED][   ] reward=  256.99  len= 208  streak(L,R)=(13,2)
  Ep  47 [    ][   ] reward=  100.38  len=1000  streak(L,R)=(4,11)
  Ep  48 [    ][   ] reward=  197.39  len= 495  streak(L,R)=(2,3)
  Ep  49 [SOLVED][   ] reward=  232.70  len= 241  streak(L,R)=(4,3)
  Ep  50 [SOLVED][   ] reward=  230.00  len= 179  streak(L,R)=(7,1)
  Ep  51 [SOLVED][   ] reward=  290.72  len= 294  streak(L,R)=(33,7)
  Ep  52 [SOLVED][   ] reward=  295.53  len= 349  streak(L,R)=(29,10)
  Ep  53 [SOLVED][   ] reward=  225.41  len= 333  streak(L,R)=(13,2)
  Ep  54 [SOLVED][   ] reward=  203.91  len= 228  streak(L,R)=(16,2)
  Ep  55 [    ][   ] reward=  182.13  len= 298  streak(L,R)=(14,25)
  Ep  56 [SOLVED][   ] reward=  228.45  len= 310  streak(L,R)=(2,3)
  Ep  57 [SOLVED][   ] reward=  300.65  len= 169  streak(L,R)=(15,10)
  Ep  58 [SOLVED][   ] reward=  218.46  len= 225  streak(L,R)=(1,35)
  Ep  59 [SOLVED][   ] reward=  236.97  len= 185  streak(L,R)=(10,1)
  Ep  60 [    ][   ] reward=  133.50  len=1000  streak(L,R)=(45,5)
  Ep  61 [    ][   ] reward=   75.34  len=1000  streak(L,R)=(3,3)
  Ep  62 [SOLVED][   ] reward=  257.66  len= 262  streak(L,R)=(20,5)
  Ep  63 [SOLVED][   ] reward=  228.80  len= 175  streak(L,R)=(12,1)
  Ep  64 [SOLVED][   ] reward=  264.55  len= 371  streak(L,R)=(3,8)
  Ep  65 [SOLVED][   ] reward=  277.15  len= 243  streak(L,R)=(26,5)
  Ep  66 [SOLVED][   ] reward=  246.94  len= 275  streak(L,R)=(2,4)
  Ep  67 [SOLVED][   ] reward=  297.86  len= 285  streak(L,R)=(33,7)
  Ep  68 [SOLVED][   ] reward=  246.38  len= 317  streak(L,R)=(2,3)
  Ep  69 [    ][   ] reward=  141.07  len=1000  streak(L,R)=(5,10)
  Ep  70 [SOLVED][   ] reward=  233.85  len= 313  streak(L,R)=(14,2)
  Ep  71 [    ][   ] reward=   98.69  len=1000  streak(L,R)=(28,2)
  Ep  72 [SOLVED][   ] reward=  218.83  len= 228  streak(L,R)=(2,68)
  Ep  73 [    ][LOW] reward= -159.38  len= 403  streak(L,R)=(7,2)
  Ep  74 [SOLVED][   ] reward=  227.83  len= 441  streak(L,R)=(2,25)
  Ep  75 [SOLVED][   ] reward=  278.58  len= 269  streak(L,R)=(24,4)
  Ep  76 [    ][   ] reward=   30.00  len= 117  streak(L,R)=(5,10)
  Ep  77 [SOLVED][   ] reward=  269.72  len= 247  streak(L,R)=(15,4)
  Ep  78 [    ][LOW] reward=  -91.68  len= 494  streak(L,R)=(6,2)
  Ep  79 [SOLVED][   ] reward=  212.41  len= 207  streak(L,R)=(2,41)
  Ep  80 [    ][LOW] reward= -300.71  len= 269  streak(L,R)=(20,2)
  Ep  81 [    ][   ] reward=  174.25  len= 649  streak(L,R)=(28,2)
  Ep  82 [SOLVED][   ] reward=  230.38  len= 342  streak(L,R)=(10,2)
  Ep  83 [SOLVED][   ] reward=  276.40  len= 220  streak(L,R)=(15,2)
  Ep  84 [SOLVED][   ] reward=  273.00  len= 270  streak(L,R)=(25,20)
  Ep  85 [SOLVED][   ] reward=  285.83  len= 342  streak(L,R)=(31,8)
  Ep  86 [SOLVED][   ] reward=  232.76  len= 174  streak(L,R)=(5,1)
  Ep  87 [SOLVED][   ] reward=  276.75  len= 256  streak(L,R)=(31,5)
  Ep  88 [SOLVED][   ] reward=  290.03  len= 299  streak(L,R)=(9,9)
  Ep  89 [    ][   ] reward=  198.87  len= 510  streak(L,R)=(43,27)
  Ep  90 [SOLVED][   ] reward=  262.34  len= 431  streak(L,R)=(7,2)
  Ep  91 [    ][   ] reward=   68.72  len=1000  streak(L,R)=(4,2)
  Ep  92 [SOLVED][   ] reward=  268.30  len= 194  streak(L,R)=(2,2)
  Ep  93 [SOLVED][   ] reward=  320.06  len= 206  streak(L,R)=(30,13)
  Ep  94 [SOLVED][   ] reward=  300.80  len= 278  streak(L,R)=(45,9)
  Ep  95 [SOLVED][   ] reward=  231.60  len= 299  streak(L,R)=(3,9)
  Ep  96 [SOLVED][   ] reward=  261.82  len= 380  streak(L,R)=(10,5)
  Ep  97 [    ][   ] reward=   96.19  len=1000  streak(L,R)=(5,3)
  Ep  98 [SOLVED][   ] reward=  244.60  len= 241  streak(L,R)=(18,1)
  Ep  99 [    ][   ] reward=  174.07  len= 483  streak(L,R)=(16,28)
  Ep 100 [SOLVED][   ] reward=  296.79  len= 210  streak(L,R)=(19,11)
==============================
Diagnostic Summary
  Mean reward   : 211.28   Median: 238.87   Std: 102.74
  Min / Max     : -300.71 / 320.06
  Solved (>=200): 75/100 (75.0%)
  Low (<0)      : 4/100 (4.0%)
  Mean length   : 350.4
  Action %      : no_op=33.6%, fire_left_orientation_engine=17.3%, fire_main_engine=36.5%, fire_right_orientation_engine=12.6%
  Max side streak: L=83, R=68
  Report saved  : benchmark_b.json
==============================
