Starting diagnostic evaluation: 100 episodes, base seed 5000 (no rendering)...
  Ep   1 [SOLVED][   ] reward=  257.80  len= 341  streak(L,R)=(3,2)
  Ep   2 [SOLVED][   ] reward=  281.24  len= 180  streak(L,R)=(8,6)
  Ep   3 [SOLVED][   ] reward=  282.57  len= 207  streak(L,R)=(3,6)
  Ep   4 [SOLVED][   ] reward=  293.19  len= 197  streak(L,R)=(5,11)
  Ep   5 [SOLVED][   ] reward=  250.28  len= 282  streak(L,R)=(1,22)
  Ep   6 [SOLVED][   ] reward=  226.76  len= 423  streak(L,R)=(33,6)
  Ep   7 [SOLVED][   ] reward=  285.46  len= 230  streak(L,R)=(14,9)
  Ep   8 [    ][   ] reward=  133.49  len=1000  streak(L,R)=(31,3)
  Ep   9 [SOLVED][   ] reward=  291.64  len= 230  streak(L,R)=(5,22)
  Ep  10 [SOLVED][   ] reward=  293.85  len= 240  streak(L,R)=(11,3)
  Ep  11 [SOLVED][   ] reward=  268.56  len= 306  streak(L,R)=(12,41)
  Ep  12 [SOLVED][   ] reward=  266.15  len= 205  streak(L,R)=(5,2)
  Ep  13 [SOLVED][   ] reward=  283.61  len= 829  streak(L,R)=(20,6)
  Ep  14 [SOLVED][   ] reward=  248.26  len= 211  streak(L,R)=(5,4)
  Ep  15 [SOLVED][   ] reward=  274.49  len= 280  streak(L,R)=(12,6)
  Ep  16 [SOLVED][   ] reward=  263.42  len= 220  streak(L,R)=(4,5)
  Ep  17 [SOLVED][   ] reward=  239.10  len= 244  streak(L,R)=(4,2)
  Ep  18 [SOLVED][   ] reward=  268.86  len= 225  streak(L,R)=(18,5)
  Ep  19 [SOLVED][   ] reward=  248.87  len= 152  streak(L,R)=(5,1)
  Ep  20 [SOLVED][   ] reward=  258.55  len= 749  streak(L,R)=(29,4)
  Ep  21 [    ][   ] reward=   24.07  len= 262  streak(L,R)=(14,5)
  Ep  22 [    ][   ] reward=   12.35  len=  94  streak(L,R)=(3,10)
  Ep  23 [SOLVED][   ] reward=  251.45  len= 222  streak(L,R)=(5,5)
  Ep  24 [    ][   ] reward=  131.94  len=1000  streak(L,R)=(10,3)
  Ep  25 [SOLVED][   ] reward=  221.19  len= 280  streak(L,R)=(48,3)
  Ep  26 [SOLVED][   ] reward=  278.09  len= 253  streak(L,R)=(9,4)
  Ep  27 [SOLVED][   ] reward=  263.04  len= 300  streak(L,R)=(10,12)
  Ep  28 [SOLVED][   ] reward=  237.24  len= 155  streak(L,R)=(1,1)
  Ep  29 [SOLVED][   ] reward=  235.16  len= 473  streak(L,R)=(13,17)
  Ep  30 [SOLVED][   ] reward=  293.99  len= 267  streak(L,R)=(8,31)
  Ep  31 [SOLVED][   ] reward=  228.17  len= 226  streak(L,R)=(3,2)
  Ep  32 [SOLVED][   ] reward=  302.26  len= 202  streak(L,R)=(9,9)
  Ep  33 [    ][   ] reward=  144.89  len=1000  streak(L,R)=(23,7)
  Ep  34 [SOLVED][   ] reward=  286.95  len= 206  streak(L,R)=(3,8)
  Ep  35 [    ][   ] reward=  165.95  len=1000  streak(L,R)=(20,6)
  Ep  36 [SOLVED][   ] reward=  275.12  len= 223  streak(L,R)=(2,7)
  Ep  37 [SOLVED][   ] reward=  281.04  len= 227  streak(L,R)=(6,2)
  Ep  38 [SOLVED][   ] reward=  283.53  len= 245  streak(L,R)=(2,7)
  Ep  39 [SOLVED][   ] reward=  297.27  len= 216  streak(L,R)=(32,3)
  Ep  40 [SOLVED][   ] reward=  241.08  len= 279  streak(L,R)=(27,4)
  Ep  41 [SOLVED][   ] reward=  300.15  len= 237  streak(L,R)=(3,8)
  Ep  42 [    ][   ] reward=  190.50  len= 545  streak(L,R)=(6,13)
  Ep  43 [SOLVED][   ] reward=  276.19  len= 301  streak(L,R)=(1,27)
  Ep  44 [    ][   ] reward=   52.32  len=  89  streak(L,R)=(10,3)
  Ep  45 [SOLVED][   ] reward=  286.53  len= 190  streak(L,R)=(13,30)
  Ep  46 [SOLVED][   ] reward=  279.32  len= 176  streak(L,R)=(4,3)
  Ep  47 [SOLVED][   ] reward=  241.55  len= 301  streak(L,R)=(53,4)
  Ep  48 [SOLVED][   ] reward=  258.80  len= 208  streak(L,R)=(3,2)
  Ep  49 [SOLVED][   ] reward=  250.86  len= 223  streak(L,R)=(4,2)
  Ep  50 [SOLVED][   ] reward=  234.62  len= 309  streak(L,R)=(54,5)
  Ep  51 [SOLVED][   ] reward=  291.42  len= 257  streak(L,R)=(5,3)
  Ep  52 [SOLVED][   ] reward=  304.60  len= 271  streak(L,R)=(5,6)
  Ep  53 [SOLVED][   ] reward=  257.26  len= 139  streak(L,R)=(3,1)
  Ep  54 [    ][LOW] reward=   -9.20  len= 219  streak(L,R)=(6,4)
  Ep  55 [SOLVED][   ] reward=  257.97  len= 154  streak(L,R)=(9,2)
  Ep  56 [    ][   ] reward=   27.76  len= 112  streak(L,R)=(3,3)
  Ep  57 [SOLVED][   ] reward=  308.36  len= 198  streak(L,R)=(4,9)
  Ep  58 [SOLVED][   ] reward=  246.73  len= 197  streak(L,R)=(4,2)
  Ep  59 [SOLVED][   ] reward=  262.88  len= 221  streak(L,R)=(59,6)
  Ep  60 [    ][LOW] reward=  -31.30  len=1000  streak(L,R)=(3,3)
  Ep  61 [SOLVED][   ] reward=  282.46  len= 268  streak(L,R)=(11,6)
  Ep  62 [SOLVED][   ] reward=  278.39  len= 255  streak(L,R)=(6,1)
  Ep  63 [SOLVED][   ] reward=  220.38  len= 360  streak(L,R)=(6,3)
  Ep  64 [    ][   ] reward=  142.38  len=1000  streak(L,R)=(28,3)
  Ep  65 [SOLVED][   ] reward=  276.50  len= 204  streak(L,R)=(7,7)
  Ep  66 [SOLVED][   ] reward=  267.38  len= 200  streak(L,R)=(2,2)
  Ep  67 [SOLVED][   ] reward=  293.30  len= 312  streak(L,R)=(4,9)
  Ep  68 [SOLVED][   ] reward=  240.65  len= 414  streak(L,R)=(37,6)
  Ep  69 [SOLVED][   ] reward=  280.75  len= 357  streak(L,R)=(14,4)
  Ep  70 [SOLVED][   ] reward=  259.80  len= 260  streak(L,R)=(2,6)
  Ep  71 [SOLVED][   ] reward=  244.14  len= 186  streak(L,R)=(2,3)
  Ep  72 [SOLVED][   ] reward=  240.52  len= 383  streak(L,R)=(12,5)
  Ep  73 [SOLVED][   ] reward=  298.43  len= 207  streak(L,R)=(15,27)
  Ep  74 [    ][   ] reward=  132.04  len=1000  streak(L,R)=(22,6)
  Ep  75 [SOLVED][   ] reward=  286.34  len= 225  streak(L,R)=(6,7)
  Ep  76 [SOLVED][   ] reward=  296.86  len= 247  streak(L,R)=(4,8)
  Ep  77 [SOLVED][   ] reward=  285.43  len= 273  streak(L,R)=(2,20)
  Ep  78 [SOLVED][   ] reward=  278.21  len= 289  streak(L,R)=(37,4)
  Ep  79 [SOLVED][   ] reward=  248.36  len= 130  streak(L,R)=(8,1)
  Ep  80 [SOLVED][   ] reward=  242.84  len= 267  streak(L,R)=(81,4)
  Ep  81 [SOLVED][   ] reward=  240.15  len= 265  streak(L,R)=(81,3)
  Ep  82 [    ][   ] reward=  119.34  len=1000  streak(L,R)=(24,9)
  Ep  83 [SOLVED][   ] reward=  274.33  len= 217  streak(L,R)=(3,6)
  Ep  84 [SOLVED][   ] reward=  266.16  len= 244  streak(L,R)=(8,5)
  Ep  85 [SOLVED][   ] reward=  293.29  len= 281  streak(L,R)=(4,23)
  Ep  86 [SOLVED][   ] reward=  256.11  len= 296  streak(L,R)=(15,6)
  Ep  87 [SOLVED][   ] reward=  278.42  len= 198  streak(L,R)=(7,9)
  Ep  88 [SOLVED][   ] reward=  299.89  len= 221  streak(L,R)=(16,10)
  Ep  89 [    ][   ] reward=  182.06  len= 472  streak(L,R)=(30,66)
  Ep  90 [SOLVED][   ] reward=  260.25  len= 337  streak(L,R)=(12,3)
  Ep  91 [SOLVED][   ] reward=  222.13  len= 204  streak(L,R)=(30,3)
  Ep  92 [SOLVED][   ] reward=  257.57  len= 251  streak(L,R)=(52,33)
  Ep  93 [SOLVED][   ] reward=  289.56  len= 196  streak(L,R)=(19,11)
  Ep  94 [SOLVED][   ] reward=  305.28  len= 207  streak(L,R)=(14,8)
  Ep  95 [SOLVED][   ] reward=  261.12  len= 241  streak(L,R)=(7,8)
  Ep  96 [SOLVED][   ] reward=  286.68  len= 209  streak(L,R)=(4,7)
  Ep  97 [SOLVED][   ] reward=  273.70  len= 295  streak(L,R)=(26,6)
  Ep  98 [SOLVED][   ] reward=  276.39  len= 314  streak(L,R)=(16,2)
  Ep  99 [SOLVED][   ] reward=  221.10  len= 277  streak(L,R)=(86,2)
  Ep 100 [    ][   ] reward=  166.90  len=1000  streak(L,R)=(20,6)
==============================
Diagnostic Summary
  Mean reward   : 240.84   Median: 262.00   Std: 71.25
  Min / Max     : -31.30 / 308.36
  Solved (>=200): 84/100 (84.0%)
  Low (<0)      : 2/100 (2.0%)
  Mean length   : 327.9
  Action %      : no_op=23.9%, fire_left_orientation_engine=26.3%, fire_main_engine=33.0%, fire_right_orientation_engine=16.9%
  Max side streak: L=86, R=66
  Report saved  : double_dqn_benchmark_b_5000_5099.json
==============================
