Starting diagnostic evaluation: 50 episodes, base seed 1234 (no rendering)...
  Ep   1 [SOLVED][   ] reward=  270.04  len= 386  streak(L,R)=(14,6)
  Ep   2 [SOLVED][   ] reward=  264.35  len= 213  streak(L,R)=(3,5)
  Ep   3 [SOLVED][   ] reward=  237.56  len= 457  streak(L,R)=(26,6)
  Ep   4 [SOLVED][   ] reward=  299.91  len= 252  streak(L,R)=(4,15)
  Ep   5 [SOLVED][   ] reward=  259.80  len= 161  streak(L,R)=(2,2)
  Ep   6 [    ][   ] reward=   31.08  len= 102  streak(L,R)=(12,3)
  Ep   7 [    ][   ] reward=   41.78  len= 116  streak(L,R)=(12,4)
  Ep   8 [    ][   ] reward=    2.81  len=  95  streak(L,R)=(13,4)
  Ep   9 [SOLVED][   ] reward=  304.98  len= 368  streak(L,R)=(88,13)
  Ep  10 [    ][   ] reward=  156.04  len=1000  streak(L,R)=(11,27)
  Ep  11 [SOLVED][   ] reward=  256.63  len= 339  streak(L,R)=(11,3)
  Ep  12 [    ][   ] reward=    9.50  len= 128  streak(L,R)=(5,10)
  Ep  13 [SOLVED][   ] reward=  254.31  len= 143  streak(L,R)=(3,1)
  Ep  14 [SOLVED][   ] reward=  241.61  len= 419  streak(L,R)=(52,12)
  Ep  15 [SOLVED][   ] reward=  247.02  len= 329  streak(L,R)=(63,3)
  Ep  16 [SOLVED][   ] reward=  230.79  len= 231  streak(L,R)=(44,3)
  Ep  17 [SOLVED][   ] reward=  253.26  len= 250  streak(L,R)=(98,8)
  Ep  18 [SOLVED][   ] reward=  241.57  len= 206  streak(L,R)=(2,3)
  Ep  19 [SOLVED][   ] reward=  253.68  len= 218  streak(L,R)=(7,1)
  Ep  20 [    ][   ] reward=   35.84  len= 142  streak(L,R)=(5,6)
  Ep  21 [    ][LOW] reward= -149.05  len= 461  streak(L,R)=(12,7)
  Ep  22 [SOLVED][   ] reward=  278.96  len= 323  streak(L,R)=(14,9)
  Ep  23 [SOLVED][   ] reward=  251.70  len= 279  streak(L,R)=(6,15)
  Ep  24 [SOLVED][   ] reward=  286.93  len= 205  streak(L,R)=(6,5)
  Ep  25 [SOLVED][   ] reward=  264.93  len= 136  streak(L,R)=(1,1)
  Ep  26 [    ][LOW] reward=  -25.14  len= 275  streak(L,R)=(13,10)
  Ep  27 [SOLVED][   ] reward=  293.73  len= 284  streak(L,R)=(4,8)
  Ep  28 [SOLVED][   ] reward=  263.23  len= 183  streak(L,R)=(2,2)
  Ep  29 [    ][LOW] reward= -107.93  len=1000  streak(L,R)=(2,2)
  Ep  30 [SOLVED][   ] reward=  292.22  len= 180  streak(L,R)=(5,9)
  Ep  31 [SOLVED][   ] reward=  283.92  len= 248  streak(L,R)=(10,5)
  Ep  32 [SOLVED][   ] reward=  282.51  len= 212  streak(L,R)=(8,10)
  Ep  33 [SOLVED][   ] reward=  253.95  len= 441  streak(L,R)=(12,6)
  Ep  34 [SOLVED][   ] reward=  287.86  len= 198  streak(L,R)=(2,5)
  Ep  35 [SOLVED][   ] reward=  295.74  len= 244  streak(L,R)=(3,2)
  Ep  36 [SOLVED][   ] reward=  265.08  len= 177  streak(L,R)=(3,2)
  Ep  37 [    ][   ] reward=   42.42  len= 132  streak(L,R)=(7,9)
  Ep  38 [    ][   ] reward=   60.39  len= 182  streak(L,R)=(14,5)
  Ep  39 [    ][LOW] reward= -222.92  len= 385  streak(L,R)=(16,6)
  Ep  40 [SOLVED][   ] reward=  260.24  len= 347  streak(L,R)=(132,3)
  Ep  41 [SOLVED][   ] reward=  260.63  len= 204  streak(L,R)=(6,2)
  Ep  42 [SOLVED][   ] reward=  250.99  len= 334  streak(L,R)=(11,3)
  Ep  43 [SOLVED][   ] reward=  278.74  len= 274  streak(L,R)=(6,2)
  Ep  44 [SOLVED][   ] reward=  241.03  len= 216  streak(L,R)=(11,33)
  Ep  45 [SOLVED][   ] reward=  261.93  len= 240  streak(L,R)=(10,5)
  Ep  46 [SOLVED][   ] reward=  286.80  len= 201  streak(L,R)=(3,5)
  Ep  47 [SOLVED][   ] reward=  284.24  len= 255  streak(L,R)=(10,15)
  Ep  48 [SOLVED][   ] reward=  261.69  len= 327  streak(L,R)=(12,7)
  Ep  49 [SOLVED][   ] reward=  281.82  len= 267  streak(L,R)=(5,8)
  Ep  50 [SOLVED][   ] reward=  275.79  len= 324  streak(L,R)=(4,2)
==============================
Diagnostic Summary
  Mean reward   : 200.70   Median: 258.22   Std: 129.15
  Min / Max     : -222.92 / 304.98
  Solved (>=200): 38/50 (76.0%)
  Low (<0)      : 4/50 (8.0%)
  Mean length   : 281.8
  Action %      : no_op=27.6%, fire_left_orientation_engine=20.2%, fire_main_engine=41.2%, fire_right_orientation_engine=10.9%
  Max side streak: L=132, R=33
  Report saved  : double_dqn_benchmark_a_1234_1283.json
==============================
