Starting diagnostic evaluation: 50 episodes, base seed 1234 (no rendering)...
  Ep   1 [    ][   ] reward=    9.34  len= 152  streak(L,R)=(3,1)
  Ep   2 [SOLVED][   ] reward=  253.04  len= 239  streak(L,R)=(2,3)
  Ep   3 [SOLVED][   ] reward=  222.64  len= 354  streak(L,R)=(2,103)
  Ep   4 [SOLVED][   ] reward=  259.07  len= 482  streak(L,R)=(1,144)
  Ep   5 [SOLVED][   ] reward=  250.70  len= 189  streak(L,R)=(2,2)
  Ep   6 [SOLVED][   ] reward=  287.67  len= 434  streak(L,R)=(26,10)
  Ep   7 [SOLVED][   ] reward=  291.76  len= 441  streak(L,R)=(27,24)
  Ep   8 [SOLVED][   ] reward=  296.70  len= 295  streak(L,R)=(19,6)
  Ep   9 [    ][   ] reward=   17.11  len= 180  streak(L,R)=(6,1)
  Ep  10 [    ][   ] reward=  192.94  len= 552  streak(L,R)=(8,69)
  Ep  11 [    ][   ] reward=   15.70  len= 141  streak(L,R)=(5,1)
  Ep  12 [SOLVED][   ] reward=  316.36  len= 206  streak(L,R)=(15,21)
  Ep  13 [SOLVED][   ] reward=  252.49  len= 180  streak(L,R)=(15,4)
  Ep  14 [    ][   ] reward=  135.61  len=1000  streak(L,R)=(3,13)
  Ep  15 [    ][   ] reward=   30.32  len= 114  streak(L,R)=(2,3)
  Ep  16 [    ][   ] reward=  126.17  len=1000  streak(L,R)=(59,84)
  Ep  17 [SOLVED][   ] reward=  254.54  len= 142  streak(L,R)=(2,2)
  Ep  18 [SOLVED][   ] reward=  242.60  len= 195  streak(L,R)=(3,4)
  Ep  19 [SOLVED][   ] reward=  259.40  len= 178  streak(L,R)=(2,5)
  Ep  20 [SOLVED][   ] reward=  317.22  len= 212  streak(L,R)=(10,21)
  Ep  21 [SOLVED][   ] reward=  285.63  len= 286  streak(L,R)=(4,33)
  Ep  22 [SOLVED][   ] reward=  306.92  len= 227  streak(L,R)=(4,23)
  Ep  23 [SOLVED][   ] reward=  213.66  len= 514  streak(L,R)=(4,307)
  Ep  24 [SOLVED][   ] reward=  302.16  len= 189  streak(L,R)=(9,14)
  Ep  25 [SOLVED][   ] reward=  274.03  len= 183  streak(L,R)=(37,1)
  Ep  26 [SOLVED][   ] reward=  295.64  len= 255  streak(L,R)=(5,36)
  Ep  27 [    ][   ] reward=   45.34  len= 134  streak(L,R)=(9,8)
  Ep  28 [SOLVED][   ] reward=  231.16  len= 275  streak(L,R)=(4,5)
  Ep  29 [SOLVED][   ] reward=  239.89  len= 291  streak(L,R)=(3,15)
  Ep  30 [SOLVED][   ] reward=  259.05  len= 281  streak(L,R)=(4,6)
  Ep  31 [SOLVED][   ] reward=  286.00  len= 263  streak(L,R)=(3,28)
  Ep  32 [SOLVED][   ] reward=  227.74  len= 429  streak(L,R)=(2,219)
  Ep  33 [SOLVED][   ] reward=  269.46  len= 294  streak(L,R)=(3,7)
  Ep  34 [SOLVED][   ] reward=  200.96  len= 289  streak(L,R)=(3,101)
  Ep  35 [SOLVED][   ] reward=  290.82  len= 248  streak(L,R)=(8,18)
  Ep  36 [SOLVED][   ] reward=  268.49  len= 136  streak(L,R)=(1,2)
  Ep  37 [    ][   ] reward=   56.12  len= 142  streak(L,R)=(7,20)
  Ep  38 [SOLVED][   ] reward=  293.47  len= 299  streak(L,R)=(4,53)
  Ep  39 [SOLVED][   ] reward=  269.94  len= 322  streak(L,R)=(10,10)
  Ep  40 [SOLVED][   ] reward=  262.71  len= 160  streak(L,R)=(3,2)
  Ep  41 [    ][   ] reward=  113.05  len=1000  streak(L,R)=(3,9)
  Ep  42 [SOLVED][   ] reward=  240.18  len= 406  streak(L,R)=(4,136)
  Ep  43 [SOLVED][   ] reward=  260.49  len= 276  streak(L,R)=(2,2)
  Ep  44 [SOLVED][   ] reward=  264.75  len= 281  streak(L,R)=(2,19)
  Ep  45 [SOLVED][   ] reward=  249.03  len= 472  streak(L,R)=(4,153)
  Ep  46 [SOLVED][   ] reward=  271.20  len= 284  streak(L,R)=(3,14)
  Ep  47 [SOLVED][   ] reward=  259.90  len= 361  streak(L,R)=(5,4)
  Ep  48 [SOLVED][   ] reward=  248.63  len= 350  streak(L,R)=(4,8)
  Ep  49 [SOLVED][   ] reward=  293.01  len= 214  streak(L,R)=(9,16)
  Ep  50 [SOLVED][   ] reward=  287.18  len= 157  streak(L,R)=(2,2)
==============================
Diagnostic Summary
  Mean reward   : 227.96   Median: 259.06   Std: 84.99
  Min / Max     : 9.34 / 317.22
  Solved (>=200): 40/50 (80.0%)
  Low (<0)      : 0/50 (0.0%)
  Mean length   : 314.1
  Action %      : no_op=26.0%, fire_left_orientation_engine=11.4%, fire_main_engine=33.4%, fire_right_orientation_engine=29.2%
  Max side streak: L=59, R=307
  Report saved  : benchmark_a.json
==============================
