Starting diagnostic evaluation: 100 episodes, base seed 5000 (no rendering)...
  Ep   1 [SOLVED][   ] reward=  272.00  len= 148  streak(L,R)=(3,2)
  Ep   2 [SOLVED][   ] reward=  277.88  len= 161  streak(L,R)=(2,2)
  Ep   3 [SOLVED][   ] reward=  251.25  len= 389  streak(L,R)=(3,120)
  Ep   4 [SOLVED][   ] reward=  249.27  len= 343  streak(L,R)=(4,9)
  Ep   5 [SOLVED][   ] reward=  250.16  len= 250  streak(L,R)=(4,6)
  Ep   6 [SOLVED][   ] reward=  270.55  len= 293  streak(L,R)=(5,54)
  Ep   7 [SOLVED][   ] reward=  274.51  len= 283  streak(L,R)=(3,20)
  Ep   8 [SOLVED][   ] reward=  268.29  len= 180  streak(L,R)=(7,1)
  Ep   9 [    ][   ] reward=  145.88  len=1000  streak(L,R)=(3,8)
  Ep  10 [SOLVED][   ] reward=  267.32  len= 325  streak(L,R)=(10,18)
  Ep  11 [SOLVED][   ] reward=  261.85  len= 565  streak(L,R)=(2,28)
  Ep  12 [SOLVED][   ] reward=  263.87  len= 186  streak(L,R)=(2,3)
  Ep  13 [SOLVED][   ] reward=  256.85  len= 755  streak(L,R)=(2,502)
  Ep  14 [SOLVED][   ] reward=  231.07  len= 269  streak(L,R)=(4,6)
  Ep  15 [SOLVED][   ] reward=  268.74  len= 282  streak(L,R)=(5,12)
  Ep  16 [SOLVED][   ] reward=  222.36  len= 590  streak(L,R)=(2,289)
  Ep  17 [SOLVED][   ] reward=  233.20  len= 439  streak(L,R)=(3,211)
  Ep  18 [SOLVED][   ] reward=  286.71  len= 251  streak(L,R)=(6,16)
  Ep  19 [SOLVED][   ] reward=  254.65  len= 154  streak(L,R)=(2,2)
  Ep  20 [SOLVED][   ] reward=  276.53  len= 122  streak(L,R)=(1,1)
  Ep  21 [SOLVED][   ] reward=  271.84  len= 319  streak(L,R)=(6,10)
  Ep  22 [SOLVED][   ] reward=  301.76  len= 222  streak(L,R)=(5,31)
  Ep  23 [SOLVED][   ] reward=  255.86  len= 186  streak(L,R)=(3,2)
  Ep  24 [SOLVED][   ] reward=  260.25  len= 169  streak(L,R)=(3,3)
  Ep  25 [    ][   ] reward=  178.56  len= 373  streak(L,R)=(4,110)
  Ep  26 [SOLVED][   ] reward=  241.50  len= 333  streak(L,R)=(7,7)
  Ep  27 [SOLVED][   ] reward=  235.26  len= 350  streak(L,R)=(13,7)
  Ep  28 [SOLVED][   ] reward=  225.08  len= 240  streak(L,R)=(2,2)
  Ep  29 [SOLVED][   ] reward=  238.71  len= 345  streak(L,R)=(11,3)
  Ep  30 [SOLVED][   ] reward=  310.18  len= 225  streak(L,R)=(17,18)
  Ep  31 [SOLVED][   ] reward=  244.54  len= 148  streak(L,R)=(2,2)
  Ep  32 [SOLVED][   ] reward=  261.98  len= 323  streak(L,R)=(34,3)
  Ep  33 [SOLVED][   ] reward=  235.51  len= 306  streak(L,R)=(14,27)
  Ep  34 [    ][   ] reward=  152.80  len=1000  streak(L,R)=(4,16)
  Ep  35 [SOLVED][   ] reward=  295.92  len= 206  streak(L,R)=(6,16)
  Ep  36 [SOLVED][   ] reward=  215.48  len= 367  streak(L,R)=(1,39)
  Ep  37 [    ][LOW] reward=  -29.07  len= 253  streak(L,R)=(2,11)
  Ep  38 [SOLVED][   ] reward=  261.53  len= 265  streak(L,R)=(8,9)
  Ep  39 [SOLVED][   ] reward=  311.34  len= 211  streak(L,R)=(11,18)
  Ep  40 [    ][   ] reward=  192.87  len= 300  streak(L,R)=(2,82)
  Ep  41 [    ][   ] reward=   59.12  len= 129  streak(L,R)=(13,13)
  Ep  42 [SOLVED][   ] reward=  229.64  len= 321  streak(L,R)=(20,6)
  Ep  43 [    ][LOW] reward=   -9.99  len= 290  streak(L,R)=(10,11)
  Ep  44 [SOLVED][   ] reward=  284.18  len= 331  streak(L,R)=(9,11)
  Ep  45 [    ][   ] reward=  174.27  len=1000  streak(L,R)=(4,11)
  Ep  46 [SOLVED][   ] reward=  284.79  len= 168  streak(L,R)=(3,1)
  Ep  47 [SOLVED][   ] reward=  272.55  len= 218  streak(L,R)=(2,4)
  Ep  48 [    ][   ] reward=  168.32  len= 297  streak(L,R)=(2,56)
  Ep  49 [SOLVED][   ] reward=  217.01  len= 354  streak(L,R)=(2,13)
  Ep  50 [SOLVED][   ] reward=  244.35  len= 154  streak(L,R)=(4,1)
  Ep  51 [SOLVED][   ] reward=  302.05  len= 212  streak(L,R)=(5,16)
  Ep  52 [SOLVED][   ] reward=  316.00  len= 220  streak(L,R)=(13,18)
  Ep  53 [SOLVED][   ] reward=  262.49  len= 161  streak(L,R)=(11,4)
  Ep  54 [SOLVED][   ] reward=  263.40  len= 238  streak(L,R)=(2,3)
  Ep  55 [SOLVED][   ] reward=  255.84  len= 146  streak(L,R)=(4,2)
  Ep  56 [SOLVED][   ] reward=  262.21  len= 188  streak(L,R)=(22,3)
  Ep  57 [SOLVED][   ] reward=  293.97  len= 193  streak(L,R)=(7,8)
  Ep  58 [SOLVED][   ] reward=  247.90  len= 165  streak(L,R)=(1,31)
  Ep  59 [SOLVED][   ] reward=  262.87  len= 136  streak(L,R)=(3,1)
  Ep  60 [SOLVED][   ] reward=  262.92  len= 312  streak(L,R)=(4,7)
  Ep  61 [SOLVED][   ] reward=  267.32  len= 311  streak(L,R)=(17,13)
  Ep  62 [SOLVED][   ] reward=  275.53  len= 235  streak(L,R)=(5,6)
  Ep  63 [SOLVED][   ] reward=  238.66  len= 292  streak(L,R)=(2,18)
  Ep  64 [SOLVED][   ] reward=  245.88  len= 290  streak(L,R)=(3,5)
  Ep  65 [SOLVED][   ] reward=  243.53  len= 423  streak(L,R)=(2,9)
  Ep  66 [SOLVED][   ] reward=  247.01  len= 280  streak(L,R)=(6,64)
  Ep  67 [SOLVED][   ] reward=  306.42  len= 213  streak(L,R)=(6,19)
  Ep  68 [SOLVED][   ] reward=  241.92  len= 297  streak(L,R)=(3,56)
  Ep  69 [    ][   ] reward=   17.43  len= 148  streak(L,R)=(7,1)
  Ep  70 [SOLVED][   ] reward=  236.19  len= 537  streak(L,R)=(2,126)
  Ep  71 [SOLVED][   ] reward=  247.28  len= 139  streak(L,R)=(1,2)
  Ep  72 [SOLVED][   ] reward=  267.32  len= 270  streak(L,R)=(3,4)
  Ep  73 [SOLVED][   ] reward=  279.18  len= 359  streak(L,R)=(10,2)
  Ep  74 [SOLVED][   ] reward=  246.61  len= 395  streak(L,R)=(5,93)
  Ep  75 [SOLVED][   ] reward=  268.32  len= 307  streak(L,R)=(4,13)
  Ep  76 [SOLVED][   ] reward=  296.45  len= 202  streak(L,R)=(4,47)
  Ep  77 [SOLVED][   ] reward=  267.54  len= 294  streak(L,R)=(26,3)
  Ep  78 [    ][   ] reward=  171.85  len= 366  streak(L,R)=(3,65)
  Ep  79 [SOLVED][   ] reward=  250.69  len= 136  streak(L,R)=(3,1)
  Ep  80 [SOLVED][   ] reward=  241.29  len= 430  streak(L,R)=(5,121)
  Ep  81 [    ][   ] reward=  198.77  len= 627  streak(L,R)=(47,2)
  Ep  82 [SOLVED][   ] reward=  208.09  len= 424  streak(L,R)=(65,3)
  Ep  83 [SOLVED][   ] reward=  261.23  len= 227  streak(L,R)=(21,3)
  Ep  84 [SOLVED][   ] reward=  237.53  len= 471  streak(L,R)=(3,12)
  Ep  85 [SOLVED][   ] reward=  299.93  len= 215  streak(L,R)=(2,12)
  Ep  86 [    ][   ] reward=  137.48  len=1000  streak(L,R)=(3,22)
  Ep  87 [SOLVED][   ] reward=  237.96  len= 312  streak(L,R)=(2,91)
  Ep  88 [SOLVED][   ] reward=  305.64  len= 237  streak(L,R)=(2,17)
  Ep  89 [SOLVED][   ] reward=  289.42  len= 226  streak(L,R)=(3,32)
  Ep  90 [SOLVED][   ] reward=  303.27  len= 243  streak(L,R)=(11,36)
  Ep  91 [SOLVED][   ] reward=  233.87  len= 250  streak(L,R)=(2,4)
  Ep  92 [SOLVED][   ] reward=  278.95  len= 211  streak(L,R)=(38,2)
  Ep  93 [SOLVED][   ] reward=  309.05  len= 213  streak(L,R)=(9,11)
  Ep  94 [SOLVED][   ] reward=  310.90  len= 193  streak(L,R)=(17,18)
  Ep  95 [SOLVED][   ] reward=  238.31  len= 384  streak(L,R)=(4,27)
  Ep  96 [    ][LOW] reward=  -86.45  len= 425  streak(L,R)=(6,9)
  Ep  97 [SOLVED][   ] reward=  296.75  len= 271  streak(L,R)=(4,40)
  Ep  98 [SOLVED][   ] reward=  281.38  len= 187  streak(L,R)=(10,2)
  Ep  99 [SOLVED][   ] reward=  224.63  len= 258  streak(L,R)=(2,28)
  Ep 100 [SOLVED][   ] reward=  271.17  len= 253  streak(L,R)=(4,10)
==============================
Diagnostic Summary
  Mean reward   : 240.93   Median: 256.36   Std: 68.84
  Min / Max     : -86.45 / 316.00
  Solved (>=200): 86/100 (86.0%)
  Low (<0)      : 3/100 (3.0%)
  Mean length   : 309.1
  Action %      : no_op=27.1%, fire_left_orientation_engine=11.9%, fire_main_engine=34.9%, fire_right_orientation_engine=26.2%
  Max side streak: L=65, R=502
  Report saved  : benchmark_b.json
==============================
