Starting diagnostic evaluation: 100 episodes, base seed 5000 (no rendering)...
  Ep   1 [SOLVED][   ] reward=  235.79  len= 314  streak(L,R)=(2,2)
  Ep   2 [SOLVED][   ] reward=  276.56  len= 186  streak(L,R)=(7,2)
  Ep   3 [SOLVED][   ] reward=  253.02  len= 319  streak(L,R)=(2,5)
  Ep   4 [    ][   ] reward=   38.98  len= 100  streak(L,R)=(2,11)
  Ep   5 [SOLVED][   ] reward=  270.53  len= 165  streak(L,R)=(5,5)
  Ep   6 [SOLVED][   ] reward=  217.69  len= 642  streak(L,R)=(13,10)
  Ep   7 [SOLVED][   ] reward=  277.04  len= 222  streak(L,R)=(7,7)
  Ep   8 [SOLVED][   ] reward=  254.55  len= 390  streak(L,R)=(2,2)
  Ep   9 [SOLVED][   ] reward=  291.96  len= 184  streak(L,R)=(29,9)
  Ep  10 [SOLVED][   ] reward=  280.53  len= 291  streak(L,R)=(12,4)
  Ep  11 [SOLVED][   ] reward=  269.90  len= 162  streak(L,R)=(10,16)
  Ep  12 [SOLVED][   ] reward=  223.11  len= 388  streak(L,R)=(2,1)
  Ep  13 [SOLVED][   ] reward=  286.26  len= 200  streak(L,R)=(7,12)
  Ep  14 [SOLVED][   ] reward=  201.64  len= 452  streak(L,R)=(2,2)
  Ep  15 [SOLVED][   ] reward=  263.16  len= 280  streak(L,R)=(9,5)
  Ep  16 [SOLVED][   ] reward=  226.08  len= 411  streak(L,R)=(2,3)
  Ep  17 [SOLVED][   ] reward=  239.36  len= 231  streak(L,R)=(4,2)
  Ep  18 [SOLVED][   ] reward=  284.67  len= 210  streak(L,R)=(12,10)
  Ep  19 [SOLVED][   ] reward=  224.08  len= 336  streak(L,R)=(2,3)
  Ep  20 [SOLVED][   ] reward=  255.25  len= 263  streak(L,R)=(2,2)
  Ep  21 [SOLVED][   ] reward=  271.48  len= 216  streak(L,R)=(59,13)
  Ep  22 [    ][   ] reward=   21.41  len=  81  streak(L,R)=(2,16)
  Ep  23 [SOLVED][   ] reward=  262.94  len= 158  streak(L,R)=(2,1)
  Ep  24 [SOLVED][   ] reward=  258.18  len= 201  streak(L,R)=(5,6)
  Ep  25 [SOLVED][   ] reward=  234.95  len= 200  streak(L,R)=(41,3)
  Ep  26 [SOLVED][   ] reward=  265.58  len= 282  streak(L,R)=(8,2)
  Ep  27 [SOLVED][   ] reward=  251.23  len= 252  streak(L,R)=(3,16)
  Ep  28 [    ][   ] reward=  188.49  len= 425  streak(L,R)=(2,3)
  Ep  29 [SOLVED][   ] reward=  253.30  len= 369  streak(L,R)=(13,3)
  Ep  30 [SOLVED][   ] reward=  286.82  len= 300  streak(L,R)=(4,12)
  Ep  31 [    ][   ] reward=  168.27  len= 572  streak(L,R)=(2,3)
  Ep  32 [SOLVED][   ] reward=  292.38  len= 168  streak(L,R)=(7,24)
  Ep  33 [    ][   ] reward=   31.96  len= 157  streak(L,R)=(6,3)
  Ep  34 [    ][   ] reward=   36.17  len= 111  streak(L,R)=(3,9)
  Ep  35 [SOLVED][   ] reward=  281.61  len= 257  streak(L,R)=(6,10)
  Ep  36 [SOLVED][   ] reward=  269.19  len= 161  streak(L,R)=(4,29)
  Ep  37 [SOLVED][   ] reward=  282.14  len= 185  streak(L,R)=(5,2)
  Ep  38 [SOLVED][   ] reward=  228.65  len= 514  streak(L,R)=(1,9)
  Ep  39 [SOLVED][   ] reward=  242.61  len= 556  streak(L,R)=(13,11)
  Ep  40 [SOLVED][   ] reward=  234.59  len= 536  streak(L,R)=(3,1)
  Ep  41 [SOLVED][   ] reward=  292.36  len= 248  streak(L,R)=(2,14)
  Ep  42 [SOLVED][   ] reward=  241.15  len= 297  streak(L,R)=(2,2)
  Ep  43 [SOLVED][   ] reward=  277.52  len= 200  streak(L,R)=(7,3)
  Ep  44 [SOLVED][   ] reward=  295.29  len= 621  streak(L,R)=(16,4)
  Ep  45 [SOLVED][   ] reward=  283.86  len= 249  streak(L,R)=(2,12)
  Ep  46 [    ][   ] reward=   63.63  len=  78  streak(L,R)=(2,2)
  Ep  47 [SOLVED][   ] reward=  245.87  len= 473  streak(L,R)=(6,2)
  Ep  48 [    ][   ] reward=  199.81  len= 496  streak(L,R)=(2,2)
  Ep  49 [    ][   ] reward=  170.53  len= 628  streak(L,R)=(2,2)
  Ep  50 [SOLVED][   ] reward=  229.75  len= 365  streak(L,R)=(3,2)
  Ep  51 [SOLVED][   ] reward=  281.22  len= 267  streak(L,R)=(12,10)
  Ep  52 [SOLVED][   ] reward=  280.13  len= 376  streak(L,R)=(16,7)
  Ep  53 [SOLVED][   ] reward=  261.83  len= 146  streak(L,R)=(4,3)
  Ep  54 [SOLVED][   ] reward=  247.80  len= 206  streak(L,R)=(4,2)
  Ep  55 [SOLVED][   ] reward=  263.54  len= 183  streak(L,R)=(3,1)
  Ep  56 [SOLVED][   ] reward=  254.63  len= 166  streak(L,R)=(4,4)
  Ep  57 [    ][   ] reward=   45.76  len=  89  streak(L,R)=(2,13)
  Ep  58 [SOLVED][   ] reward=  202.67  len= 421  streak(L,R)=(2,2)
  Ep  59 [SOLVED][   ] reward=  247.87  len= 231  streak(L,R)=(3,4)
  Ep  60 [SOLVED][   ] reward=  220.89  len= 538  streak(L,R)=(1,3)
  Ep  61 [SOLVED][   ] reward=  265.33  len= 240  streak(L,R)=(27,6)
  Ep  62 [SOLVED][   ] reward=  215.71  len= 561  streak(L,R)=(2,3)
  Ep  63 [SOLVED][   ] reward=  226.50  len= 233  streak(L,R)=(4,2)
  Ep  64 [SOLVED][   ] reward=  260.03  len= 304  streak(L,R)=(1,2)
  Ep  65 [SOLVED][   ] reward=  283.88  len= 179  streak(L,R)=(5,6)
  Ep  66 [SOLVED][   ] reward=  252.87  len= 253  streak(L,R)=(2,1)
  Ep  67 [SOLVED][   ] reward=  257.15  len= 451  streak(L,R)=(11,11)
  Ep  68 [SOLVED][   ] reward=  264.64  len= 299  streak(L,R)=(7,5)
  Ep  69 [SOLVED][   ] reward=  305.86  len= 224  streak(L,R)=(15,12)
  Ep  70 [    ][   ] reward=  180.87  len= 681  streak(L,R)=(2,4)
  Ep  71 [SOLVED][   ] reward=  206.38  len= 362  streak(L,R)=(2,1)
  Ep  72 [SOLVED][   ] reward=  260.70  len= 280  streak(L,R)=(8,3)
  Ep  73 [SOLVED][   ] reward=  308.54  len= 212  streak(L,R)=(14,6)
  Ep  74 [SOLVED][   ] reward=  264.12  len= 237  streak(L,R)=(14,3)
  Ep  75 [SOLVED][   ] reward=  237.81  len= 438  streak(L,R)=(2,7)
  Ep  76 [    ][   ] reward=   24.00  len=  95  streak(L,R)=(2,13)
  Ep  77 [SOLVED][   ] reward=  291.58  len= 160  streak(L,R)=(18,8)
  Ep  78 [SOLVED][   ] reward=  251.85  len= 458  streak(L,R)=(7,5)
  Ep  79 [SOLVED][   ] reward=  239.94  len= 204  streak(L,R)=(1,2)
  Ep  80 [SOLVED][   ] reward=  229.70  len= 337  streak(L,R)=(71,3)
  Ep  81 [SOLVED][   ] reward=  258.09  len= 222  streak(L,R)=(2,4)
  Ep  82 [SOLVED][   ] reward=  256.58  len= 184  streak(L,R)=(4,3)
  Ep  83 [SOLVED][   ] reward=  263.96  len= 259  streak(L,R)=(2,4)
  Ep  84 [SOLVED][   ] reward=  255.16  len= 215  streak(L,R)=(6,30)
  Ep  85 [SOLVED][   ] reward=  289.60  len= 244  streak(L,R)=(11,8)
  Ep  86 [SOLVED][   ] reward=  235.63  len= 313  streak(L,R)=(5,3)
  Ep  87 [SOLVED][   ] reward=  229.85  len= 460  streak(L,R)=(2,6)
  Ep  88 [SOLVED][   ] reward=  282.62  len= 326  streak(L,R)=(14,12)
  Ep  89 [SOLVED][   ] reward=  271.28  len= 294  streak(L,R)=(6,11)
  Ep  90 [    ][   ] reward=  179.54  len=1000  streak(L,R)=(13,12)
  Ep  91 [SOLVED][   ] reward=  228.75  len= 208  streak(L,R)=(3,2)
  Ep  92 [    ][   ] reward=   48.14  len= 120  streak(L,R)=(2,2)
  Ep  93 [    ][LOW] reward=  -19.17  len=  91  streak(L,R)=(6,15)
  Ep  94 [SOLVED][   ] reward=  242.35  len= 523  streak(L,R)=(3,13)
  Ep  95 [SOLVED][   ] reward=  263.56  len= 260  streak(L,R)=(7,9)
  Ep  96 [    ][   ] reward=  175.13  len=1000  streak(L,R)=(4,8)
  Ep  97 [SOLVED][   ] reward=  272.81  len= 356  streak(L,R)=(10,8)
  Ep  98 [SOLVED][   ] reward=  279.06  len= 166  streak(L,R)=(2,3)
  Ep  99 [SOLVED][   ] reward=  227.42  len= 256  streak(L,R)=(2,3)
  Ep 100 [SOLVED][   ] reward=  279.11  len= 270  streak(L,R)=(2,11)
==============================
Diagnostic Summary
  Mean reward   : 231.85   Median: 253.93   Std: 69.78
  Min / Max     : -19.17 / 308.54
  Solved (>=200): 84/100 (84.0%)
  Low (<0)      : 1/100 (1.0%)
  Mean length   : 307.0
  Action %      : no_op=29.6%, fire_left_orientation_engine=16.2%, fire_main_engine=41.9%, fire_right_orientation_engine=12.3%
  Max side streak: L=71, R=30
  Report saved  : A_seed43_benchmark_b.json
==============================
