Starting diagnostic evaluation: 1000 episodes, base seed 5000 (no rendering)...
  Ep   1 [SOLVED][   ] reward=  246.45  len= 403  streak(L,R)=(31,5)
  Ep   2 [SOLVED][   ] reward=  269.65  len= 209  streak(L,R)=(12,10)
  Ep   3 [    ][   ] reward=  129.04  len=1000  streak(L,R)=(11,1)
  Ep   4 [SOLVED][   ] reward=  293.22  len= 205  streak(L,R)=(11,9)
  Ep   5 [SOLVED][   ] reward=  264.50  len= 191  streak(L,R)=(7,5)
  Ep   6 [    ][   ] reward=    2.95  len= 119  streak(L,R)=(6,2)
  Ep   7 [SOLVED][   ] reward=  248.78  len= 464  streak(L,R)=(36,10)
  Ep   8 [    ][   ] reward=  196.59  len= 802  streak(L,R)=(67,39)
  Ep   9 [SOLVED][   ] reward=  276.88  len= 293  streak(L,R)=(6,24)
  Ep  10 [SOLVED][   ] reward=  295.85  len= 390  streak(L,R)=(7,16)
  Ep  11 [SOLVED][   ] reward=  246.37  len= 270  streak(L,R)=(15,11)
  Ep  12 [SOLVED][   ] reward=  222.85  len= 357  streak(L,R)=(35,7)
  Ep  13 [SOLVED][   ] reward=  284.97  len= 310  streak(L,R)=(4,8)
  Ep  14 [SOLVED][   ] reward=  225.18  len= 377  streak(L,R)=(9,7)
  Ep  15 [SOLVED][   ] reward=  235.43  len= 451  streak(L,R)=(35,10)
  Ep  16 [SOLVED][   ] reward=  267.14  len= 209  streak(L,R)=(23,3)
  Ep  17 [    ][   ] reward=   90.83  len=1000  streak(L,R)=(8,3)
  Ep  18 [SOLVED][   ] reward=  297.87  len= 228  streak(L,R)=(28,10)
  Ep  19 [SOLVED][   ] reward=  247.85  len= 174  streak(L,R)=(7,6)
  Ep  20 [SOLVED][   ] reward=  243.63  len= 311  streak(L,R)=(33,8)
  Ep  21 [    ][   ] reward=   17.54  len= 123  streak(L,R)=(8,2)
  Ep  22 [SOLVED][   ] reward=  310.04  len= 251  streak(L,R)=(14,37)
  Ep  23 [SOLVED][   ] reward=  249.09  len= 236  streak(L,R)=(2,1)
  Ep  24 [SOLVED][   ] reward=  235.72  len= 465  streak(L,R)=(37,8)
  Ep  25 [SOLVED][   ] reward=  205.38  len= 689  streak(L,R)=(25,2)
  Ep  26 [SOLVED][   ] reward=  246.95  len= 307  streak(L,R)=(35,10)
  Ep  27 [SOLVED][   ] reward=  238.36  len= 284  streak(L,R)=(31,12)
  Ep  28 [SOLVED][   ] reward=  208.59  len= 969  streak(L,R)=(8,3)
  Ep  29 [SOLVED][   ] reward=  212.48  len= 554  streak(L,R)=(71,3)
  Ep  30 [SOLVED][   ] reward=  307.20  len= 226  streak(L,R)=(13,13)
  Ep  31 [    ][   ] reward=  199.22  len= 361  streak(L,R)=(36,8)
  Ep  32 [SOLVED][   ] reward=  278.66  len= 618  streak(L,R)=(5,15)
  Ep  33 [SOLVED][   ] reward=  201.67  len= 594  streak(L,R)=(25,3)
  Ep  34 [SOLVED][   ] reward=  284.89  len= 204  streak(L,R)=(11,10)
  Ep  35 [SOLVED][   ] reward=  296.90  len= 233  streak(L,R)=(9,10)
  Ep  36 [SOLVED][   ] reward=  270.11  len= 210  streak(L,R)=(6,7)
  Ep  37 [SOLVED][   ] reward=  279.34  len= 217  streak(L,R)=(10,7)
  Ep  38 [SOLVED][   ] reward=  287.23  len= 223  streak(L,R)=(24,8)
  Ep  39 [SOLVED][   ] reward=  307.13  len= 252  streak(L,R)=(8,11)
  Ep  40 [SOLVED][   ] reward=  215.03  len= 331  streak(L,R)=(34,8)
  Ep  41 [SOLVED][   ] reward=  312.30  len= 213  streak(L,R)=(14,12)
  Ep  42 [SOLVED][   ] reward=  217.40  len= 389  streak(L,R)=(11,8)
  Ep  43 [SOLVED][   ] reward=  279.36  len= 223  streak(L,R)=(12,10)
  Ep  44 [SOLVED][   ] reward=  285.06  len= 260  streak(L,R)=(7,3)
  Ep  45 [SOLVED][   ] reward=  297.76  len= 205  streak(L,R)=(15,10)
  Ep  46 [SOLVED][   ] reward=  260.74  len= 420  streak(L,R)=(30,1)
  Ep  47 [SOLVED][   ] reward=  229.55  len= 517  streak(L,R)=(36,9)
  Ep  48 [SOLVED][   ] reward=  207.34  len= 464  streak(L,R)=(4,29)
  Ep  49 [    ][   ] reward=  173.40  len= 742  streak(L,R)=(25,5)
  Ep  50 [    ][   ] reward=  102.01  len=1000  streak(L,R)=(72,33)
  Ep  51 [SOLVED][   ] reward=  302.44  len= 236  streak(L,R)=(8,10)
  Ep  52 [SOLVED][   ] reward=  308.17  len= 405  streak(L,R)=(9,12)
  Ep  53 [    ][   ] reward=   70.30  len=1000  streak(L,R)=(9,1)
  Ep  54 [SOLVED][   ] reward=  205.51  len= 718  streak(L,R)=(25,1)
  Ep  55 [    ][   ] reward=  185.67  len= 602  streak(L,R)=(25,4)
  Ep  56 [SOLVED][   ] reward=  206.15  len= 435  streak(L,R)=(35,8)
  Ep  57 [    ][   ] reward=  168.51  len=1000  streak(L,R)=(19,7)
  Ep  58 [SOLVED][   ] reward=  206.84  len= 377  streak(L,R)=(7,26)
  Ep  59 [    ][   ] reward=  193.44  len= 526  streak(L,R)=(74,13)
  Ep  60 [SOLVED][   ] reward=  241.20  len= 560  streak(L,R)=(30,12)
  Ep  61 [    ][   ] reward=  199.08  len= 761  streak(L,R)=(25,2)
  Ep  62 [SOLVED][   ] reward=  265.15  len= 262  streak(L,R)=(41,11)
  Ep  63 [SOLVED][   ] reward=  217.91  len= 414  streak(L,R)=(35,10)
  Ep  64 [SOLVED][   ] reward=  249.89  len= 302  streak(L,R)=(34,8)
  Ep  65 [SOLVED][   ] reward=  280.38  len= 215  streak(L,R)=(10,7)
  Ep  66 [    ][   ] reward=  136.63  len=1000  streak(L,R)=(6,1)
  Ep  67 [SOLVED][   ] reward=  303.68  len= 338  streak(L,R)=(15,11)
  Ep  68 [SOLVED][   ] reward=  204.51  len= 583  streak(L,R)=(73,72)
  Ep  69 [SOLVED][   ] reward=  258.61  len= 211  streak(L,R)=(50,3)
  Ep  70 [SOLVED][   ] reward=  273.62  len= 214  streak(L,R)=(11,3)
  Ep  71 [    ][   ] reward=  163.10  len= 908  streak(L,R)=(25,2)
  Ep  72 [SOLVED][   ] reward=  261.87  len= 508  streak(L,R)=(29,11)
  Ep  73 [    ][   ] reward=   30.41  len= 128  streak(L,R)=(3,5)
  Ep  74 [SOLVED][   ] reward=  216.13  len= 495  streak(L,R)=(75,10)
  Ep  75 [SOLVED][   ] reward=  285.59  len= 228  streak(L,R)=(9,10)
  Ep  76 [SOLVED][   ] reward=  301.64  len= 227  streak(L,R)=(15,7)
  Ep  77 [SOLVED][   ] reward=  279.80  len= 212  streak(L,R)=(26,3)
  Ep  78 [SOLVED][   ] reward=  242.05  len= 529  streak(L,R)=(33,11)
  Ep  79 [SOLVED][   ] reward=  214.66  len= 276  streak(L,R)=(36,9)
  Ep  80 [    ][   ] reward=  100.76  len=1000  streak(L,R)=(9,2)
  Ep  81 [    ][   ] reward=  199.86  len= 622  streak(L,R)=(26,2)
  Ep  82 [SOLVED][   ] reward=  226.71  len= 439  streak(L,R)=(30,2)
  Ep  83 [SOLVED][   ] reward=  276.98  len= 192  streak(L,R)=(13,2)
  Ep  84 [SOLVED][   ] reward=  255.18  len= 251  streak(L,R)=(5,10)
  Ep  85 [SOLVED][   ] reward=  301.92  len= 225  streak(L,R)=(8,5)
  Ep  86 [    ][   ] reward=  121.73  len=1000  streak(L,R)=(33,11)
  Ep  87 [SOLVED][   ] reward=  278.10  len= 190  streak(L,R)=(16,6)
  Ep  88 [SOLVED][   ] reward=  302.11  len= 508  streak(L,R)=(9,11)
  Ep  89 [SOLVED][   ] reward=  259.03  len= 452  streak(L,R)=(34,3)
  Ep  90 [    ][   ] reward=   32.28  len= 128  streak(L,R)=(8,4)
  Ep  91 [    ][   ] reward=  178.85  len= 437  streak(L,R)=(25,2)
  Ep  92 [SOLVED][   ] reward=  230.66  len= 288  streak(L,R)=(40,8)
  Ep  93 [SOLVED][   ] reward=  314.35  len= 218  streak(L,R)=(12,11)
  Ep  94 [SOLVED][   ] reward=  307.61  len= 206  streak(L,R)=(14,14)
  Ep  95 [    ][   ] reward=  112.08  len=1000  streak(L,R)=(69,23)
  Ep  96 [    ][   ] reward=  153.78  len=1000  streak(L,R)=(28,7)
  Ep  97 [SOLVED][   ] reward=  277.57  len= 303  streak(L,R)=(7,3)
  Ep  98 [    ][   ] reward=   36.02  len= 150  streak(L,R)=(4,4)
  Ep  99 [SOLVED][   ] reward=  225.31  len= 191  streak(L,R)=(6,2)
  Ep 100 [SOLVED][   ] reward=  285.26  len= 208  streak(L,R)=(26,9)
  Ep 101 [SOLVED][   ] reward=  221.49  len= 208  streak(L,R)=(68,2)
  Ep 102 [SOLVED][   ] reward=  220.34  len= 845  streak(L,R)=(32,3)
  Ep 103 [    ][   ] reward=  107.96  len=1000  streak(L,R)=(19,7)
  Ep 104 [SOLVED][   ] reward=  270.54  len= 216  streak(L,R)=(20,6)
  Ep 105 [SOLVED][   ] reward=  277.97  len= 600  streak(L,R)=(9,28)
  Ep 106 [SOLVED][   ] reward=  224.74  len= 248  streak(L,R)=(11,32)
  Ep 107 [    ][   ] reward=  183.09  len= 472  streak(L,R)=(64,46)
  Ep 108 [    ][   ] reward=   54.70  len=1000  streak(L,R)=(75,24)
  Ep 109 [SOLVED][   ] reward=  220.80  len= 607  streak(L,R)=(76,4)
  Ep 110 [    ][   ] reward=  198.00  len= 509  streak(L,R)=(99,31)
  Ep 111 [SOLVED][   ] reward=  219.72  len= 411  streak(L,R)=(5,33)
  Ep 112 [SOLVED][   ] reward=  264.80  len= 234  streak(L,R)=(9,5)
  Ep 113 [    ][   ] reward=  100.22  len=1000  streak(L,R)=(5,4)
  Ep 114 [SOLVED][   ] reward=  247.97  len= 420  streak(L,R)=(36,10)
  Ep 115 [SOLVED][   ] reward=  301.96  len= 226  streak(L,R)=(11,13)
  Ep 116 [SOLVED][   ] reward=  301.36  len= 221  streak(L,R)=(13,9)
  Ep 117 [SOLVED][   ] reward=  277.31  len= 215  streak(L,R)=(9,11)
  Ep 118 [SOLVED][   ] reward=  297.95  len= 204  streak(L,R)=(13,9)
  Ep 119 [    ][   ] reward=   92.62  len=1000  streak(L,R)=(6,4)
  Ep 120 [SOLVED][   ] reward=  281.11  len= 220  streak(L,R)=(17,10)
  Ep 121 [SOLVED][   ] reward=  226.92  len= 532  streak(L,R)=(76,7)
  Ep 122 [SOLVED][   ] reward=  301.27  len= 211  streak(L,R)=(7,8)
  Ep 123 [SOLVED][   ] reward=  230.74  len= 627  streak(L,R)=(36,10)
  Ep 124 [SOLVED][   ] reward=  257.98  len= 369  streak(L,R)=(35,9)
  Ep 125 [SOLVED][   ] reward=  219.42  len= 405  streak(L,R)=(34,8)
  Ep 126 [SOLVED][   ] reward=  226.79  len= 428  streak(L,R)=(25,2)
  Ep 127 [SOLVED][   ] reward=  261.64  len= 245  streak(L,R)=(6,10)
  Ep 128 [SOLVED][   ] reward=  208.70  len= 573  streak(L,R)=(77,10)
  Ep 129 [    ][   ] reward=  180.89  len= 471  streak(L,R)=(77,10)
  Ep 130 [SOLVED][   ] reward=  229.14  len= 271  streak(L,R)=(3,5)
  Ep 131 [    ][   ] reward=  191.63  len= 414  streak(L,R)=(25,1)
  Ep 132 [SOLVED][   ] reward=  222.78  len= 249  streak(L,R)=(35,9)
  Ep 133 [SOLVED][   ] reward=  219.80  len= 518  streak(L,R)=(45,9)
  Ep 134 [    ][LOW] reward= -111.44  len= 108  streak(L,R)=(5,4)
  Ep 135 [SOLVED][   ] reward=  272.84  len= 227  streak(L,R)=(24,8)
  Ep 136 [SOLVED][   ] reward=  250.15  len= 560  streak(L,R)=(25,13)
  Ep 137 [SOLVED][   ] reward=  227.16  len= 583  streak(L,R)=(7,26)
  Ep 138 [SOLVED][   ] reward=  284.18  len= 271  streak(L,R)=(6,5)
  Ep 139 [SOLVED][   ] reward=  298.00  len= 190  streak(L,R)=(10,5)
  Ep 140 [SOLVED][   ] reward=  243.73  len= 325  streak(L,R)=(33,12)
  Ep 141 [SOLVED][   ] reward=  250.38  len= 392  streak(L,R)=(35,8)
  Ep 142 [SOLVED][   ] reward=  200.59  len= 405  streak(L,R)=(68,4)
  Ep 143 [    ][   ] reward=  128.62  len=1000  streak(L,R)=(33,13)
  Ep 144 [SOLVED][   ] reward=  262.72  len= 288  streak(L,R)=(12,17)
  Ep 145 [SOLVED][   ] reward=  303.01  len= 604  streak(L,R)=(11,14)
  Ep 146 [SOLVED][   ] reward=  261.44  len= 199  streak(L,R)=(12,6)
  Ep 147 [SOLVED][   ] reward=  314.11  len= 218  streak(L,R)=(10,12)
  Ep 148 [SOLVED][   ] reward=  305.47  len= 217  streak(L,R)=(9,12)
  Ep 149 [SOLVED][   ] reward=  245.41  len= 647  streak(L,R)=(11,27)
  Ep 150 [SOLVED][   ] reward=  268.93  len= 212  streak(L,R)=(12,10)
  Ep 151 [SOLVED][   ] reward=  294.23  len= 191  streak(L,R)=(14,9)
  Ep 152 [SOLVED][   ] reward=  264.27  len= 230  streak(L,R)=(6,4)
  Ep 153 [SOLVED][   ] reward=  259.52  len= 353  streak(L,R)=(21,29)
  Ep 154 [SOLVED][   ] reward=  260.72  len= 208  streak(L,R)=(24,8)
  Ep 155 [SOLVED][   ] reward=  234.21  len= 758  streak(L,R)=(75,34)
  Ep 156 [SOLVED][   ] reward=  276.24  len= 220  streak(L,R)=(24,8)
  Ep 157 [    ][LOW] reward=  -10.40  len= 191  streak(L,R)=(3,2)
  Ep 158 [SOLVED][   ] reward=  295.67  len= 246  streak(L,R)=(26,10)
  Ep 159 [SOLVED][   ] reward=  274.61  len= 194  streak(L,R)=(10,6)
  Ep 160 [SOLVED][   ] reward=  234.96  len= 550  streak(L,R)=(10,8)
  Ep 161 [    ][   ] reward=  197.74  len= 354  streak(L,R)=(31,8)
  Ep 162 [SOLVED][   ] reward=  221.51  len= 383  streak(L,R)=(31,1)
  Ep 163 [SOLVED][   ] reward=  291.39  len= 203  streak(L,R)=(21,3)
  Ep 164 [SOLVED][   ] reward=  229.35  len= 324  streak(L,R)=(34,9)
  Ep 165 [SOLVED][   ] reward=  307.96  len= 221  streak(L,R)=(16,12)
  Ep 166 [SOLVED][   ] reward=  295.67  len= 200  streak(L,R)=(8,10)
  Ep 167 [SOLVED][   ] reward=  274.19  len= 227  streak(L,R)=(8,5)
  Ep 168 [SOLVED][   ] reward=  314.10  len= 236  streak(L,R)=(12,13)
  Ep 169 [SOLVED][   ] reward=  202.66  len= 365  streak(L,R)=(35,9)
  Ep 170 [    ][   ] reward=  163.33  len= 973  streak(L,R)=(136,23)
  Ep 171 [SOLVED][   ] reward=  240.88  len= 397  streak(L,R)=(37,8)
  Ep 172 [    ][   ] reward=  175.45  len=1000  streak(L,R)=(7,11)
  Ep 173 [    ][   ] reward=  112.16  len=1000  streak(L,R)=(7,2)
  Ep 174 [SOLVED][   ] reward=  298.45  len= 198  streak(L,R)=(13,12)
  Ep 175 [SOLVED][   ] reward=  261.65  len= 255  streak(L,R)=(11,3)
  Ep 176 [SOLVED][   ] reward=  253.97  len= 227  streak(L,R)=(10,1)
  Ep 177 [    ][   ] reward=    2.22  len= 123  streak(L,R)=(9,4)
  Ep 178 [SOLVED][   ] reward=  268.36  len= 228  streak(L,R)=(12,7)
  Ep 179 [SOLVED][   ] reward=  235.06  len= 631  streak(L,R)=(35,11)
  Ep 180 [SOLVED][   ] reward=  271.21  len= 199  streak(L,R)=(8,2)
  Ep 181 [    ][   ] reward=  164.47  len=1000  streak(L,R)=(23,6)
  Ep 182 [SOLVED][   ] reward=  232.21  len= 381  streak(L,R)=(31,1)
  Ep 183 [    ][   ] reward=  134.01  len=1000  streak(L,R)=(5,2)
  Ep 184 [SOLVED][   ] reward=  267.37  len= 430  streak(L,R)=(4,2)
  Ep 185 [SOLVED][   ] reward=  294.04  len= 190  streak(L,R)=(14,8)
  Ep 186 [SOLVED][   ] reward=  229.18  len= 401  streak(L,R)=(35,10)
  Ep 187 [SOLVED][   ] reward=  275.15  len= 223  streak(L,R)=(10,4)
  Ep 188 [    ][   ] reward=  138.58  len=1000  streak(L,R)=(8,3)
  Ep 189 [    ][   ] reward=  129.39  len=1000  streak(L,R)=(5,4)
  Ep 190 [SOLVED][   ] reward=  295.88  len= 210  streak(L,R)=(24,9)
  Ep 191 [SOLVED][   ] reward=  207.66  len= 575  streak(L,R)=(74,6)
  Ep 192 [    ][   ] reward=   57.85  len=1000  streak(L,R)=(81,24)
  Ep 193 [    ][   ] reward=  184.16  len= 825  streak(L,R)=(76,33)
  Ep 194 [SOLVED][   ] reward=  201.71  len= 313  streak(L,R)=(33,10)
  Ep 195 [    ][   ] reward=  198.32  len= 921  streak(L,R)=(25,3)
  Ep 196 [SOLVED][   ] reward=  261.54  len= 194  streak(L,R)=(12,6)
  Ep 197 [SOLVED][   ] reward=  227.69  len= 357  streak(L,R)=(34,10)
  Ep 198 [SOLVED][   ] reward=  260.09  len= 482  streak(L,R)=(205,9)
  Ep 199 [SOLVED][   ] reward=  289.68  len= 219  streak(L,R)=(10,8)
  Ep 200 [SOLVED][   ] reward=  264.06  len= 387  streak(L,R)=(8,4)
  Ep 201 [SOLVED][   ] reward=  283.74  len= 234  streak(L,R)=(27,10)
  Ep 202 [SOLVED][   ] reward=  209.51  len= 693  streak(L,R)=(6,2)
  Ep 203 [    ][   ] reward=   85.34  len=1000  streak(L,R)=(7,1)
  Ep 204 [SOLVED][   ] reward=  237.92  len= 313  streak(L,R)=(17,12)
  Ep 205 [SOLVED][   ] reward=  238.69  len= 448  streak(L,R)=(37,9)
  Ep 206 [SOLVED][   ] reward=  298.05  len= 235  streak(L,R)=(17,7)
  Ep 207 [SOLVED][   ] reward=  238.62  len= 367  streak(L,R)=(14,2)
  Ep 208 [SOLVED][   ] reward=  229.08  len= 392  streak(L,R)=(27,3)
  Ep 209 [SOLVED][   ] reward=  311.91  len= 203  streak(L,R)=(12,14)
  Ep 210 [SOLVED][   ] reward=  298.72  len= 562  streak(L,R)=(20,11)
  Ep 211 [    ][   ] reward=  133.05  len=1000  streak(L,R)=(5,9)
  Ep 212 [SOLVED][   ] reward=  216.58  len= 508  streak(L,R)=(25,2)
  Ep 213 [SOLVED][   ] reward=  255.04  len= 214  streak(L,R)=(24,7)
  Ep 214 [SOLVED][   ] reward=  277.32  len= 228  streak(L,R)=(21,11)
  Ep 215 [SOLVED][   ] reward=  292.92  len= 233  streak(L,R)=(10,9)
  Ep 216 [SOLVED][   ] reward=  237.84  len= 397  streak(L,R)=(34,11)
  Ep 217 [SOLVED][   ] reward=  276.46  len= 251  streak(L,R)=(12,2)
  Ep 218 [SOLVED][   ] reward=  255.95  len= 456  streak(L,R)=(3,10)
  Ep 219 [    ][   ] reward=  142.23  len=1000  streak(L,R)=(9,1)
  Ep 220 [SOLVED][   ] reward=  220.60  len= 554  streak(L,R)=(25,3)
  Ep 221 [SOLVED][   ] reward=  279.94  len= 198  streak(L,R)=(6,3)
  Ep 222 [SOLVED][   ] reward=  261.70  len= 463  streak(L,R)=(29,2)
  Ep 223 [    ][   ] reward=  185.06  len= 441  streak(L,R)=(25,1)
  Ep 224 [SOLVED][   ] reward=  242.73  len= 398  streak(L,R)=(36,8)
  Ep 225 [SOLVED][   ] reward=  266.35  len= 220  streak(L,R)=(5,8)
  Ep 226 [SOLVED][   ] reward=  253.67  len= 315  streak(L,R)=(29,2)
  Ep 227 [SOLVED][   ] reward=  279.93  len= 860  streak(L,R)=(16,10)
  Ep 228 [SOLVED][   ] reward=  222.77  len= 541  streak(L,R)=(70,3)
  Ep 229 [    ][LOW] reward= -228.58  len= 110  streak(L,R)=(6,6)
  Ep 230 [SOLVED][   ] reward=  244.34  len= 365  streak(L,R)=(8,2)
  Ep 231 [SOLVED][   ] reward=  215.03  len= 291  streak(L,R)=(31,11)
  Ep 232 [SOLVED][   ] reward=  257.16  len= 256  streak(L,R)=(9,5)
  Ep 233 [    ][   ] reward=   27.74  len= 142  streak(L,R)=(4,4)
  Ep 234 [SOLVED][   ] reward=  276.61  len= 214  streak(L,R)=(4,2)
  Ep 235 [SOLVED][   ] reward=  289.74  len= 226  streak(L,R)=(27,10)
  Ep 236 [SOLVED][   ] reward=  210.46  len= 324  streak(L,R)=(7,30)
  Ep 237 [    ][   ] reward=  191.59  len= 410  streak(L,R)=(30,2)
  Ep 238 [SOLVED][   ] reward=  287.29  len= 242  streak(L,R)=(7,8)
  Ep 239 [SOLVED][   ] reward=  208.28  len= 491  streak(L,R)=(25,4)
  Ep 240 [SOLVED][   ] reward=  218.92  len= 493  streak(L,R)=(75,3)
  Ep 241 [SOLVED][   ] reward=  309.33  len= 237  streak(L,R)=(14,8)
  Ep 242 [SOLVED][   ] reward=  260.06  len= 192  streak(L,R)=(14,1)
  Ep 243 [SOLVED][   ] reward=  293.76  len= 231  streak(L,R)=(10,11)
  Ep 244 [SOLVED][   ] reward=  300.10  len= 225  streak(L,R)=(10,10)
  Ep 245 [    ][   ] reward=  137.24  len= 791  streak(L,R)=(93,45)
  Ep 246 [SOLVED][   ] reward=  216.30  len= 536  streak(L,R)=(15,6)
  Ep 247 [SOLVED][   ] reward=  235.94  len= 474  streak(L,R)=(35,10)
  Ep 248 [SOLVED][   ] reward=  245.87  len= 382  streak(L,R)=(37,10)
  Ep 249 [    ][LOW] reward= -156.12  len= 103  streak(L,R)=(5,4)
  Ep 250 [SOLVED][   ] reward=  221.60  len= 265  streak(L,R)=(60,6)
  Ep 251 [SOLVED][   ] reward=  227.01  len= 429  streak(L,R)=(30,9)
  Ep 252 [SOLVED][   ] reward=  263.39  len= 290  streak(L,R)=(33,13)
  Ep 253 [SOLVED][   ] reward=  283.81  len= 185  streak(L,R)=(4,1)
  Ep 254 [SOLVED][   ] reward=  281.48  len= 214  streak(L,R)=(7,4)
  Ep 255 [SOLVED][   ] reward=  262.26  len= 452  streak(L,R)=(6,2)
  Ep 256 [    ][LOW] reward=  -31.43  len=1000  streak(L,R)=(68,79)
  Ep 257 [SOLVED][   ] reward=  235.10  len= 777  streak(L,R)=(67,30)
  Ep 258 [SOLVED][   ] reward=  285.25  len= 206  streak(L,R)=(10,4)
  Ep 259 [    ][   ] reward=  168.01  len=1000  streak(L,R)=(9,6)
  Ep 260 [SOLVED][   ] reward=  237.39  len= 639  streak(L,R)=(31,6)
  Ep 261 [SOLVED][   ] reward=  240.89  len= 523  streak(L,R)=(71,5)
  Ep 262 [    ][LOW] reward=  -71.15  len= 109  streak(L,R)=(8,3)
  Ep 263 [SOLVED][   ] reward=  203.88  len= 364  streak(L,R)=(25,1)
  Ep 264 [SOLVED][   ] reward=  305.95  len= 222  streak(L,R)=(16,11)
  Ep 265 [SOLVED][   ] reward=  316.38  len= 217  streak(L,R)=(11,13)
  Ep 266 [SOLVED][   ] reward=  261.91  len= 227  streak(L,R)=(14,7)
  Ep 267 [SOLVED][   ] reward=  260.89  len= 360  streak(L,R)=(36,9)
  Ep 268 [SOLVED][   ] reward=  274.52  len= 218  streak(L,R)=(20,11)
  Ep 269 [SOLVED][   ] reward=  256.04  len= 885  streak(L,R)=(7,3)
  Ep 270 [SOLVED][   ] reward=  309.78  len= 216  streak(L,R)=(11,12)
  Ep 271 [SOLVED][   ] reward=  288.30  len= 233  streak(L,R)=(24,9)
  Ep 272 [SOLVED][   ] reward=  289.14  len= 235  streak(L,R)=(12,10)
  Ep 273 [    ][   ] reward=  196.99  len= 464  streak(L,R)=(35,9)
  Ep 274 [SOLVED][   ] reward=  252.78  len= 203  streak(L,R)=(12,6)
  Ep 275 [SOLVED][   ] reward=  278.68  len= 546  streak(L,R)=(12,31)
  Ep 276 [SOLVED][   ] reward=  252.92  len= 219  streak(L,R)=(10,3)
  Ep 277 [    ][   ] reward=  100.55  len=1000  streak(L,R)=(10,4)
  Ep 278 [SOLVED][   ] reward=  315.08  len= 223  streak(L,R)=(16,13)
  Ep 279 [    ][   ] reward=   83.66  len=1000  streak(L,R)=(59,34)
  Ep 280 [SOLVED][   ] reward=  256.27  len= 477  streak(L,R)=(77,27)
  Ep 281 [SOLVED][   ] reward=  282.04  len= 210  streak(L,R)=(15,7)
  Ep 282 [SOLVED][   ] reward=  302.64  len= 265  streak(L,R)=(18,29)
  Ep 283 [    ][   ] reward=  103.51  len=1000  streak(L,R)=(6,1)
  Ep 284 [SOLVED][   ] reward=  236.86  len= 380  streak(L,R)=(6,9)
  Ep 285 [SOLVED][   ] reward=  264.91  len= 278  streak(L,R)=(11,10)
  Ep 286 [SOLVED][   ] reward=  246.51  len= 486  streak(L,R)=(67,25)
  Ep 287 [SOLVED][   ] reward=  283.18  len= 223  streak(L,R)=(10,3)
  Ep 288 [    ][   ] reward=  104.87  len=1000  streak(L,R)=(76,6)
  Ep 289 [SOLVED][   ] reward=  226.43  len= 558  streak(L,R)=(105,13)
  Ep 290 [SOLVED][   ] reward=  285.20  len= 223  streak(L,R)=(10,9)
  Ep 291 [SOLVED][   ] reward=  204.98  len= 332  streak(L,R)=(35,10)
  Ep 292 [SOLVED][   ] reward=  243.89  len= 478  streak(L,R)=(35,9)
  Ep 293 [SOLVED][   ] reward=  210.65  len= 352  streak(L,R)=(33,10)
  Ep 294 [SOLVED][   ] reward=  273.77  len= 534  streak(L,R)=(11,2)
  Ep 295 [SOLVED][   ] reward=  230.04  len= 364  streak(L,R)=(34,10)
  Ep 296 [SOLVED][   ] reward=  278.97  len= 504  streak(L,R)=(10,29)
  Ep 297 [SOLVED][   ] reward=  298.39  len= 247  streak(L,R)=(14,9)
  Ep 298 [SOLVED][   ] reward=  276.31  len= 371  streak(L,R)=(8,33)
  Ep 299 [SOLVED][   ] reward=  270.43  len= 236  streak(L,R)=(18,11)
  Ep 300 [SOLVED][   ] reward=  254.58  len= 422  streak(L,R)=(36,11)
  Ep 301 [SOLVED][   ] reward=  264.09  len= 249  streak(L,R)=(15,1)
  Ep 302 [    ][   ] reward=   93.91  len=1000  streak(L,R)=(8,1)
  Ep 303 [    ][   ] reward=   11.74  len= 117  streak(L,R)=(4,3)
  Ep 304 [SOLVED][   ] reward=  242.71  len= 223  streak(L,R)=(7,1)
  Ep 305 [    ][   ] reward=   54.01  len= 144  streak(L,R)=(7,4)
  Ep 306 [SOLVED][   ] reward=  227.94  len= 374  streak(L,R)=(30,2)
  Ep 307 [SOLVED][   ] reward=  255.51  len= 197  streak(L,R)=(13,8)
  Ep 308 [SOLVED][   ] reward=  303.20  len= 222  streak(L,R)=(10,10)
  Ep 309 [SOLVED][   ] reward=  256.73  len= 222  streak(L,R)=(12,9)
  Ep 310 [SOLVED][   ] reward=  224.92  len= 606  streak(L,R)=(25,3)
  Ep 311 [SOLVED][   ] reward=  310.39  len= 205  streak(L,R)=(9,15)
  Ep 312 [SOLVED][   ] reward=  217.07  len= 355  streak(L,R)=(3,30)
  Ep 313 [SOLVED][   ] reward=  218.77  len= 356  streak(L,R)=(36,8)
  Ep 314 [SOLVED][   ] reward=  297.38  len= 210  streak(L,R)=(10,9)
  Ep 315 [    ][   ] reward=   58.70  len= 140  streak(L,R)=(7,5)
  Ep 316 [SOLVED][   ] reward=  238.65  len= 305  streak(L,R)=(29,1)
  Ep 317 [SOLVED][   ] reward=  244.10  len= 937  streak(L,R)=(9,2)
  Ep 318 [SOLVED][   ] reward=  307.41  len= 222  streak(L,R)=(10,11)
  Ep 319 [    ][   ] reward=  108.52  len=1000  streak(L,R)=(73,38)
  Ep 320 [SOLVED][   ] reward=  200.53  len= 416  streak(L,R)=(37,10)
  Ep 321 [SOLVED][   ] reward=  260.72  len= 603  streak(L,R)=(4,32)
  Ep 322 [SOLVED][   ] reward=  245.60  len= 332  streak(L,R)=(35,11)
  Ep 323 [SOLVED][   ] reward=  220.05  len= 481  streak(L,R)=(25,2)
  Ep 324 [SOLVED][   ] reward=  260.37  len= 443  streak(L,R)=(73,9)
  Ep 325 [    ][   ] reward=  141.95  len= 514  streak(L,R)=(75,23)
  Ep 326 [    ][LOW] reward= -314.19  len= 127  streak(L,R)=(2,7)
  Ep 327 [    ][   ] reward=  193.73  len= 552  streak(L,R)=(83,12)
  Ep 328 [    ][   ] reward=  144.33  len=1000  streak(L,R)=(9,5)
  Ep 329 [SOLVED][   ] reward=  247.89  len= 541  streak(L,R)=(9,46)
  Ep 330 [SOLVED][   ] reward=  249.14  len= 169  streak(L,R)=(7,4)
  Ep 331 [SOLVED][   ] reward=  297.96  len= 204  streak(L,R)=(15,7)
  Ep 332 [SOLVED][   ] reward=  292.91  len= 217  streak(L,R)=(11,9)
  Ep 333 [SOLVED][   ] reward=  303.15  len= 207  streak(L,R)=(6,7)
  Ep 334 [SOLVED][   ] reward=  276.83  len= 187  streak(L,R)=(14,4)
  Ep 335 [SOLVED][   ] reward=  221.13  len= 404  streak(L,R)=(74,34)
  Ep 336 [    ][   ] reward=  164.91  len=1000  streak(L,R)=(6,7)
  Ep 337 [SOLVED][   ] reward=  306.08  len= 480  streak(L,R)=(14,12)
  Ep 338 [SOLVED][   ] reward=  277.11  len= 248  streak(L,R)=(9,10)
  Ep 339 [    ][   ] reward=  199.29  len= 929  streak(L,R)=(103,34)
  Ep 340 [    ][   ] reward=  140.18  len=1000  streak(L,R)=(7,20)
  Ep 341 [    ][   ] reward=  184.77  len= 584  streak(L,R)=(25,2)
  Ep 342 [SOLVED][   ] reward=  311.66  len= 234  streak(L,R)=(14,12)
  Ep 343 [SOLVED][   ] reward=  296.75  len= 899  streak(L,R)=(16,12)
  Ep 344 [SOLVED][   ] reward=  283.33  len= 218  streak(L,R)=(10,10)
  Ep 345 [    ][   ] reward=  166.74  len= 441  streak(L,R)=(74,8)
  Ep 346 [SOLVED][   ] reward=  208.46  len= 508  streak(L,R)=(25,2)
  Ep 347 [    ][   ] reward=  109.92  len=1000  streak(L,R)=(14,1)
  Ep 348 [SOLVED][   ] reward=  289.34  len= 204  streak(L,R)=(11,4)
  Ep 349 [SOLVED][   ] reward=  235.98  len= 452  streak(L,R)=(34,8)
  Ep 350 [SOLVED][   ] reward=  236.81  len= 198  streak(L,R)=(8,4)
  Ep 351 [    ][   ] reward=   17.24  len= 152  streak(L,R)=(7,8)
  Ep 352 [SOLVED][   ] reward=  314.61  len= 206  streak(L,R)=(13,10)
  Ep 353 [SOLVED][   ] reward=  213.99  len= 291  streak(L,R)=(5,30)
  Ep 354 [SOLVED][   ] reward=  246.52  len= 431  streak(L,R)=(35,10)
  Ep 355 [SOLVED][   ] reward=  232.11  len= 351  streak(L,R)=(34,10)
  Ep 356 [    ][   ] reward=   36.82  len= 159  streak(L,R)=(3,2)
  Ep 357 [SOLVED][   ] reward=  246.06  len= 254  streak(L,R)=(5,1)
  Ep 358 [SOLVED][   ] reward=  266.12  len= 385  streak(L,R)=(6,3)
  Ep 359 [SOLVED][   ] reward=  217.03  len= 500  streak(L,R)=(29,4)
  Ep 360 [SOLVED][   ] reward=  293.67  len= 255  streak(L,R)=(4,9)
  Ep 361 [SOLVED][   ] reward=  226.19  len= 403  streak(L,R)=(34,8)
  Ep 362 [SOLVED][   ] reward=  304.37  len= 224  streak(L,R)=(11,8)
  Ep 363 [SOLVED][   ] reward=  280.37  len= 212  streak(L,R)=(11,8)
  Ep 364 [SOLVED][   ] reward=  277.08  len= 250  streak(L,R)=(31,10)
  Ep 365 [SOLVED][   ] reward=  242.70  len= 296  streak(L,R)=(7,7)
  Ep 366 [SOLVED][   ] reward=  307.88  len= 229  streak(L,R)=(11,11)
  Ep 367 [SOLVED][   ] reward=  242.26  len= 471  streak(L,R)=(34,11)
  Ep 368 [    ][   ] reward=   65.56  len= 149  streak(L,R)=(9,8)
  Ep 369 [SOLVED][   ] reward=  289.36  len= 211  streak(L,R)=(21,10)
  Ep 370 [    ][   ] reward=  112.46  len= 799  streak(L,R)=(72,42)
  Ep 371 [SOLVED][   ] reward=  287.18  len= 182  streak(L,R)=(23,3)
  Ep 372 [SOLVED][   ] reward=  273.75  len= 239  streak(L,R)=(3,7)
  Ep 373 [SOLVED][   ] reward=  236.43  len= 309  streak(L,R)=(33,10)
  Ep 374 [SOLVED][   ] reward=  276.38  len= 221  streak(L,R)=(11,8)
  Ep 375 [SOLVED][   ] reward=  264.38  len= 379  streak(L,R)=(33,8)
  Ep 376 [    ][   ] reward=   89.55  len=1000  streak(L,R)=(75,37)
  Ep 377 [    ][   ] reward=   60.35  len= 161  streak(L,R)=(3,12)
  Ep 378 [    ][   ] reward=  191.36  len= 462  streak(L,R)=(31,2)
  Ep 379 [SOLVED][   ] reward=  294.28  len= 365  streak(L,R)=(6,12)
  Ep 380 [SOLVED][   ] reward=  258.85  len= 218  streak(L,R)=(15,9)
  Ep 381 [SOLVED][   ] reward=  202.93  len= 388  streak(L,R)=(35,10)
  Ep 382 [    ][   ] reward=   43.06  len= 157  streak(L,R)=(1,6)
  Ep 383 [SOLVED][   ] reward=  291.79  len= 220  streak(L,R)=(8,6)
  Ep 384 [SOLVED][   ] reward=  223.87  len= 229  streak(L,R)=(60,4)
  Ep 385 [    ][   ] reward=  179.81  len= 401  streak(L,R)=(74,3)
  Ep 386 [SOLVED][   ] reward=  206.95  len= 481  streak(L,R)=(25,1)
  Ep 387 [    ][   ] reward=  116.85  len= 779  streak(L,R)=(69,32)
  Ep 388 [SOLVED][   ] reward=  257.04  len= 344  streak(L,R)=(34,10)
  Ep 389 [SOLVED][   ] reward=  312.15  len= 209  streak(L,R)=(15,10)
  Ep 390 [    ][   ] reward=  196.64  len= 622  streak(L,R)=(77,20)
  Ep 391 [SOLVED][   ] reward=  231.70  len= 386  streak(L,R)=(35,9)
  Ep 392 [SOLVED][   ] reward=  283.57  len= 431  streak(L,R)=(31,3)
  Ep 393 [SOLVED][   ] reward=  293.68  len= 219  streak(L,R)=(13,10)
  Ep 394 [SOLVED][   ] reward=  235.66  len= 515  streak(L,R)=(3,2)
  Ep 395 [SOLVED][   ] reward=  244.78  len= 473  streak(L,R)=(35,10)
  Ep 396 [SOLVED][   ] reward=  237.18  len= 560  streak(L,R)=(29,3)
  Ep 397 [SOLVED][   ] reward=  245.19  len= 199  streak(L,R)=(17,5)
  Ep 398 [    ][   ] reward=  195.30  len= 507  streak(L,R)=(76,1)
  Ep 399 [SOLVED][   ] reward=  295.14  len= 221  streak(L,R)=(7,19)
  Ep 400 [SOLVED][   ] reward=  304.56  len= 221  streak(L,R)=(13,12)
  Ep 401 [SOLVED][   ] reward=  297.69  len= 236  streak(L,R)=(17,7)
  Ep 402 [SOLVED][   ] reward=  200.27  len= 401  streak(L,R)=(25,1)
  Ep 403 [SOLVED][   ] reward=  247.09  len= 580  streak(L,R)=(73,9)
  Ep 404 [    ][   ] reward=  170.22  len= 686  streak(L,R)=(25,2)
  Ep 405 [SOLVED][   ] reward=  253.50  len= 845  streak(L,R)=(139,19)
  Ep 406 [SOLVED][   ] reward=  224.76  len= 507  streak(L,R)=(8,10)
  Ep 407 [SOLVED][   ] reward=  229.95  len= 350  streak(L,R)=(34,8)
  Ep 408 [    ][LOW] reward=  -41.15  len=1000  streak(L,R)=(71,66)
  Ep 409 [SOLVED][   ] reward=  257.12  len= 213  streak(L,R)=(26,10)
  Ep 410 [SOLVED][   ] reward=  228.14  len= 407  streak(L,R)=(35,11)
  Ep 411 [SOLVED][   ] reward=  229.51  len= 871  streak(L,R)=(11,10)
  Ep 412 [SOLVED][   ] reward=  228.77  len= 306  streak(L,R)=(31,10)
  Ep 413 [SOLVED][   ] reward=  295.01  len= 205  streak(L,R)=(15,2)
  Ep 414 [SOLVED][   ] reward=  284.89  len= 223  streak(L,R)=(10,10)
  Ep 415 [SOLVED][   ] reward=  282.61  len= 151  streak(L,R)=(12,2)
  Ep 416 [SOLVED][   ] reward=  235.44  len= 354  streak(L,R)=(37,11)
  Ep 417 [SOLVED][   ] reward=  268.09  len= 210  streak(L,R)=(12,9)
  Ep 418 [SOLVED][   ] reward=  311.08  len= 222  streak(L,R)=(9,13)
  Ep 419 [    ][LOW] reward=  -30.00  len= 108  streak(L,R)=(9,3)
  Ep 420 [SOLVED][   ] reward=  288.05  len= 213  streak(L,R)=(26,10)
  Ep 421 [SOLVED][   ] reward=  300.53  len= 228  streak(L,R)=(13,11)
  Ep 422 [SOLVED][   ] reward=  251.31  len= 209  streak(L,R)=(11,4)
  Ep 423 [SOLVED][   ] reward=  221.15  len= 458  streak(L,R)=(69,22)
  Ep 424 [    ][LOW] reward=   -3.82  len= 195  streak(L,R)=(4,1)
  Ep 425 [    ][   ] reward=  196.76  len= 573  streak(L,R)=(74,12)
  Ep 426 [SOLVED][   ] reward=  212.88  len= 499  streak(L,R)=(66,24)
  Ep 427 [SOLVED][   ] reward=  249.50  len= 494  streak(L,R)=(34,10)
  Ep 428 [SOLVED][   ] reward=  271.82  len= 190  streak(L,R)=(12,11)
  Ep 429 [SOLVED][   ] reward=  279.56  len= 224  streak(L,R)=(10,10)
  Ep 430 [SOLVED][   ] reward=  279.78  len= 262  streak(L,R)=(26,5)
  Ep 431 [SOLVED][   ] reward=  254.35  len= 784  streak(L,R)=(5,2)
  Ep 432 [    ][   ] reward=  199.70  len= 656  streak(L,R)=(75,30)
  Ep 433 [    ][LOW] reward=   -8.75  len= 180  streak(L,R)=(4,2)
  Ep 434 [SOLVED][   ] reward=  252.33  len= 197  streak(L,R)=(8,5)
  Ep 435 [SOLVED][   ] reward=  246.36  len= 343  streak(L,R)=(2,10)
  Ep 436 [SOLVED][   ] reward=  236.60  len= 361  streak(L,R)=(36,8)
  Ep 437 [SOLVED][   ] reward=  214.30  len= 237  streak(L,R)=(12,2)
  Ep 438 [SOLVED][   ] reward=  232.18  len= 675  streak(L,R)=(12,4)
  Ep 439 [SOLVED][   ] reward=  215.55  len= 491  streak(L,R)=(35,11)
  Ep 440 [SOLVED][   ] reward=  235.64  len= 964  streak(L,R)=(5,2)
  Ep 441 [    ][   ] reward=  118.14  len=1000  streak(L,R)=(7,6)
  Ep 442 [SOLVED][   ] reward=  246.39  len= 489  streak(L,R)=(34,10)
  Ep 443 [SOLVED][   ] reward=  221.14  len= 541  streak(L,R)=(30,1)
  Ep 444 [SOLVED][   ] reward=  308.12  len= 215  streak(L,R)=(8,15)
  Ep 445 [SOLVED][   ] reward=  234.66  len= 777  streak(L,R)=(73,40)
  Ep 446 [SOLVED][   ] reward=  291.64  len= 216  streak(L,R)=(22,8)
  Ep 447 [SOLVED][   ] reward=  234.73  len= 390  streak(L,R)=(29,9)
  Ep 448 [SOLVED][   ] reward=  264.47  len= 793  streak(L,R)=(10,4)
  Ep 449 [SOLVED][   ] reward=  235.80  len= 386  streak(L,R)=(37,9)
  Ep 450 [SOLVED][   ] reward=  245.76  len= 219  streak(L,R)=(6,4)
  Ep 451 [    ][   ] reward=  198.73  len= 351  streak(L,R)=(42,9)
  Ep 452 [SOLVED][   ] reward=  276.72  len= 213  streak(L,R)=(23,11)
  Ep 453 [SOLVED][   ] reward=  220.01  len= 289  streak(L,R)=(34,10)
  Ep 454 [SOLVED][   ] reward=  309.01  len= 227  streak(L,R)=(14,11)
  Ep 455 [SOLVED][   ] reward=  273.70  len= 232  streak(L,R)=(6,2)
  Ep 456 [SOLVED][   ] reward=  203.40  len= 347  streak(L,R)=(28,1)
  Ep 457 [SOLVED][   ] reward=  293.72  len= 205  streak(L,R)=(7,50)
  Ep 458 [SOLVED][   ] reward=  260.68  len= 229  streak(L,R)=(5,2)
  Ep 459 [SOLVED][   ] reward=  301.35  len= 217  streak(L,R)=(14,2)
  Ep 460 [    ][   ] reward=  102.59  len=1000  streak(L,R)=(9,4)
  Ep 461 [SOLVED][   ] reward=  204.46  len= 479  streak(L,R)=(25,2)
  Ep 462 [SOLVED][   ] reward=  256.03  len= 419  streak(L,R)=(10,6)
  Ep 463 [    ][   ] reward=  142.80  len=1000  streak(L,R)=(8,2)
  Ep 464 [SOLVED][   ] reward=  281.91  len= 307  streak(L,R)=(9,6)
  Ep 465 [SOLVED][   ] reward=  255.68  len= 314  streak(L,R)=(33,10)
  Ep 466 [SOLVED][   ] reward=  307.60  len= 210  streak(L,R)=(11,7)
  Ep 467 [SOLVED][   ] reward=  231.77  len= 407  streak(L,R)=(72,21)
  Ep 468 [SOLVED][   ] reward=  245.47  len= 190  streak(L,R)=(14,6)
  Ep 469 [SOLVED][   ] reward=  212.88  len= 518  streak(L,R)=(25,1)
  Ep 470 [SOLVED][   ] reward=  255.12  len= 205  streak(L,R)=(28,8)
  Ep 471 [SOLVED][   ] reward=  231.85  len= 410  streak(L,R)=(34,8)
  Ep 472 [SOLVED][   ] reward=  253.88  len= 203  streak(L,R)=(12,1)
  Ep 473 [    ][   ] reward=  181.91  len= 547  streak(L,R)=(27,1)
  Ep 474 [SOLVED][   ] reward=  224.96  len= 455  streak(L,R)=(33,10)
  Ep 475 [SOLVED][   ] reward=  271.01  len= 214  streak(L,R)=(3,5)
  Ep 476 [SOLVED][   ] reward=  229.69  len= 842  streak(L,R)=(11,9)
  Ep 477 [SOLVED][   ] reward=  231.43  len= 294  streak(L,R)=(33,10)
  Ep 478 [SOLVED][   ] reward=  266.95  len= 203  streak(L,R)=(25,3)
  Ep 479 [SOLVED][   ] reward=  289.93  len= 215  streak(L,R)=(24,10)
  Ep 480 [SOLVED][   ] reward=  248.39  len= 735  streak(L,R)=(7,27)
  Ep 481 [SOLVED][   ] reward=  302.52  len= 212  streak(L,R)=(10,12)
  Ep 482 [SOLVED][   ] reward=  218.08  len= 344  streak(L,R)=(35,10)
  Ep 483 [SOLVED][   ] reward=  229.84  len= 847  streak(L,R)=(96,33)
  Ep 484 [SOLVED][   ] reward=  224.08  len= 480  streak(L,R)=(30,4)
  Ep 485 [SOLVED][   ] reward=  223.51  len= 560  streak(L,R)=(146,20)
  Ep 486 [SOLVED][   ] reward=  248.63  len= 287  streak(L,R)=(34,8)
  Ep 487 [SOLVED][   ] reward=  250.91  len= 434  streak(L,R)=(36,10)
  Ep 488 [SOLVED][   ] reward=  236.61  len= 718  streak(L,R)=(87,24)
  Ep 489 [SOLVED][   ] reward=  260.41  len= 215  streak(L,R)=(9,4)
  Ep 490 [SOLVED][   ] reward=  293.90  len= 233  streak(L,R)=(9,12)
  Ep 491 [SOLVED][   ] reward=  280.86  len= 218  streak(L,R)=(5,10)
  Ep 492 [SOLVED][   ] reward=  278.99  len= 196  streak(L,R)=(15,9)
  Ep 493 [SOLVED][   ] reward=  237.81  len= 583  streak(L,R)=(30,2)
  Ep 494 [    ][LOW] reward=  -31.74  len= 104  streak(L,R)=(10,2)
  Ep 495 [SOLVED][   ] reward=  297.59  len= 242  streak(L,R)=(9,9)
  Ep 496 [SOLVED][   ] reward=  227.41  len= 420  streak(L,R)=(38,9)
  Ep 497 [SOLVED][   ] reward=  244.61  len= 607  streak(L,R)=(24,31)
  Ep 498 [SOLVED][   ] reward=  223.80  len= 501  streak(L,R)=(29,5)
  Ep 499 [SOLVED][   ] reward=  224.74  len= 696  streak(L,R)=(25,1)
  Ep 500 [    ][   ] reward=  158.27  len=1000  streak(L,R)=(6,6)
  Ep 501 [SOLVED][   ] reward=  243.29  len= 451  streak(L,R)=(35,9)
  Ep 502 [    ][   ] reward=  111.25  len=1000  streak(L,R)=(8,2)
  Ep 503 [    ][   ] reward=    0.71  len= 125  streak(L,R)=(5,4)
  Ep 504 [SOLVED][   ] reward=  250.97  len= 281  streak(L,R)=(6,1)
  Ep 505 [SOLVED][   ] reward=  282.60  len= 236  streak(L,R)=(10,9)
  Ep 506 [    ][   ] reward=   52.19  len= 160  streak(L,R)=(2,10)
  Ep 507 [SOLVED][   ] reward=  227.43  len= 858  streak(L,R)=(11,10)
  Ep 508 [SOLVED][   ] reward=  259.44  len= 224  streak(L,R)=(9,4)
  Ep 509 [SOLVED][   ] reward=  245.40  len= 373  streak(L,R)=(36,10)
  Ep 510 [SOLVED][   ] reward=  295.51  len= 233  streak(L,R)=(9,9)
  Ep 511 [SOLVED][   ] reward=  294.51  len= 230  streak(L,R)=(8,9)
  Ep 512 [SOLVED][   ] reward=  298.05  len= 207  streak(L,R)=(47,7)
  Ep 513 [    ][   ] reward=   68.87  len= 165  streak(L,R)=(5,15)
  Ep 514 [SOLVED][   ] reward=  258.18  len= 344  streak(L,R)=(13,3)
  Ep 515 [    ][   ] reward=  189.17  len= 573  streak(L,R)=(25,2)
  Ep 516 [    ][   ] reward=  185.59  len= 417  streak(L,R)=(98,9)
  Ep 517 [    ][   ] reward=  194.42  len= 492  streak(L,R)=(76,21)
  Ep 518 [    ][   ] reward=  197.97  len= 406  streak(L,R)=(25,1)
  Ep 519 [    ][   ] reward=  158.43  len=1000  streak(L,R)=(6,17)
  Ep 520 [SOLVED][   ] reward=  224.92  len= 549  streak(L,R)=(25,3)
  Ep 521 [SOLVED][   ] reward=  301.16  len= 259  streak(L,R)=(7,3)
  Ep 522 [    ][   ] reward=  124.43  len=1000  streak(L,R)=(11,12)
  Ep 523 [SOLVED][   ] reward=  256.97  len= 470  streak(L,R)=(31,1)
  Ep 524 [SOLVED][   ] reward=  274.51  len= 211  streak(L,R)=(12,9)
  Ep 525 [SOLVED][   ] reward=  256.37  len= 351  streak(L,R)=(2,2)
  Ep 526 [SOLVED][   ] reward=  310.93  len= 221  streak(L,R)=(15,13)
  Ep 527 [SOLVED][   ] reward=  294.56  len= 229  streak(L,R)=(14,11)
  Ep 528 [SOLVED][   ] reward=  279.35  len= 219  streak(L,R)=(7,4)
  Ep 529 [SOLVED][   ] reward=  313.89  len= 223  streak(L,R)=(9,13)
  Ep 530 [SOLVED][   ] reward=  261.51  len= 224  streak(L,R)=(23,5)
  Ep 531 [SOLVED][   ] reward=  244.27  len= 741  streak(L,R)=(77,25)
  Ep 532 [SOLVED][   ] reward=  254.59  len= 276  streak(L,R)=(7,2)
  Ep 533 [SOLVED][   ] reward=  243.70  len= 260  streak(L,R)=(9,18)
  Ep 534 [SOLVED][   ] reward=  245.84  len= 477  streak(L,R)=(34,10)
  Ep 535 [SOLVED][   ] reward=  279.65  len= 192  streak(L,R)=(11,2)
  Ep 536 [SOLVED][   ] reward=  259.10  len= 235  streak(L,R)=(25,5)
  Ep 537 [SOLVED][   ] reward=  298.57  len= 213  streak(L,R)=(17,12)
  Ep 538 [SOLVED][   ] reward=  236.24  len= 937  streak(L,R)=(6,5)
  Ep 539 [SOLVED][   ] reward=  207.68  len= 573  streak(L,R)=(9,29)
  Ep 540 [    ][   ] reward=   20.55  len= 122  streak(L,R)=(7,5)
  Ep 541 [SOLVED][   ] reward=  262.22  len= 363  streak(L,R)=(6,4)
  Ep 542 [SOLVED][   ] reward=  264.65  len= 199  streak(L,R)=(6,5)
  Ep 543 [SOLVED][   ] reward=  217.56  len= 305  streak(L,R)=(59,8)
  Ep 544 [SOLVED][   ] reward=  251.14  len= 232  streak(L,R)=(8,3)
  Ep 545 [    ][   ] reward=  150.00  len=1000  streak(L,R)=(77,32)
  Ep 546 [SOLVED][   ] reward=  288.20  len= 206  streak(L,R)=(17,7)
  Ep 547 [SOLVED][   ] reward=  292.90  len= 201  streak(L,R)=(13,5)
  Ep 548 [    ][   ] reward=  187.18  len= 675  streak(L,R)=(25,2)
  Ep 549 [    ][   ] reward=   68.93  len= 170  streak(L,R)=(3,12)
  Ep 550 [SOLVED][   ] reward=  285.36  len= 200  streak(L,R)=(16,7)
  Ep 551 [    ][   ] reward=   93.96  len=1000  streak(L,R)=(5,1)
  Ep 552 [SOLVED][   ] reward=  274.76  len= 204  streak(L,R)=(9,9)
  Ep 553 [SOLVED][   ] reward=  262.52  len= 239  streak(L,R)=(23,11)
  Ep 554 [    ][   ] reward=  111.99  len=1000  streak(L,R)=(12,4)
  Ep 555 [    ][   ] reward=  114.30  len=1000  streak(L,R)=(6,1)
  Ep 556 [SOLVED][   ] reward=  206.72  len= 359  streak(L,R)=(36,10)
  Ep 557 [SOLVED][   ] reward=  270.16  len= 238  streak(L,R)=(6,3)
  Ep 558 [    ][   ] reward=  116.67  len=1000  streak(L,R)=(5,3)
  Ep 559 [SOLVED][   ] reward=  299.08  len= 215  streak(L,R)=(9,7)
  Ep 560 [SOLVED][   ] reward=  249.43  len= 277  streak(L,R)=(8,18)
  Ep 561 [SOLVED][   ] reward=  224.09  len= 674  streak(L,R)=(10,29)
  Ep 562 [SOLVED][   ] reward=  290.74  len= 536  streak(L,R)=(12,11)
  Ep 563 [SOLVED][   ] reward=  281.03  len= 195  streak(L,R)=(24,3)
  Ep 564 [    ][   ] reward=    2.70  len=1000  streak(L,R)=(75,47)
  Ep 565 [SOLVED][   ] reward=  253.20  len= 319  streak(L,R)=(9,2)
  Ep 566 [SOLVED][   ] reward=  264.11  len= 445  streak(L,R)=(4,3)
  Ep 567 [SOLVED][   ] reward=  271.65  len= 194  streak(L,R)=(12,10)
  Ep 568 [    ][   ] reward=  133.81  len=1000  streak(L,R)=(75,8)
  Ep 569 [SOLVED][   ] reward=  302.69  len= 230  streak(L,R)=(10,10)
  Ep 570 [SOLVED][   ] reward=  269.85  len= 203  streak(L,R)=(24,2)
  Ep 571 [SOLVED][   ] reward=  278.11  len= 208  streak(L,R)=(12,4)
  Ep 572 [SOLVED][   ] reward=  241.07  len= 321  streak(L,R)=(33,9)
  Ep 573 [    ][   ] reward=  114.01  len=1000  streak(L,R)=(8,1)
  Ep 574 [    ][   ] reward=  145.95  len=1000  streak(L,R)=(13,4)
  Ep 575 [SOLVED][   ] reward=  269.53  len= 736  streak(L,R)=(74,38)
  Ep 576 [SOLVED][   ] reward=  221.45  len= 489  streak(L,R)=(80,5)
  Ep 577 [SOLVED][   ] reward=  228.03  len= 417  streak(L,R)=(29,5)
  Ep 578 [SOLVED][   ] reward=  273.52  len= 218  streak(L,R)=(23,13)
  Ep 579 [SOLVED][   ] reward=  271.51  len= 448  streak(L,R)=(32,9)
  Ep 580 [SOLVED][   ] reward=  239.34  len= 437  streak(L,R)=(35,10)
  Ep 581 [SOLVED][   ] reward=  259.65  len= 199  streak(L,R)=(12,8)
  Ep 582 [SOLVED][   ] reward=  258.33  len= 242  streak(L,R)=(6,4)
  Ep 583 [    ][   ] reward=  199.36  len= 351  streak(L,R)=(25,2)
  Ep 584 [SOLVED][   ] reward=  239.34  len= 486  streak(L,R)=(31,10)
  Ep 585 [SOLVED][   ] reward=  290.45  len= 231  streak(L,R)=(7,7)
  Ep 586 [SOLVED][   ] reward=  237.83  len= 294  streak(L,R)=(36,9)
  Ep 587 [SOLVED][   ] reward=  214.03  len= 524  streak(L,R)=(25,4)
  Ep 588 [SOLVED][   ] reward=  257.88  len= 482  streak(L,R)=(35,9)
  Ep 589 [    ][   ] reward=   24.77  len= 126  streak(L,R)=(7,4)
  Ep 590 [SOLVED][   ] reward=  243.22  len= 639  streak(L,R)=(74,41)
  Ep 591 [SOLVED][   ] reward=  210.00  len= 409  streak(L,R)=(25,1)
  Ep 592 [SOLVED][   ] reward=  289.43  len= 220  streak(L,R)=(7,8)
  Ep 593 [SOLVED][   ] reward=  206.24  len= 594  streak(L,R)=(68,11)
  Ep 594 [SOLVED][   ] reward=  307.51  len= 193  streak(L,R)=(12,12)
  Ep 595 [SOLVED][   ] reward=  237.37  len= 508  streak(L,R)=(34,10)
  Ep 596 [SOLVED][   ] reward=  315.42  len= 192  streak(L,R)=(13,6)
  Ep 597 [    ][   ] reward=  113.05  len=1000  streak(L,R)=(10,8)
  Ep 598 [    ][LOW] reward=  -12.53  len= 184  streak(L,R)=(4,2)
  Ep 599 [SOLVED][   ] reward=  242.56  len= 299  streak(L,R)=(8,6)
  Ep 600 [SOLVED][   ] reward=  292.13  len= 204  streak(L,R)=(19,6)
  Ep 601 [    ][LOW] reward= -225.46  len= 114  streak(L,R)=(5,5)
  Ep 602 [SOLVED][   ] reward=  255.62  len= 223  streak(L,R)=(12,12)
  Ep 603 [SOLVED][   ] reward=  305.63  len= 205  streak(L,R)=(7,11)
  Ep 604 [SOLVED][   ] reward=  267.34  len= 409  streak(L,R)=(13,31)
  Ep 605 [SOLVED][   ] reward=  272.03  len= 231  streak(L,R)=(29,4)
  Ep 606 [SOLVED][   ] reward=  301.36  len= 220  streak(L,R)=(12,11)
  Ep 607 [SOLVED][   ] reward=  292.39  len= 205  streak(L,R)=(26,10)
  Ep 608 [    ][   ] reward=    3.15  len= 142  streak(L,R)=(4,1)
  Ep 609 [SOLVED][   ] reward=  279.39  len= 252  streak(L,R)=(12,9)
  Ep 610 [SOLVED][   ] reward=  275.88  len= 209  streak(L,R)=(7,5)
  Ep 611 [SOLVED][   ] reward=  270.55  len= 200  streak(L,R)=(3,10)
  Ep 612 [SOLVED][   ] reward=  272.60  len= 228  streak(L,R)=(23,4)
  Ep 613 [SOLVED][   ] reward=  258.52  len= 395  streak(L,R)=(37,8)
  Ep 614 [SOLVED][   ] reward=  221.72  len= 531  streak(L,R)=(33,10)
  Ep 615 [    ][   ] reward=  189.63  len= 645  streak(L,R)=(293,14)
  Ep 616 [    ][   ] reward=  190.65  len= 586  streak(L,R)=(80,29)
  Ep 617 [SOLVED][   ] reward=  242.67  len= 258  streak(L,R)=(7,2)
  Ep 618 [SOLVED][   ] reward=  255.99  len= 198  streak(L,R)=(14,8)
  Ep 619 [SOLVED][   ] reward=  213.96  len= 375  streak(L,R)=(4,27)
  Ep 620 [SOLVED][   ] reward=  285.41  len= 172  streak(L,R)=(11,6)
  Ep 621 [    ][LOW] reward=  -59.06  len= 116  streak(L,R)=(9,3)
  Ep 622 [SOLVED][   ] reward=  255.10  len= 175  streak(L,R)=(7,1)
  Ep 623 [    ][   ] reward=   95.41  len=1000  streak(L,R)=(9,2)
  Ep 624 [SOLVED][   ] reward=  253.21  len= 268  streak(L,R)=(10,7)
  Ep 625 [SOLVED][   ] reward=  233.29  len= 496  streak(L,R)=(36,11)
  Ep 626 [SOLVED][   ] reward=  271.29  len= 216  streak(L,R)=(6,9)
  Ep 627 [SOLVED][   ] reward=  268.85  len= 209  streak(L,R)=(10,4)
  Ep 628 [SOLVED][   ] reward=  300.13  len= 204  streak(L,R)=(11,9)
  Ep 629 [SOLVED][   ] reward=  275.23  len= 344  streak(L,R)=(5,4)
  Ep 630 [SOLVED][   ] reward=  234.84  len= 481  streak(L,R)=(35,8)
  Ep 631 [SOLVED][   ] reward=  228.50  len= 535  streak(L,R)=(6,2)
  Ep 632 [SOLVED][   ] reward=  288.91  len= 232  streak(L,R)=(11,10)
  Ep 633 [SOLVED][   ] reward=  270.09  len= 257  streak(L,R)=(5,4)
  Ep 634 [SOLVED][   ] reward=  206.61  len= 622  streak(L,R)=(25,2)
  Ep 635 [    ][   ] reward=  142.46  len=1000  streak(L,R)=(7,3)
  Ep 636 [SOLVED][   ] reward=  278.84  len= 233  streak(L,R)=(20,10)
  Ep 637 [SOLVED][   ] reward=  259.79  len= 222  streak(L,R)=(22,7)
  Ep 638 [    ][LOW] reward= -396.16  len=  94  streak(L,R)=(16,0)
  Ep 639 [SOLVED][   ] reward=  294.65  len= 235  streak(L,R)=(2,10)
  Ep 640 [    ][   ] reward=  157.58  len=1000  streak(L,R)=(16,2)
  Ep 641 [SOLVED][   ] reward=  217.25  len= 336  streak(L,R)=(71,7)
  Ep 642 [SOLVED][   ] reward=  273.01  len= 215  streak(L,R)=(9,7)
  Ep 643 [    ][   ] reward=   14.67  len= 275  streak(L,R)=(6,2)
  Ep 644 [SOLVED][   ] reward=  228.55  len= 480  streak(L,R)=(35,9)
  Ep 645 [SOLVED][   ] reward=  262.97  len= 192  streak(L,R)=(7,9)
  Ep 646 [SOLVED][   ] reward=  254.16  len= 219  streak(L,R)=(25,7)
  Ep 647 [SOLVED][   ] reward=  261.86  len= 259  streak(L,R)=(12,11)
  Ep 648 [SOLVED][   ] reward=  301.08  len= 208  streak(L,R)=(14,11)
  Ep 649 [SOLVED][   ] reward=  266.17  len= 235  streak(L,R)=(2,9)
  Ep 650 [SOLVED][   ] reward=  287.63  len= 214  streak(L,R)=(5,10)
  Ep 651 [SOLVED][   ] reward=  282.05  len= 201  streak(L,R)=(6,2)
  Ep 652 [SOLVED][   ] reward=  243.35  len= 380  streak(L,R)=(27,11)
  Ep 653 [SOLVED][   ] reward=  305.21  len= 217  streak(L,R)=(10,8)
  Ep 654 [    ][   ] reward=  175.20  len= 764  streak(L,R)=(35,1)
  Ep 655 [    ][LOW] reward=   -9.13  len=  96  streak(L,R)=(8,2)
  Ep 656 [SOLVED][   ] reward=  311.11  len= 243  streak(L,R)=(8,11)
  Ep 657 [    ][   ] reward=   51.54  len= 158  streak(L,R)=(9,4)
  Ep 658 [SOLVED][   ] reward=  263.35  len= 414  streak(L,R)=(5,4)
  Ep 659 [SOLVED][   ] reward=  275.85  len= 364  streak(L,R)=(7,3)
  Ep 660 [SOLVED][   ] reward=  312.40  len= 222  streak(L,R)=(13,10)
  Ep 661 [    ][   ] reward=  102.66  len=1000  streak(L,R)=(77,27)
  Ep 662 [    ][   ] reward=  177.19  len= 490  streak(L,R)=(25,2)
  Ep 663 [SOLVED][   ] reward=  249.76  len= 215  streak(L,R)=(12,6)
  Ep 664 [SOLVED][   ] reward=  298.03  len= 213  streak(L,R)=(25,11)
  Ep 665 [SOLVED][   ] reward=  275.39  len= 185  streak(L,R)=(10,3)
  Ep 666 [    ][   ] reward=  179.93  len= 811  streak(L,R)=(25,3)
  Ep 667 [SOLVED][   ] reward=  232.72  len= 532  streak(L,R)=(66,13)
  Ep 668 [SOLVED][   ] reward=  256.19  len= 207  streak(L,R)=(10,3)
  Ep 669 [    ][   ] reward=   53.07  len= 158  streak(L,R)=(2,8)
  Ep 670 [SOLVED][   ] reward=  274.77  len= 239  streak(L,R)=(5,22)
  Ep 671 [SOLVED][   ] reward=  303.58  len= 220  streak(L,R)=(14,10)
  Ep 672 [SOLVED][   ] reward=  306.18  len= 210  streak(L,R)=(6,8)
  Ep 673 [    ][   ] reward=  131.65  len=1000  streak(L,R)=(5,9)
  Ep 674 [    ][   ] reward=  186.27  len= 560  streak(L,R)=(75,32)
  Ep 675 [SOLVED][   ] reward=  306.12  len= 237  streak(L,R)=(13,12)
  Ep 676 [    ][   ] reward=  175.59  len= 526  streak(L,R)=(76,21)
  Ep 677 [SOLVED][   ] reward=  222.81  len= 634  streak(L,R)=(11,4)
  Ep 678 [SOLVED][   ] reward=  227.25  len= 287  streak(L,R)=(43,4)
  Ep 679 [SOLVED][   ] reward=  240.14  len= 340  streak(L,R)=(33,10)
  Ep 680 [SOLVED][   ] reward=  247.69  len= 194  streak(L,R)=(16,1)
  Ep 681 [SOLVED][   ] reward=  264.77  len= 231  streak(L,R)=(10,9)
  Ep 682 [SOLVED][   ] reward=  233.90  len= 502  streak(L,R)=(35,8)
  Ep 683 [SOLVED][   ] reward=  250.43  len= 230  streak(L,R)=(9,8)
  Ep 684 [SOLVED][   ] reward=  261.81  len= 318  streak(L,R)=(4,5)
  Ep 685 [    ][   ] reward=  192.63  len= 457  streak(L,R)=(75,2)
  Ep 686 [    ][   ] reward=  142.28  len=1000  streak(L,R)=(6,6)
  Ep 687 [SOLVED][   ] reward=  268.13  len= 378  streak(L,R)=(8,4)
  Ep 688 [SOLVED][   ] reward=  206.65  len= 563  streak(L,R)=(68,2)
  Ep 689 [SOLVED][   ] reward=  301.59  len= 222  streak(L,R)=(13,7)
  Ep 690 [SOLVED][   ] reward=  255.08  len= 201  streak(L,R)=(21,3)
  Ep 691 [SOLVED][   ] reward=  267.48  len= 219  streak(L,R)=(12,6)
  Ep 692 [SOLVED][   ] reward=  270.20  len= 199  streak(L,R)=(10,6)
  Ep 693 [SOLVED][   ] reward=  256.24  len= 453  streak(L,R)=(35,8)
  Ep 694 [    ][   ] reward=   99.72  len=1000  streak(L,R)=(5,5)
  Ep 695 [SOLVED][   ] reward=  263.52  len= 198  streak(L,R)=(5,3)
  Ep 696 [SOLVED][   ] reward=  263.04  len= 317  streak(L,R)=(9,11)
  Ep 697 [SOLVED][   ] reward=  273.73  len= 204  streak(L,R)=(8,9)
  Ep 698 [    ][   ] reward=  121.33  len=1000  streak(L,R)=(78,33)
  Ep 699 [SOLVED][   ] reward=  232.65  len= 220  streak(L,R)=(6,3)
  Ep 700 [SOLVED][   ] reward=  205.55  len= 433  streak(L,R)=(33,2)
  Ep 701 [SOLVED][   ] reward=  286.81  len= 197  streak(L,R)=(4,15)
  Ep 702 [SOLVED][   ] reward=  208.44  len= 495  streak(L,R)=(75,4)
  Ep 703 [SOLVED][   ] reward=  237.79  len= 231  streak(L,R)=(7,5)
  Ep 704 [SOLVED][   ] reward=  258.59  len= 295  streak(L,R)=(7,9)
  Ep 705 [SOLVED][   ] reward=  237.95  len= 788  streak(L,R)=(79,31)
  Ep 706 [    ][   ] reward=  148.74  len=1000  streak(L,R)=(23,11)
  Ep 707 [SOLVED][   ] reward=  259.93  len= 232  streak(L,R)=(9,7)
  Ep 708 [SOLVED][   ] reward=  303.81  len= 203  streak(L,R)=(28,7)
  Ep 709 [SOLVED][   ] reward=  300.92  len= 484  streak(L,R)=(7,10)
  Ep 710 [SOLVED][   ] reward=  228.11  len= 346  streak(L,R)=(35,10)
  Ep 711 [SOLVED][   ] reward=  299.86  len= 242  streak(L,R)=(8,10)
  Ep 712 [SOLVED][   ] reward=  299.42  len= 229  streak(L,R)=(12,12)
  Ep 713 [SOLVED][   ] reward=  307.59  len= 202  streak(L,R)=(8,10)
  Ep 714 [    ][   ] reward=  153.11  len=1000  streak(L,R)=(35,11)
  Ep 715 [SOLVED][   ] reward=  276.73  len= 177  streak(L,R)=(12,5)
  Ep 716 [SOLVED][   ] reward=  246.90  len= 234  streak(L,R)=(18,5)
  Ep 717 [SOLVED][   ] reward=  297.71  len= 206  streak(L,R)=(13,6)
  Ep 718 [    ][   ] reward=   60.86  len= 176  streak(L,R)=(4,9)
  Ep 719 [    ][   ] reward=  189.74  len= 398  streak(L,R)=(71,2)
  Ep 720 [SOLVED][   ] reward=  244.85  len= 914  streak(L,R)=(4,15)
  Ep 721 [SOLVED][   ] reward=  219.11  len= 259  streak(L,R)=(13,1)
  Ep 722 [SOLVED][   ] reward=  288.57  len= 215  streak(L,R)=(11,10)
  Ep 723 [SOLVED][   ] reward=  248.17  len= 217  streak(L,R)=(8,1)
  Ep 724 [    ][   ] reward=   39.26  len= 150  streak(L,R)=(6,3)
  Ep 725 [    ][   ] reward=   40.27  len= 148  streak(L,R)=(8,8)
  Ep 726 [SOLVED][   ] reward=  203.87  len= 379  streak(L,R)=(35,11)
  Ep 727 [SOLVED][   ] reward=  283.84  len= 215  streak(L,R)=(5,10)
  Ep 728 [SOLVED][   ] reward=  231.59  len= 236  streak(L,R)=(7,1)
  Ep 729 [SOLVED][   ] reward=  272.19  len= 221  streak(L,R)=(18,2)
  Ep 730 [    ][   ] reward=  140.62  len=1000  streak(L,R)=(5,26)
  Ep 731 [SOLVED][   ] reward=  219.01  len= 289  streak(L,R)=(19,1)
  Ep 732 [SOLVED][   ] reward=  241.94  len= 381  streak(L,R)=(37,10)
  Ep 733 [SOLVED][   ] reward=  226.80  len= 424  streak(L,R)=(34,10)
  Ep 734 [SOLVED][   ] reward=  298.25  len= 232  streak(L,R)=(27,11)
  Ep 735 [SOLVED][   ] reward=  297.31  len= 545  streak(L,R)=(7,13)
  Ep 736 [SOLVED][   ] reward=  231.09  len= 342  streak(L,R)=(36,9)
  Ep 737 [SOLVED][   ] reward=  293.65  len= 222  streak(L,R)=(9,9)
  Ep 738 [SOLVED][   ] reward=  236.69  len= 317  streak(L,R)=(12,14)
  Ep 739 [SOLVED][   ] reward=  256.11  len= 409  streak(L,R)=(30,1)
  Ep 740 [SOLVED][   ] reward=  236.56  len= 400  streak(L,R)=(34,11)
  Ep 741 [SOLVED][   ] reward=  215.49  len= 283  streak(L,R)=(6,30)
  Ep 742 [SOLVED][   ] reward=  287.29  len= 218  streak(L,R)=(26,4)
  Ep 743 [SOLVED][   ] reward=  260.26  len= 204  streak(L,R)=(15,10)
  Ep 744 [SOLVED][   ] reward=  297.77  len= 214  streak(L,R)=(16,10)
  Ep 745 [SOLVED][   ] reward=  260.73  len= 540  streak(L,R)=(32,3)
  Ep 746 [SOLVED][   ] reward=  283.30  len= 224  streak(L,R)=(8,3)
  Ep 747 [    ][   ] reward=  195.13  len= 466  streak(L,R)=(58,7)
  Ep 748 [SOLVED][   ] reward=  207.23  len= 626  streak(L,R)=(66,23)
  Ep 749 [SOLVED][   ] reward=  294.95  len= 597  streak(L,R)=(6,11)
  Ep 750 [SOLVED][   ] reward=  256.73  len= 190  streak(L,R)=(11,7)
  Ep 751 [    ][   ] reward=  113.83  len=1000  streak(L,R)=(8,6)
  Ep 752 [SOLVED][   ] reward=  274.61  len= 181  streak(L,R)=(12,4)
  Ep 753 [    ][   ] reward=  179.84  len= 830  streak(L,R)=(30,2)
  Ep 754 [SOLVED][   ] reward=  219.26  len= 655  streak(L,R)=(8,28)
  Ep 755 [SOLVED][   ] reward=  237.36  len= 394  streak(L,R)=(32,8)
  Ep 756 [SOLVED][   ] reward=  288.88  len= 244  streak(L,R)=(21,11)
  Ep 757 [SOLVED][   ] reward=  275.57  len= 202  streak(L,R)=(19,11)
  Ep 758 [SOLVED][   ] reward=  227.93  len= 288  streak(L,R)=(34,10)
  Ep 759 [SOLVED][   ] reward=  261.50  len= 242  streak(L,R)=(38,9)
  Ep 760 [SOLVED][   ] reward=  262.53  len= 222  streak(L,R)=(8,9)
  Ep 761 [SOLVED][   ] reward=  270.07  len= 217  streak(L,R)=(6,5)
  Ep 762 [SOLVED][   ] reward=  306.58  len= 218  streak(L,R)=(10,11)
  Ep 763 [SOLVED][   ] reward=  236.73  len= 489  streak(L,R)=(34,8)
  Ep 764 [SOLVED][   ] reward=  300.98  len= 215  streak(L,R)=(20,9)
  Ep 765 [SOLVED][   ] reward=  267.79  len= 384  streak(L,R)=(30,6)
  Ep 766 [SOLVED][   ] reward=  264.54  len= 211  streak(L,R)=(20,11)
  Ep 767 [SOLVED][   ] reward=  301.33  len= 234  streak(L,R)=(9,10)
  Ep 768 [SOLVED][   ] reward=  264.37  len= 227  streak(L,R)=(11,29)
  Ep 769 [    ][   ] reward=  165.60  len=1000  streak(L,R)=(11,21)
  Ep 770 [    ][   ] reward=   61.02  len= 170  streak(L,R)=(2,9)
  Ep 771 [    ][   ] reward=  127.36  len=1000  streak(L,R)=(66,21)
  Ep 772 [    ][LOW] reward= -203.24  len= 586  streak(L,R)=(75,36)
  Ep 773 [SOLVED][   ] reward=  232.96  len= 239  streak(L,R)=(7,1)
  Ep 774 [SOLVED][   ] reward=  297.75  len= 370  streak(L,R)=(8,19)
  Ep 775 [SOLVED][   ] reward=  240.68  len= 410  streak(L,R)=(35,10)
  Ep 776 [    ][   ] reward=  117.68  len=1000  streak(L,R)=(75,32)
  Ep 777 [SOLVED][   ] reward=  292.50  len= 226  streak(L,R)=(11,8)
  Ep 778 [    ][   ] reward=  101.31  len=1000  streak(L,R)=(7,2)
  Ep 779 [SOLVED][   ] reward=  265.47  len= 482  streak(L,R)=(70,17)
  Ep 780 [SOLVED][   ] reward=  259.89  len= 326  streak(L,R)=(9,11)
  Ep 781 [SOLVED][   ] reward=  262.38  len= 365  streak(L,R)=(3,10)
  Ep 782 [SOLVED][   ] reward=  228.25  len= 796  streak(L,R)=(74,32)
  Ep 783 [SOLVED][   ] reward=  259.90  len= 192  streak(L,R)=(12,3)
  Ep 784 [SOLVED][   ] reward=  201.48  len= 341  streak(L,R)=(35,8)
  Ep 785 [SOLVED][   ] reward=  214.87  len= 771  streak(L,R)=(8,6)
  Ep 786 [SOLVED][   ] reward=  268.32  len= 221  streak(L,R)=(11,8)
  Ep 787 [SOLVED][   ] reward=  310.92  len= 230  streak(L,R)=(11,11)
  Ep 788 [SOLVED][   ] reward=  260.15  len= 421  streak(L,R)=(35,10)
  Ep 789 [SOLVED][   ] reward=  202.80  len= 431  streak(L,R)=(31,1)
  Ep 790 [SOLVED][   ] reward=  242.32  len= 464  streak(L,R)=(33,10)
  Ep 791 [SOLVED][   ] reward=  245.95  len= 290  streak(L,R)=(6,1)
  Ep 792 [SOLVED][   ] reward=  238.69  len= 268  streak(L,R)=(9,77)
  Ep 793 [    ][   ] reward=   77.85  len=1000  streak(L,R)=(7,2)
  Ep 794 [    ][   ] reward=  108.17  len=1000  streak(L,R)=(72,34)
  Ep 795 [SOLVED][   ] reward=  283.36  len= 193  streak(L,R)=(10,6)
  Ep 796 [SOLVED][   ] reward=  269.40  len= 234  streak(L,R)=(6,9)
  Ep 797 [SOLVED][   ] reward=  265.12  len= 215  streak(L,R)=(25,8)
  Ep 798 [SOLVED][   ] reward=  231.31  len= 313  streak(L,R)=(35,9)
  Ep 799 [SOLVED][   ] reward=  234.62  len= 191  streak(L,R)=(9,2)
  Ep 800 [SOLVED][   ] reward=  262.86  len= 180  streak(L,R)=(3,1)
  Ep 801 [    ][LOW] reward= -244.96  len= 535  streak(L,R)=(79,13)
  Ep 802 [SOLVED][   ] reward=  264.24  len= 215  streak(L,R)=(18,4)
  Ep 803 [SOLVED][   ] reward=  245.00  len= 220  streak(L,R)=(19,7)
  Ep 804 [    ][   ] reward=  170.65  len= 933  streak(L,R)=(69,37)
  Ep 805 [SOLVED][   ] reward=  251.96  len= 285  streak(L,R)=(6,28)
  Ep 806 [SOLVED][   ] reward=  247.28  len= 873  streak(L,R)=(4,11)
  Ep 807 [SOLVED][   ] reward=  293.39  len= 224  streak(L,R)=(12,6)
  Ep 808 [SOLVED][   ] reward=  305.36  len= 214  streak(L,R)=(5,10)
  Ep 809 [SOLVED][   ] reward=  304.45  len= 241  streak(L,R)=(8,12)
  Ep 810 [SOLVED][   ] reward=  211.98  len= 555  streak(L,R)=(25,2)
  Ep 811 [SOLVED][   ] reward=  215.45  len= 962  streak(L,R)=(12,4)
  Ep 812 [SOLVED][   ] reward=  219.86  len= 538  streak(L,R)=(30,2)
  Ep 813 [SOLVED][   ] reward=  283.65  len= 234  streak(L,R)=(3,9)
  Ep 814 [    ][   ] reward=   40.07  len= 174  streak(L,R)=(8,6)
  Ep 815 [SOLVED][   ] reward=  232.43  len= 424  streak(L,R)=(36,11)
  Ep 816 [    ][   ] reward=  108.08  len=1000  streak(L,R)=(7,3)
  Ep 817 [SOLVED][   ] reward=  283.36  len= 232  streak(L,R)=(29,10)
  Ep 818 [SOLVED][   ] reward=  255.64  len= 378  streak(L,R)=(30,5)
  Ep 819 [    ][   ] reward=   56.06  len= 168  streak(L,R)=(2,11)
  Ep 820 [SOLVED][   ] reward=  235.93  len= 366  streak(L,R)=(33,9)
  Ep 821 [    ][   ] reward=  136.42  len=1000  streak(L,R)=(77,6)
  Ep 822 [SOLVED][   ] reward=  256.51  len= 223  streak(L,R)=(5,8)
  Ep 823 [SOLVED][   ] reward=  275.14  len= 216  streak(L,R)=(5,4)
  Ep 824 [    ][   ] reward=  128.39  len=1000  streak(L,R)=(6,17)
  Ep 825 [    ][   ] reward=   25.18  len= 117  streak(L,R)=(11,2)
  Ep 826 [SOLVED][   ] reward=  236.39  len= 235  streak(L,R)=(7,5)
  Ep 827 [    ][   ] reward=  182.80  len= 490  streak(L,R)=(68,37)
  Ep 828 [SOLVED][   ] reward=  243.64  len= 347  streak(L,R)=(29,1)
  Ep 829 [SOLVED][   ] reward=  237.40  len= 266  streak(L,R)=(9,12)
  Ep 830 [SOLVED][   ] reward=  291.93  len= 208  streak(L,R)=(9,10)
  Ep 831 [    ][   ] reward=   98.03  len=1000  streak(L,R)=(7,1)
  Ep 832 [SOLVED][   ] reward=  207.06  len= 508  streak(L,R)=(30,1)
  Ep 833 [SOLVED][   ] reward=  306.21  len= 224  streak(L,R)=(11,11)
  Ep 834 [SOLVED][   ] reward=  218.60  len= 406  streak(L,R)=(36,10)
  Ep 835 [    ][   ] reward=  197.56  len= 478  streak(L,R)=(35,11)
  Ep 836 [SOLVED][   ] reward=  229.51  len= 385  streak(L,R)=(34,10)
  Ep 837 [SOLVED][   ] reward=  269.73  len= 226  streak(L,R)=(19,12)
  Ep 838 [SOLVED][   ] reward=  240.80  len= 341  streak(L,R)=(23,9)
  Ep 839 [    ][   ] reward=   34.32  len= 204  streak(L,R)=(3,3)
  Ep 840 [    ][LOW] reward=   -1.15  len= 131  streak(L,R)=(8,5)
  Ep 841 [    ][LOW] reward=   -0.24  len= 179  streak(L,R)=(4,1)
  Ep 842 [SOLVED][   ] reward=  293.97  len= 209  streak(L,R)=(11,3)
  Ep 843 [SOLVED][   ] reward=  281.61  len= 219  streak(L,R)=(13,10)
  Ep 844 [SOLVED][   ] reward=  229.44  len= 598  streak(L,R)=(70,12)
  Ep 845 [SOLVED][   ] reward=  212.58  len= 664  streak(L,R)=(78,12)
  Ep 846 [SOLVED][   ] reward=  248.52  len= 239  streak(L,R)=(16,12)
  Ep 847 [SOLVED][   ] reward=  286.43  len= 188  streak(L,R)=(15,8)
  Ep 848 [SOLVED][   ] reward=  311.36  len= 242  streak(L,R)=(9,13)
  Ep 849 [SOLVED][   ] reward=  202.98  len= 466  streak(L,R)=(36,8)
  Ep 850 [SOLVED][   ] reward=  272.18  len= 232  streak(L,R)=(14,4)
  Ep 851 [    ][   ] reward=  150.34  len= 569  streak(L,R)=(67,33)
  Ep 852 [SOLVED][   ] reward=  261.82  len= 251  streak(L,R)=(7,9)
  Ep 853 [    ][   ] reward=  199.50  len= 509  streak(L,R)=(25,1)
  Ep 854 [SOLVED][   ] reward=  239.62  len= 429  streak(L,R)=(33,10)
  Ep 855 [    ][   ] reward=  159.67  len= 693  streak(L,R)=(75,9)
  Ep 856 [SOLVED][   ] reward=  236.23  len= 280  streak(L,R)=(74,1)
  Ep 857 [SOLVED][   ] reward=  254.05  len= 247  streak(L,R)=(3,4)
  Ep 858 [    ][   ] reward=  198.43  len= 469  streak(L,R)=(77,6)
  Ep 859 [SOLVED][   ] reward=  222.93  len= 526  streak(L,R)=(5,5)
  Ep 860 [SOLVED][   ] reward=  229.55  len= 510  streak(L,R)=(36,10)
  Ep 861 [SOLVED][   ] reward=  214.86  len= 392  streak(L,R)=(36,10)
  Ep 862 [SOLVED][   ] reward=  248.45  len= 192  streak(L,R)=(8,5)
  Ep 863 [SOLVED][   ] reward=  294.10  len= 244  streak(L,R)=(9,8)
  Ep 864 [    ][   ] reward=  143.39  len=1000  streak(L,R)=(12,10)
  Ep 865 [SOLVED][   ] reward=  239.43  len= 210  streak(L,R)=(7,1)
  Ep 866 [SOLVED][   ] reward=  298.96  len= 219  streak(L,R)=(7,11)
  Ep 867 [SOLVED][   ] reward=  307.43  len= 200  streak(L,R)=(9,17)
  Ep 868 [    ][LOW] reward=  -21.98  len=1000  streak(L,R)=(78,56)
  Ep 869 [SOLVED][   ] reward=  279.93  len= 674  streak(L,R)=(9,9)
  Ep 870 [    ][   ] reward=    1.34  len= 122  streak(L,R)=(6,5)
  Ep 871 [SOLVED][   ] reward=  283.07  len= 226  streak(L,R)=(13,10)
  Ep 872 [SOLVED][   ] reward=  204.13  len= 424  streak(L,R)=(37,9)
  Ep 873 [SOLVED][   ] reward=  200.53  len= 513  streak(L,R)=(126,13)
  Ep 874 [SOLVED][   ] reward=  281.10  len= 180  streak(L,R)=(12,2)
  Ep 875 [SOLVED][   ] reward=  255.46  len= 411  streak(L,R)=(4,11)
  Ep 876 [SOLVED][   ] reward=  261.55  len= 174  streak(L,R)=(7,3)
  Ep 877 [SOLVED][   ] reward=  291.64  len= 241  streak(L,R)=(13,10)
  Ep 878 [SOLVED][   ] reward=  261.77  len= 204  streak(L,R)=(9,7)
  Ep 879 [SOLVED][   ] reward=  237.08  len= 249  streak(L,R)=(6,1)
  Ep 880 [    ][LOW] reward=  -14.37  len=1000  streak(L,R)=(75,24)
  Ep 881 [SOLVED][   ] reward=  261.51  len= 245  streak(L,R)=(11,11)
  Ep 882 [SOLVED][   ] reward=  258.85  len= 585  streak(L,R)=(31,3)
  Ep 883 [SOLVED][   ] reward=  281.12  len= 190  streak(L,R)=(12,9)
  Ep 884 [    ][   ] reward=  104.18  len=1000  streak(L,R)=(76,35)
  Ep 885 [SOLVED][   ] reward=  252.25  len= 176  streak(L,R)=(11,7)
  Ep 886 [    ][   ] reward=    4.20  len= 210  streak(L,R)=(3,2)
  Ep 887 [SOLVED][   ] reward=  249.51  len= 206  streak(L,R)=(7,7)
  Ep 888 [SOLVED][   ] reward=  220.22  len= 336  streak(L,R)=(33,11)
  Ep 889 [SOLVED][   ] reward=  248.14  len= 241  streak(L,R)=(8,8)
  Ep 890 [SOLVED][   ] reward=  240.82  len= 199  streak(L,R)=(9,8)
  Ep 891 [SOLVED][   ] reward=  208.77  len= 499  streak(L,R)=(82,13)
  Ep 892 [SOLVED][   ] reward=  243.72  len= 283  streak(L,R)=(33,9)
  Ep 893 [SOLVED][   ] reward=  248.71  len= 210  streak(L,R)=(10,7)
  Ep 894 [SOLVED][   ] reward=  249.91  len= 235  streak(L,R)=(8,7)
  Ep 895 [SOLVED][   ] reward=  227.30  len= 281  streak(L,R)=(33,7)
  Ep 896 [SOLVED][   ] reward=  286.65  len= 210  streak(L,R)=(10,6)
  Ep 897 [SOLVED][   ] reward=  272.21  len= 227  streak(L,R)=(19,9)
  Ep 898 [SOLVED][   ] reward=  243.63  len= 212  streak(L,R)=(37,8)
  Ep 899 [    ][   ] reward=  178.87  len=1000  streak(L,R)=(9,34)
  Ep 900 [SOLVED][   ] reward=  262.86  len= 211  streak(L,R)=(11,11)
  Ep 901 [SOLVED][   ] reward=  207.94  len= 829  streak(L,R)=(32,3)
  Ep 902 [SOLVED][   ] reward=  256.71  len= 209  streak(L,R)=(9,7)
  Ep 903 [    ][   ] reward=   35.69  len= 187  streak(L,R)=(4,1)
  Ep 904 [    ][   ] reward=  108.45  len=1000  streak(L,R)=(31,1)
  Ep 905 [SOLVED][   ] reward=  257.87  len= 266  streak(L,R)=(10,2)
  Ep 906 [SOLVED][   ] reward=  282.42  len= 223  streak(L,R)=(10,10)
  Ep 907 [    ][   ] reward=   85.69  len=1000  streak(L,R)=(7,4)
  Ep 908 [SOLVED][   ] reward=  236.03  len= 270  streak(L,R)=(11,2)
  Ep 909 [SOLVED][   ] reward=  227.52  len= 322  streak(L,R)=(68,2)
  Ep 910 [SOLVED][   ] reward=  259.51  len= 562  streak(L,R)=(3,10)
  Ep 911 [SOLVED][   ] reward=  240.84  len= 228  streak(L,R)=(8,1)
  Ep 912 [SOLVED][   ] reward=  205.83  len= 965  streak(L,R)=(206,21)
  Ep 913 [    ][   ] reward=   72.74  len=1000  streak(L,R)=(13,2)
  Ep 914 [SOLVED][   ] reward=  304.65  len= 202  streak(L,R)=(21,5)
  Ep 915 [SOLVED][   ] reward=  256.94  len= 416  streak(L,R)=(36,7)
  Ep 916 [SOLVED][   ] reward=  205.44  len= 357  streak(L,R)=(53,9)
  Ep 917 [SOLVED][   ] reward=  254.96  len= 178  streak(L,R)=(10,6)
  Ep 918 [    ][LOW] reward=  -32.19  len= 106  streak(L,R)=(10,3)
  Ep 919 [SOLVED][   ] reward=  282.37  len= 204  streak(L,R)=(15,6)
  Ep 920 [SOLVED][   ] reward=  262.04  len= 420  streak(L,R)=(8,3)
  Ep 921 [SOLVED][   ] reward=  251.54  len= 386  streak(L,R)=(34,10)
  Ep 922 [SOLVED][   ] reward=  298.17  len= 362  streak(L,R)=(13,9)
  Ep 923 [    ][   ] reward=   63.01  len=1000  streak(L,R)=(68,39)
  Ep 924 [SOLVED][   ] reward=  256.14  len= 289  streak(L,R)=(34,10)
  Ep 925 [    ][   ] reward=  180.41  len=1000  streak(L,R)=(7,28)
  Ep 926 [SOLVED][   ] reward=  270.63  len= 279  streak(L,R)=(11,7)
  Ep 927 [    ][LOW] reward= -112.01  len= 782  streak(L,R)=(68,38)
  Ep 928 [SOLVED][   ] reward=  219.33  len= 210  streak(L,R)=(7,2)
  Ep 929 [SOLVED][   ] reward=  290.08  len= 209  streak(L,R)=(7,2)
  Ep 930 [    ][   ] reward=  196.86  len= 469  streak(L,R)=(89,12)
  Ep 931 [SOLVED][   ] reward=  227.34  len= 460  streak(L,R)=(35,10)
  Ep 932 [SOLVED][   ] reward=  236.58  len= 645  streak(L,R)=(5,30)
  Ep 933 [SOLVED][   ] reward=  253.66  len= 442  streak(L,R)=(36,8)
  Ep 934 [SOLVED][   ] reward=  222.96  len= 442  streak(L,R)=(77,14)
  Ep 935 [SOLVED][   ] reward=  256.69  len= 283  streak(L,R)=(9,1)
  Ep 936 [SOLVED][   ] reward=  311.56  len= 223  streak(L,R)=(11,16)
  Ep 937 [SOLVED][   ] reward=  262.31  len= 244  streak(L,R)=(8,2)
  Ep 938 [SOLVED][   ] reward=  211.98  len= 264  streak(L,R)=(20,9)
  Ep 939 [SOLVED][   ] reward=  206.65  len= 573  streak(L,R)=(25,4)
  Ep 940 [SOLVED][   ] reward=  301.64  len= 231  streak(L,R)=(9,14)
  Ep 941 [SOLVED][   ] reward=  279.32  len= 228  streak(L,R)=(3,10)
  Ep 942 [SOLVED][   ] reward=  301.94  len= 221  streak(L,R)=(8,12)
  Ep 943 [SOLVED][   ] reward=  201.32  len= 546  streak(L,R)=(25,3)
  Ep 944 [SOLVED][   ] reward=  313.66  len= 216  streak(L,R)=(16,12)
  Ep 945 [    ][   ] reward=   54.93  len= 166  streak(L,R)=(2,10)
  Ep 946 [SOLVED][   ] reward=  247.65  len= 444  streak(L,R)=(37,8)
  Ep 947 [SOLVED][   ] reward=  291.64  len= 216  streak(L,R)=(20,8)
  Ep 948 [SOLVED][   ] reward=  272.15  len= 385  streak(L,R)=(73,10)
  Ep 949 [SOLVED][   ] reward=  273.82  len= 187  streak(L,R)=(5,4)
  Ep 950 [SOLVED][   ] reward=  213.32  len= 379  streak(L,R)=(75,10)
  Ep 951 [SOLVED][   ] reward=  293.17  len= 671  streak(L,R)=(7,11)
  Ep 952 [    ][   ] reward=  182.40  len= 450  streak(L,R)=(25,1)
  Ep 953 [    ][   ] reward=  174.09  len= 610  streak(L,R)=(25,4)
  Ep 954 [SOLVED][   ] reward=  299.84  len= 251  streak(L,R)=(11,7)
  Ep 955 [SOLVED][   ] reward=  296.60  len= 219  streak(L,R)=(8,11)
  Ep 956 [SOLVED][   ] reward=  293.00  len= 203  streak(L,R)=(9,6)
  Ep 957 [    ][LOW] reward=  -18.74  len= 219  streak(L,R)=(3,2)
  Ep 958 [SOLVED][   ] reward=  226.15  len= 433  streak(L,R)=(25,2)
  Ep 959 [SOLVED][   ] reward=  208.33  len= 607  streak(L,R)=(25,3)
  Ep 960 [SOLVED][   ] reward=  246.53  len= 207  streak(L,R)=(9,7)
  Ep 961 [SOLVED][   ] reward=  259.43  len= 543  streak(L,R)=(30,3)
  Ep 962 [SOLVED][   ] reward=  219.87  len= 239  streak(L,R)=(35,9)
  Ep 963 [SOLVED][   ] reward=  221.21  len= 370  streak(L,R)=(15,5)
  Ep 964 [SOLVED][   ] reward=  277.93  len= 207  streak(L,R)=(14,3)
  Ep 965 [SOLVED][   ] reward=  252.83  len= 203  streak(L,R)=(9,5)
  Ep 966 [SOLVED][   ] reward=  201.02  len= 611  streak(L,R)=(13,32)
  Ep 967 [SOLVED][   ] reward=  308.61  len= 221  streak(L,R)=(23,11)
  Ep 968 [SOLVED][   ] reward=  316.07  len= 249  streak(L,R)=(11,13)
  Ep 969 [SOLVED][   ] reward=  240.54  len= 305  streak(L,R)=(30,11)
  Ep 970 [SOLVED][   ] reward=  253.77  len= 233  streak(L,R)=(26,8)
  Ep 971 [    ][   ] reward=  124.09  len=1000  streak(L,R)=(9,9)
  Ep 972 [SOLVED][   ] reward=  281.64  len= 235  streak(L,R)=(28,7)
  Ep 973 [SOLVED][   ] reward=  303.52  len= 212  streak(L,R)=(7,12)
  Ep 974 [SOLVED][   ] reward=  314.95  len= 210  streak(L,R)=(13,10)
  Ep 975 [    ][LOW] reward= -130.85  len= 818  streak(L,R)=(74,79)
  Ep 976 [SOLVED][   ] reward=  256.28  len= 360  streak(L,R)=(33,10)
  Ep 977 [SOLVED][   ] reward=  310.69  len= 211  streak(L,R)=(17,11)
  Ep 978 [    ][   ] reward=    6.02  len= 121  streak(L,R)=(3,3)
  Ep 979 [SOLVED][   ] reward=  227.16  len= 436  streak(L,R)=(34,9)
  Ep 980 [SOLVED][   ] reward=  295.75  len= 217  streak(L,R)=(17,5)
  Ep 981 [    ][   ] reward=  169.83  len= 496  streak(L,R)=(69,7)
  Ep 982 [SOLVED][   ] reward=  233.23  len= 322  streak(L,R)=(35,10)
  Ep 983 [SOLVED][   ] reward=  234.45  len= 392  streak(L,R)=(36,10)
  Ep 984 [SOLVED][   ] reward=  287.14  len= 208  streak(L,R)=(9,2)
  Ep 985 [    ][   ] reward=   73.94  len=1000  streak(L,R)=(12,2)
  Ep 986 [SOLVED][   ] reward=  319.67  len= 229  streak(L,R)=(14,13)
  Ep 987 [SOLVED][   ] reward=  265.42  len= 297  streak(L,R)=(35,8)
  Ep 988 [SOLVED][   ] reward=  233.50  len= 260  streak(L,R)=(7,1)
  Ep 989 [SOLVED][   ] reward=  288.92  len= 214  streak(L,R)=(11,7)
  Ep 990 [SOLVED][   ] reward=  280.68  len= 246  streak(L,R)=(8,2)
  Ep 991 [SOLVED][   ] reward=  287.30  len= 230  streak(L,R)=(5,8)
  Ep 992 [    ][   ] reward=  118.69  len=1000  streak(L,R)=(18,1)
  Ep 993 [SOLVED][   ] reward=  285.83  len= 349  streak(L,R)=(16,31)
  Ep 994 [    ][LOW] reward=   -8.06  len= 170  streak(L,R)=(3,1)
  Ep 995 [    ][   ] reward=    4.35  len= 270  streak(L,R)=(4,1)
  Ep 996 [SOLVED][   ] reward=  309.10  len= 206  streak(L,R)=(5,12)
  Ep 997 [SOLVED][   ] reward=  227.04  len= 285  streak(L,R)=(6,5)
  Ep 998 [    ][   ] reward=  147.66  len= 594  streak(L,R)=(78,20)
  Ep 999 [    ][LOW] reward=  -12.75  len= 179  streak(L,R)=(4,1)
  Ep 1000 [SOLVED][   ] reward=  238.67  len= 435  streak(L,R)=(35,8)
==============================
Diagnostic Summary
  Mean reward   : 223.12   Median: 245.68   Std: 86.26
  Min / Max     : -396.16 / 319.67
  Solved (>=200): 779/1000 (77.9%)
  Low (<0)      : 29/1000 (2.9%)
  Mean length   : 404.1
  Action %      : no_op=25.0%, fire_left_orientation_engine=29.9%, fire_main_engine=27.8%, fire_right_orientation_engine=17.3%
  Max side streak: L=293, R=79
  Report saved  : benchmark_b_protocol.json
==============================
