Starting diagnostic evaluation: 100 episodes, base seed 5000 (no rendering)...
  Ep   1 [SOLVED][   ] reward=  260.15  len= 205  streak(L,R)=(4,2)
  Ep   2 [SOLVED][   ] reward=  275.71  len= 189  streak(L,R)=(3,3)
  Ep   3 [SOLVED][   ] reward=  293.95  len= 139  streak(L,R)=(1,5)
  Ep   4 [SOLVED][   ] reward=  293.76  len= 185  streak(L,R)=(34,3)
  Ep   5 [SOLVED][   ] reward=  275.95  len= 166  streak(L,R)=(2,8)
  Ep   6 [SOLVED][   ] reward=  287.02  len= 211  streak(L,R)=(41,7)
  Ep   7 [SOLVED][   ] reward=  261.71  len= 341  streak(L,R)=(19,2)
  Ep   8 [SOLVED][   ] reward=  227.60  len= 415  streak(L,R)=(2,1)
  Ep   9 [SOLVED][   ] reward=  304.95  len= 169  streak(L,R)=(30,6)
  Ep  10 [SOLVED][   ] reward=  305.84  len= 169  streak(L,R)=(10,9)
  Ep  11 [SOLVED][   ] reward=  235.91  len= 432  streak(L,R)=(18,2)
  Ep  12 [SOLVED][   ] reward=  243.93  len= 322  streak(L,R)=(2,1)
  Ep  13 [SOLVED][   ] reward=  262.70  len= 310  streak(L,R)=(6,5)
  Ep  14 [SOLVED][   ] reward=  259.12  len= 171  streak(L,R)=(9,1)
  Ep  15 [SOLVED][   ] reward=  276.30  len= 211  streak(L,R)=(8,4)
  Ep  16 [SOLVED][   ] reward=  276.45  len= 160  streak(L,R)=(11,2)
  Ep  17 [SOLVED][   ] reward=  223.09  len= 316  streak(L,R)=(2,2)
  Ep  18 [SOLVED][   ] reward=  257.90  len= 249  streak(L,R)=(14,4)
  Ep  19 [SOLVED][   ] reward=  240.49  len= 227  streak(L,R)=(3,2)
  Ep  20 [SOLVED][   ] reward=  258.15  len= 252  streak(L,R)=(5,1)
  Ep  21 [SOLVED][   ] reward=  266.23  len= 239  streak(L,R)=(47,2)
  Ep  22 [    ][   ] reward=   38.95  len= 106  streak(L,R)=(2,10)
  Ep  23 [SOLVED][   ] reward=  266.62  len= 164  streak(L,R)=(3,2)
  Ep  24 [SOLVED][   ] reward=  229.86  len= 314  streak(L,R)=(11,2)
  Ep  25 [SOLVED][   ] reward=  245.36  len= 390  streak(L,R)=(17,2)
  Ep  26 [SOLVED][   ] reward=  265.15  len= 242  streak(L,R)=(7,4)
  Ep  27 [SOLVED][   ] reward=  230.69  len= 322  streak(L,R)=(4,2)
  Ep  28 [    ][   ] reward=  174.16  len= 532  streak(L,R)=(3,2)
  Ep  29 [SOLVED][   ] reward=  240.94  len= 368  streak(L,R)=(7,2)
  Ep  30 [    ][   ] reward=    0.99  len= 204  streak(L,R)=(4,5)
  Ep  31 [SOLVED][   ] reward=  225.47  len= 253  streak(L,R)=(4,2)
  Ep  32 [SOLVED][   ] reward=  266.82  len= 278  streak(L,R)=(9,3)
  Ep  33 [SOLVED][   ] reward=  268.49  len= 270  streak(L,R)=(21,3)
  Ep  34 [SOLVED][   ] reward=  285.54  len= 198  streak(L,R)=(33,3)
  Ep  35 [SOLVED][   ] reward=  261.56  len= 577  streak(L,R)=(31,3)
  Ep  36 [SOLVED][   ] reward=  278.37  len= 193  streak(L,R)=(26,3)
  Ep  37 [SOLVED][   ] reward=  286.70  len= 191  streak(L,R)=(3,6)
  Ep  38 [SOLVED][   ] reward=  287.10  len= 200  streak(L,R)=(31,2)
  Ep  39 [SOLVED][   ] reward=  275.31  len= 914  streak(L,R)=(53,6)
  Ep  40 [SOLVED][   ] reward=  200.94  len= 441  streak(L,R)=(4,2)
  Ep  41 [    ][   ] reward=   26.54  len= 196  streak(L,R)=(5,4)
  Ep  42 [SOLVED][   ] reward=  265.91  len= 212  streak(L,R)=(1,1)
  Ep  43 [    ][   ] reward=   48.93  len= 119  streak(L,R)=(1,2)
  Ep  44 [    ][   ] reward=   35.14  len= 101  streak(L,R)=(11,3)
  Ep  45 [SOLVED][   ] reward=  292.21  len= 218  streak(L,R)=(22,4)
  Ep  46 [SOLVED][   ] reward=  287.81  len= 138  streak(L,R)=(3,1)
  Ep  47 [SOLVED][   ] reward=  246.48  len= 304  streak(L,R)=(6,2)
  Ep  48 [SOLVED][   ] reward=  272.01  len= 163  streak(L,R)=(1,2)
  Ep  49 [SOLVED][   ] reward=  239.51  len= 250  streak(L,R)=(6,2)
  Ep  50 [SOLVED][   ] reward=  231.70  len= 267  streak(L,R)=(5,2)
  Ep  51 [SOLVED][   ] reward=  266.79  len= 689  streak(L,R)=(43,4)
  Ep  52 [SOLVED][   ] reward=  287.25  len= 303  streak(L,R)=(36,6)
  Ep  53 [SOLVED][   ] reward=  254.15  len= 176  streak(L,R)=(4,2)
  Ep  54 [SOLVED][   ] reward=  234.00  len= 396  streak(L,R)=(15,2)
  Ep  55 [SOLVED][   ] reward=  243.54  len= 215  streak(L,R)=(4,2)
  Ep  56 [SOLVED][   ] reward=  230.09  len= 303  streak(L,R)=(4,2)
  Ep  57 [SOLVED][   ] reward=  270.62  len= 949  streak(L,R)=(24,7)
  Ep  58 [SOLVED][   ] reward=  252.25  len= 151  streak(L,R)=(1,2)
  Ep  59 [SOLVED][   ] reward=  231.30  len= 311  streak(L,R)=(7,2)
  Ep  60 [SOLVED][   ] reward=  272.82  len= 503  streak(L,R)=(6,3)
  Ep  61 [SOLVED][   ] reward=  264.74  len= 314  streak(L,R)=(6,3)
  Ep  62 [SOLVED][   ] reward=  280.89  len= 208  streak(L,R)=(17,3)
  Ep  63 [SOLVED][   ] reward=  222.20  len= 273  streak(L,R)=(28,5)
  Ep  64 [SOLVED][   ] reward=  268.65  len= 251  streak(L,R)=(4,1)
  Ep  65 [SOLVED][   ] reward=  282.68  len= 190  streak(L,R)=(34,3)
  Ep  66 [SOLVED][   ] reward=  245.73  len= 324  streak(L,R)=(1,2)
  Ep  67 [SOLVED][   ] reward=  279.28  len= 319  streak(L,R)=(15,9)
  Ep  68 [SOLVED][   ] reward=  249.68  len= 309  streak(L,R)=(4,2)
  Ep  69 [SOLVED][   ] reward=  298.91  len= 238  streak(L,R)=(16,7)
  Ep  70 [SOLVED][   ] reward=  274.20  len= 203  streak(L,R)=(2,2)
  Ep  71 [SOLVED][   ] reward=  232.26  len= 240  streak(L,R)=(3,2)
  Ep  72 [SOLVED][   ] reward=  238.98  len= 371  streak(L,R)=(14,6)
  Ep  73 [SOLVED][   ] reward=  284.14  len= 273  streak(L,R)=(26,5)
  Ep  74 [SOLVED][   ] reward=  225.42  len= 408  streak(L,R)=(15,5)
  Ep  75 [SOLVED][   ] reward=  253.15  len= 227  streak(L,R)=(14,30)
  Ep  76 [SOLVED][   ] reward=  287.27  len= 241  streak(L,R)=(28,11)
  Ep  77 [    ][   ] reward=   52.17  len=  78  streak(L,R)=(1,8)
  Ep  78 [SOLVED][   ] reward=  247.10  len= 332  streak(L,R)=(36,3)
  Ep  79 [SOLVED][   ] reward=  229.21  len= 261  streak(L,R)=(4,2)
  Ep  80 [SOLVED][   ] reward=  249.73  len= 355  streak(L,R)=(22,1)
  Ep  81 [SOLVED][   ] reward=  232.95  len= 285  streak(L,R)=(2,1)
  Ep  82 [SOLVED][   ] reward=  230.68  len= 356  streak(L,R)=(19,2)
  Ep  83 [    ][   ] reward=   30.22  len=  82  streak(L,R)=(1,4)
  Ep  84 [SOLVED][   ] reward=  236.45  len= 284  streak(L,R)=(5,2)
  Ep  85 [SOLVED][   ] reward=  293.33  len= 260  streak(L,R)=(19,5)
  Ep  86 [SOLVED][   ] reward=  236.10  len= 285  streak(L,R)=(15,5)
  Ep  87 [SOLVED][   ] reward=  226.31  len= 521  streak(L,R)=(1,4)
  Ep  88 [SOLVED][   ] reward=  274.85  len= 314  streak(L,R)=(85,6)
  Ep  89 [SOLVED][   ] reward=  245.83  len= 360  streak(L,R)=(10,3)
  Ep  90 [SOLVED][   ] reward=  282.83  len= 240  streak(L,R)=(11,4)
  Ep  91 [SOLVED][   ] reward=  224.04  len= 285  streak(L,R)=(2,2)
  Ep  92 [SOLVED][   ] reward=  273.23  len= 173  streak(L,R)=(2,2)
  Ep  93 [SOLVED][   ] reward=  266.13  len= 300  streak(L,R)=(116,6)
  Ep  94 [SOLVED][   ] reward=  261.92  len= 597  streak(L,R)=(40,5)
  Ep  95 [SOLVED][   ] reward=  231.08  len= 349  streak(L,R)=(7,2)
  Ep  96 [SOLVED][   ] reward=  283.89  len= 428  streak(L,R)=(7,7)
  Ep  97 [    ][   ] reward=  159.47  len=1000  streak(L,R)=(18,2)
  Ep  98 [SOLVED][   ] reward=  277.94  len= 172  streak(L,R)=(1,1)
  Ep  99 [SOLVED][   ] reward=  209.05  len= 374  streak(L,R)=(15,2)
  Ep 100 [SOLVED][   ] reward=  263.98  len= 234  streak(L,R)=(15,28)
==============================
Diagnostic Summary
  Mean reward   : 241.12   Median: 258.64   Std: 62.77
  Min / Max     : 0.99 / 305.84
  Solved (>=200): 91/100 (91.0%)
  Low (<0)      : 0/100 (0.0%)
  Mean length   : 295.1
  Action %      : no_op=31.1%, fire_left_orientation_engine=18.1%, fire_main_engine=39.6%, fire_right_orientation_engine=11.2%
  Max side streak: L=116, R=30
  Report saved  : benchmark_b.json
==============================
