Starting diagnostic evaluation: 50 episodes, base seed 1234 (no rendering)...
  Ep   1 [SOLVED][   ] reward=  287.42  len= 292  streak(L,R)=(12,2)
  Ep   2 [SOLVED][   ] reward=  265.54  len= 211  streak(L,R)=(2,2)
  Ep   3 [SOLVED][   ] reward=  234.01  len= 295  streak(L,R)=(4,2)
  Ep   4 [SOLVED][   ] reward=  305.16  len= 193  streak(L,R)=(26,10)
  Ep   5 [SOLVED][   ] reward=  256.29  len= 183  streak(L,R)=(1,1)
  Ep   6 [SOLVED][   ] reward=  317.16  len= 172  streak(L,R)=(12,3)
  Ep   7 [    ][   ] reward=   68.00  len= 116  streak(L,R)=(11,3)
  Ep   8 [SOLVED][   ] reward=  297.89  len= 379  streak(L,R)=(12,25)
  Ep   9 [SOLVED][   ] reward=  271.03  len= 388  streak(L,R)=(37,9)
  Ep  10 [SOLVED][   ] reward=  285.84  len= 199  streak(L,R)=(10,3)
  Ep  11 [SOLVED][   ] reward=  306.79  len= 180  streak(L,R)=(11,4)
  Ep  12 [    ][   ] reward=   18.10  len= 282  streak(L,R)=(2,5)
  Ep  13 [SOLVED][   ] reward=  236.05  len= 245  streak(L,R)=(3,1)
  Ep  14 [SOLVED][   ] reward=  230.47  len= 335  streak(L,R)=(19,5)
  Ep  15 [SOLVED][   ] reward=  236.53  len= 394  streak(L,R)=(21,2)
  Ep  16 [SOLVED][   ] reward=  247.70  len= 365  streak(L,R)=(9,2)
  Ep  17 [SOLVED][   ] reward=  226.38  len= 293  streak(L,R)=(6,2)
  Ep  18 [SOLVED][   ] reward=  254.91  len= 177  streak(L,R)=(3,1)
  Ep  19 [SOLVED][   ] reward=  229.46  len= 353  streak(L,R)=(2,2)
  Ep  20 [    ][   ] reward=   35.24  len= 211  streak(L,R)=(12,6)
  Ep  21 [SOLVED][   ] reward=  260.87  len= 286  streak(L,R)=(51,4)
  Ep  22 [SOLVED][   ] reward=  259.91  len= 354  streak(L,R)=(7,6)
  Ep  23 [SOLVED][   ] reward=  239.23  len= 347  streak(L,R)=(24,1)
  Ep  24 [SOLVED][   ] reward=  257.32  len= 266  streak(L,R)=(6,27)
  Ep  25 [SOLVED][   ] reward=  241.56  len= 279  streak(L,R)=(2,1)
  Ep  26 [SOLVED][   ] reward=  284.44  len= 199  streak(L,R)=(8,6)
  Ep  27 [SOLVED][   ] reward=  295.08  len= 192  streak(L,R)=(33,5)
  Ep  28 [SOLVED][   ] reward=  269.61  len= 156  streak(L,R)=(3,2)
  Ep  29 [SOLVED][   ] reward=  265.24  len= 174  streak(L,R)=(5,2)
  Ep  30 [    ][   ] reward=   42.56  len=  99  streak(L,R)=(2,3)
  Ep  31 [SOLVED][   ] reward=  273.17  len= 288  streak(L,R)=(18,3)
  Ep  32 [SOLVED][   ] reward=  280.30  len= 176  streak(L,R)=(30,3)
  Ep  33 [SOLVED][   ] reward=  250.52  len= 320  streak(L,R)=(16,5)
  Ep  34 [SOLVED][   ] reward=  301.03  len= 147  streak(L,R)=(9,4)
  Ep  35 [    ][   ] reward=   16.25  len= 212  streak(L,R)=(5,3)
  Ep  36 [SOLVED][   ] reward=  266.33  len= 166  streak(L,R)=(5,1)
  Ep  37 [    ][   ] reward=   20.41  len= 205  streak(L,R)=(2,6)
  Ep  38 [SOLVED][   ] reward=  297.38  len= 227  streak(L,R)=(9,7)
  Ep  39 [SOLVED][   ] reward=  287.56  len= 183  streak(L,R)=(10,17)
  Ep  40 [SOLVED][   ] reward=  247.56  len= 252  streak(L,R)=(4,2)
  Ep  41 [SOLVED][   ] reward=  250.72  len= 734  streak(L,R)=(13,1)
  Ep  42 [SOLVED][   ] reward=  226.52  len= 350  streak(L,R)=(7,2)
  Ep  43 [SOLVED][   ] reward=  255.17  len= 312  streak(L,R)=(6,1)
  Ep  44 [SOLVED][   ] reward=  241.05  len= 282  streak(L,R)=(19,6)
  Ep  45 [SOLVED][   ] reward=  258.55  len= 255  streak(L,R)=(16,5)
  Ep  46 [    ][   ] reward=   53.25  len=  77  streak(L,R)=(1,4)
  Ep  47 [SOLVED][   ] reward=  249.39  len= 331  streak(L,R)=(10,3)
  Ep  48 [SOLVED][   ] reward=  253.70  len= 295  streak(L,R)=(6,1)
  Ep  49 [SOLVED][   ] reward=  262.99  len= 243  streak(L,R)=(25,1)
  Ep  50 [SOLVED][   ] reward=  260.08  len= 284  streak(L,R)=(1,2)
==============================
Diagnostic Summary
  Mean reward   : 231.55   Median: 255.73   Std: 82.09
  Min / Max     : 16.25 / 317.16
  Solved (>=200): 43/50 (86.0%)
  Low (<0)      : 0/50 (0.0%)
  Mean length   : 259.1
  Action %      : no_op=28.7%, fire_left_orientation_engine=14.8%, fire_main_engine=42.9%, fire_right_orientation_engine=13.6%
  Max side streak: L=51, R=27
  Report saved  : benchmark_a.json
==============================
