Starting diagnostic evaluation: 100 episodes, base seed 5000 (no rendering)...
  Ep   1 [SOLVED][   ] reward=  273.49  len= 206  streak(L,R)=(3,21)
  Ep   2 [    ][   ] reward=    9.62  len= 110  streak(L,R)=(3,3)
  Ep   3 [SOLVED][   ] reward=  279.17  len= 217  streak(L,R)=(3,5)
  Ep   4 [SOLVED][   ] reward=  255.34  len= 352  streak(L,R)=(4,27)
  Ep   5 [SOLVED][   ] reward=  241.37  len= 140  streak(L,R)=(1,52)
  Ep   6 [    ][   ] reward=   22.75  len= 147  streak(L,R)=(9,2)
  Ep   7 [SOLVED][   ] reward=  286.63  len= 170  streak(L,R)=(5,2)
  Ep   8 [SOLVED][   ] reward=  259.90  len= 141  streak(L,R)=(5,1)
  Ep   9 [SOLVED][   ] reward=  263.96  len= 246  streak(L,R)=(13,8)
  Ep  10 [SOLVED][   ] reward=  286.96  len= 207  streak(L,R)=(7,9)
  Ep  11 [SOLVED][   ] reward=  273.59  len= 177  streak(L,R)=(3,2)
  Ep  12 [SOLVED][   ] reward=  268.95  len= 163  streak(L,R)=(7,6)
  Ep  13 [SOLVED][   ] reward=  298.86  len= 186  streak(L,R)=(5,3)
  Ep  14 [SOLVED][   ] reward=  244.19  len= 166  streak(L,R)=(1,5)
  Ep  15 [SOLVED][   ] reward=  292.10  len= 213  streak(L,R)=(7,19)
  Ep  16 [SOLVED][   ] reward=  221.03  len= 969  streak(L,R)=(1,491)
  Ep  17 [SOLVED][   ] reward=  258.98  len= 186  streak(L,R)=(4,2)
  Ep  18 [SOLVED][   ] reward=  257.16  len= 336  streak(L,R)=(6,14)
  Ep  19 [SOLVED][   ] reward=  253.71  len= 139  streak(L,R)=(4,5)
  Ep  20 [SOLVED][   ] reward=  282.85  len= 151  streak(L,R)=(4,1)
  Ep  21 [    ][   ] reward=   46.19  len= 173  streak(L,R)=(9,5)
  Ep  22 [SOLVED][   ] reward=  263.03  len= 266  streak(L,R)=(9,45)
  Ep  23 [SOLVED][   ] reward=  250.85  len= 177  streak(L,R)=(1,5)
  Ep  24 [SOLVED][   ] reward=  256.95  len= 187  streak(L,R)=(4,2)
  Ep  25 [    ][   ] reward=  142.33  len=1000  streak(L,R)=(9,2)
  Ep  26 [SOLVED][   ] reward=  268.86  len= 222  streak(L,R)=(10,9)
  Ep  27 [SOLVED][   ] reward=  253.22  len= 219  streak(L,R)=(8,4)
  Ep  28 [    ][   ] reward=    4.97  len=  97  streak(L,R)=(3,1)
  Ep  29 [SOLVED][   ] reward=  276.81  len= 188  streak(L,R)=(8,3)
  Ep  30 [SOLVED][   ] reward=  277.24  len= 306  streak(L,R)=(6,20)
  Ep  31 [    ][   ] reward=    6.54  len=  97  streak(L,R)=(2,1)
  Ep  32 [SOLVED][   ] reward=  292.80  len= 179  streak(L,R)=(4,2)
  Ep  33 [    ][   ] reward=   42.57  len= 158  streak(L,R)=(5,2)
  Ep  34 [SOLVED][   ] reward=  233.31  len= 377  streak(L,R)=(6,61)
  Ep  35 [    ][LOW] reward=   -2.59  len= 222  streak(L,R)=(5,16)
  Ep  36 [    ][   ] reward=   20.92  len= 151  streak(L,R)=(2,3)
  Ep  37 [    ][   ] reward=   23.03  len= 114  streak(L,R)=(6,5)
  Ep  38 [SOLVED][   ] reward=  267.13  len= 352  streak(L,R)=(4,10)
  Ep  39 [    ][   ] reward=  161.59  len=1000  streak(L,R)=(38,17)
  Ep  40 [SOLVED][   ] reward=  237.35  len= 216  streak(L,R)=(2,1)
  Ep  41 [    ][   ] reward=   46.09  len= 178  streak(L,R)=(5,15)
  Ep  42 [SOLVED][   ] reward=  267.79  len= 232  streak(L,R)=(11,31)
  Ep  43 [SOLVED][   ] reward=  273.36  len= 251  streak(L,R)=(11,8)
  Ep  44 [SOLVED][   ] reward=  301.63  len= 167  streak(L,R)=(7,1)
  Ep  45 [SOLVED][   ] reward=  256.67  len= 727  streak(L,R)=(6,389)
  Ep  46 [    ][   ] reward=   38.62  len=  74  streak(L,R)=(1,1)
  Ep  47 [SOLVED][   ] reward=  265.41  len= 187  streak(L,R)=(6,1)
  Ep  48 [SOLVED][   ] reward=  216.25  len= 333  streak(L,R)=(2,25)
  Ep  49 [SOLVED][   ] reward=  242.13  len= 150  streak(L,R)=(5,8)
  Ep  50 [SOLVED][   ] reward=  260.48  len= 164  streak(L,R)=(4,1)
  Ep  51 [SOLVED][   ] reward=  280.98  len= 408  streak(L,R)=(6,37)
  Ep  52 [    ][   ] reward=  198.12  len= 403  streak(L,R)=(3,74)
  Ep  53 [    ][   ] reward=   34.64  len=  86  streak(L,R)=(2,1)
  Ep  54 [    ][   ] reward=  117.76  len=1000  streak(L,R)=(3,2)
  Ep  55 [    ][   ] reward=   15.01  len=  97  streak(L,R)=(4,2)
  Ep  56 [SOLVED][   ] reward=  263.74  len= 195  streak(L,R)=(4,1)
  Ep  57 [SOLVED][   ] reward=  287.95  len= 395  streak(L,R)=(6,77)
  Ep  58 [    ][   ] reward=   20.26  len=  97  streak(L,R)=(2,2)
  Ep  59 [SOLVED][   ] reward=  259.53  len= 148  streak(L,R)=(3,2)
  Ep  60 [SOLVED][   ] reward=  236.98  len= 357  streak(L,R)=(11,10)
  Ep  61 [SOLVED][   ] reward=  272.27  len= 210  streak(L,R)=(9,8)
  Ep  62 [SOLVED][   ] reward=  233.89  len= 367  streak(L,R)=(18,14)
  Ep  63 [SOLVED][   ] reward=  236.91  len= 198  streak(L,R)=(4,1)
  Ep  64 [    ][   ] reward=   74.83  len=  82  streak(L,R)=(3,1)
  Ep  65 [SOLVED][   ] reward=  256.41  len= 210  streak(L,R)=(1,31)
  Ep  66 [    ][   ] reward=   20.18  len=  83  streak(L,R)=(1,2)
  Ep  67 [SOLVED][   ] reward=  262.54  len= 329  streak(L,R)=(5,19)
  Ep  68 [SOLVED][   ] reward=  282.10  len= 204  streak(L,R)=(4,2)
  Ep  69 [    ][   ] reward=   35.09  len= 159  streak(L,R)=(10,2)
  Ep  70 [SOLVED][   ] reward=  268.75  len= 183  streak(L,R)=(3,2)
  Ep  71 [    ][   ] reward=  153.29  len= 422  streak(L,R)=(8,40)
  Ep  72 [SOLVED][   ] reward=  277.83  len= 207  streak(L,R)=(3,2)
  Ep  73 [    ][   ] reward=   69.80  len= 171  streak(L,R)=(9,6)
  Ep  74 [SOLVED][   ] reward=  257.78  len= 233  streak(L,R)=(5,2)
  Ep  75 [SOLVED][   ] reward=  254.72  len= 400  streak(L,R)=(4,23)
  Ep  76 [    ][   ] reward=   35.08  len= 216  streak(L,R)=(6,10)
  Ep  77 [SOLVED][   ] reward=  269.90  len= 216  streak(L,R)=(17,7)
  Ep  78 [SOLVED][   ] reward=  275.37  len= 220  streak(L,R)=(8,2)
  Ep  79 [    ][   ] reward=   28.98  len=  91  streak(L,R)=(3,1)
  Ep  80 [SOLVED][   ] reward=  262.19  len= 206  streak(L,R)=(8,8)
  Ep  81 [    ][   ] reward=  122.52  len=1000  streak(L,R)=(2,2)
  Ep  82 [SOLVED][   ] reward=  258.54  len= 188  streak(L,R)=(3,2)
  Ep  83 [SOLVED][   ] reward=  260.86  len= 166  streak(L,R)=(18,7)
  Ep  84 [SOLVED][   ] reward=  220.62  len= 298  streak(L,R)=(80,7)
  Ep  85 [SOLVED][   ] reward=  273.18  len= 305  streak(L,R)=(53,14)
  Ep  86 [SOLVED][   ] reward=  245.77  len= 220  streak(L,R)=(5,3)
  Ep  87 [SOLVED][   ] reward=  270.15  len= 257  streak(L,R)=(3,17)
  Ep  88 [SOLVED][   ] reward=  226.95  len= 354  streak(L,R)=(3,45)
  Ep  89 [SOLVED][   ] reward=  293.17  len= 229  streak(L,R)=(4,3)
  Ep  90 [    ][   ] reward=   46.64  len= 141  streak(L,R)=(8,2)
  Ep  91 [SOLVED][   ] reward=  245.46  len= 157  streak(L,R)=(4,2)
  Ep  92 [    ][   ] reward=   32.61  len= 107  streak(L,R)=(3,3)
  Ep  93 [SOLVED][   ] reward=  285.17  len= 263  streak(L,R)=(21,13)
  Ep  94 [    ][   ] reward=  156.55  len=1000  streak(L,R)=(13,358)
  Ep  95 [SOLVED][   ] reward=  260.45  len= 601  streak(L,R)=(12,14)
  Ep  96 [    ][   ] reward=   35.54  len= 135  streak(L,R)=(2,8)
  Ep  97 [SOLVED][   ] reward=  305.04  len= 227  streak(L,R)=(4,10)
  Ep  98 [    ][   ] reward=   35.93  len= 107  streak(L,R)=(3,4)
  Ep  99 [SOLVED][   ] reward=  243.84  len= 166  streak(L,R)=(5,1)
  Ep 100 [SOLVED][   ] reward=  269.12  len= 281  streak(L,R)=(26,13)
==============================
Diagnostic Summary
  Mean reward   : 199.53   Median: 255.03   Std: 100.83
  Min / Max     : -2.59 / 305.04
  Solved (>=200): 69/100 (69.0%)
  Low (<0)      : 1/100 (1.0%)
  Mean length   : 265.8
  Action %      : no_op=35.4%, fire_left_orientation_engine=12.1%, fire_main_engine=32.6%, fire_right_orientation_engine=19.9%
  Max side streak: L=80, R=491
  Report saved  : benchmark_b.json
==============================
