Starting diagnostic evaluation: 50 episodes, base seed 1234 (no rendering)...
  Ep   1 [    ][   ] reward=   61.65  len= 165  streak(L,R)=(4,3)
  Ep   2 [SOLVED][   ] reward=  265.52  len= 264  streak(L,R)=(3,53)
  Ep   3 [SOLVED][   ] reward=  253.29  len= 172  streak(L,R)=(3,2)
  Ep   4 [SOLVED][   ] reward=  260.14  len= 485  streak(L,R)=(5,260)
  Ep   5 [    ][   ] reward=    2.45  len=  82  streak(L,R)=(2,1)
  Ep   6 [    ][   ] reward=  170.97  len=1000  streak(L,R)=(9,15)
  Ep   7 [SOLVED][   ] reward=  308.17  len= 255  streak(L,R)=(9,4)
  Ep   8 [    ][   ] reward=   33.97  len= 151  streak(L,R)=(10,2)
  Ep   9 [SOLVED][   ] reward=  315.56  len= 261  streak(L,R)=(5,10)
  Ep  10 [SOLVED][   ] reward=  285.29  len= 247  streak(L,R)=(8,11)
  Ep  11 [SOLVED][   ] reward=  280.69  len= 217  streak(L,R)=(9,6)
  Ep  12 [SOLVED][   ] reward=  299.36  len= 268  streak(L,R)=(46,25)
  Ep  13 [    ][   ] reward=   15.97  len=  94  streak(L,R)=(5,3)
  Ep  14 [SOLVED][   ] reward=  256.52  len= 211  streak(L,R)=(5,2)
  Ep  15 [    ][   ] reward=  133.34  len=1000  streak(L,R)=(4,3)
  Ep  16 [    ][   ] reward=  142.36  len=1000  streak(L,R)=(8,1)
  Ep  17 [SOLVED][   ] reward=  251.18  len= 165  streak(L,R)=(10,1)
  Ep  18 [SOLVED][   ] reward=  248.48  len= 166  streak(L,R)=(1,24)
  Ep  19 [SOLVED][   ] reward=  259.72  len= 141  streak(L,R)=(2,2)
  Ep  20 [SOLVED][   ] reward=  280.71  len= 358  streak(L,R)=(12,24)
  Ep  21 [SOLVED][   ] reward=  271.50  len= 225  streak(L,R)=(5,4)
  Ep  22 [SOLVED][   ] reward=  306.84  len= 244  streak(L,R)=(3,11)
  Ep  23 [SOLVED][   ] reward=  258.04  len= 180  streak(L,R)=(7,4)
  Ep  24 [SOLVED][   ] reward=  253.49  len= 459  streak(L,R)=(8,108)
  Ep  25 [    ][   ] reward=   50.92  len=  81  streak(L,R)=(2,1)
  Ep  26 [    ][   ] reward=   36.83  len= 159  streak(L,R)=(8,2)
  Ep  27 [SOLVED][   ] reward=  287.87  len= 358  streak(L,R)=(7,31)
  Ep  28 [SOLVED][   ] reward=  269.17  len= 142  streak(L,R)=(1,7)
  Ep  29 [    ][   ] reward=   20.73  len= 106  streak(L,R)=(2,2)
  Ep  30 [SOLVED][   ] reward=  261.53  len= 238  streak(L,R)=(17,6)
  Ep  31 [SOLVED][   ] reward=  270.82  len= 231  streak(L,R)=(8,5)
  Ep  32 [SOLVED][   ] reward=  250.29  len= 285  streak(L,R)=(5,23)
  Ep  33 [SOLVED][   ] reward=  264.38  len= 237  streak(L,R)=(9,15)
  Ep  34 [SOLVED][   ] reward=  262.83  len= 250  streak(L,R)=(2,33)
  Ep  35 [SOLVED][   ] reward=  266.08  len= 495  streak(L,R)=(21,18)
  Ep  36 [    ][   ] reward=   27.57  len=  84  streak(L,R)=(1,1)
  Ep  37 [SOLVED][   ] reward=  255.85  len= 327  streak(L,R)=(12,22)
  Ep  38 [SOLVED][   ] reward=  302.40  len= 230  streak(L,R)=(10,3)
  Ep  39 [SOLVED][   ] reward=  296.19  len= 197  streak(L,R)=(8,4)
  Ep  40 [SOLVED][   ] reward=  253.03  len= 188  streak(L,R)=(5,4)
  Ep  41 [SOLVED][   ] reward=  205.04  len= 402  streak(L,R)=(3,19)
  Ep  42 [SOLVED][   ] reward=  262.65  len= 216  streak(L,R)=(7,1)
  Ep  43 [SOLVED][   ] reward=  282.76  len= 163  streak(L,R)=(6,4)
  Ep  44 [SOLVED][   ] reward=  251.07  len= 202  streak(L,R)=(2,2)
  Ep  45 [SOLVED][   ] reward=  272.77  len= 219  streak(L,R)=(8,3)
  Ep  46 [SOLVED][   ] reward=  277.65  len= 237  streak(L,R)=(10,3)
  Ep  47 [SOLVED][   ] reward=  276.64  len= 207  streak(L,R)=(8,8)
  Ep  48 [SOLVED][   ] reward=  295.28  len= 233  streak(L,R)=(5,6)
  Ep  49 [SOLVED][   ] reward=  278.48  len= 307  streak(L,R)=(10,17)
  Ep  50 [SOLVED][   ] reward=  286.09  len= 209  streak(L,R)=(3,27)
==============================
Diagnostic Summary
  Mean reward   : 225.60   Median: 262.09   Std: 91.85
  Min / Max     : 2.45 / 315.56
  Solved (>=200): 39/50 (78.0%)
  Low (<0)      : 0/50 (0.0%)
  Mean length   : 276.3
  Action %      : no_op=41.9%, fire_left_orientation_engine=11.8%, fire_main_engine=32.0%, fire_right_orientation_engine=14.3%
  Max side streak: L=46, R=260
  Report saved  : benchmark_a.json
==============================
