Starting diagnostic evaluation: 50 episodes, base seed 1234 (no rendering)...
  Ep   1 [SOLVED][   ] reward=  297.60  len= 237  streak(L,R)=(4,9)
  Ep   2 [SOLVED][   ] reward=  271.79  len= 168  streak(L,R)=(10,1)
  Ep   3 [SOLVED][   ] reward=  232.81  len= 313  streak(L,R)=(2,8)
  Ep   4 [SOLVED][   ] reward=  248.65  len= 793  streak(L,R)=(12,28)
  Ep   5 [SOLVED][   ] reward=  254.78  len= 186  streak(L,R)=(10,1)
  Ep   6 [SOLVED][   ] reward=  309.98  len= 226  streak(L,R)=(11,5)
  Ep   7 [SOLVED][   ] reward=  305.10  len= 224  streak(L,R)=(11,6)
  Ep   8 [SOLVED][   ] reward=  309.26  len= 230  streak(L,R)=(11,8)
  Ep   9 [SOLVED][   ] reward=  298.18  len= 268  streak(L,R)=(3,9)
  Ep  10 [SOLVED][   ] reward=  296.10  len= 241  streak(L,R)=(9,2)
  Ep  11 [SOLVED][   ] reward=  279.36  len= 232  streak(L,R)=(10,2)
  Ep  12 [SOLVED][   ] reward=  296.36  len= 252  streak(L,R)=(22,21)
  Ep  13 [SOLVED][   ] reward=  240.11  len= 210  streak(L,R)=(3,2)
  Ep  14 [SOLVED][   ] reward=  256.83  len= 278  streak(L,R)=(1,2)
  Ep  15 [SOLVED][   ] reward=  256.21  len= 273  streak(L,R)=(1,1)
  Ep  16 [SOLVED][   ] reward=  279.15  len= 209  streak(L,R)=(4,1)
  Ep  17 [SOLVED][   ] reward=  262.03  len= 159  streak(L,R)=(2,2)
  Ep  18 [SOLVED][   ] reward=  253.90  len= 157  streak(L,R)=(12,3)
  Ep  19 [SOLVED][   ] reward=  232.21  len= 306  streak(L,R)=(8,2)
  Ep  20 [SOLVED][   ] reward=  312.51  len= 258  streak(L,R)=(23,22)
  Ep  21 [SOLVED][   ] reward=  288.72  len= 238  streak(L,R)=(4,5)
  Ep  22 [SOLVED][   ] reward=  305.51  len= 234  streak(L,R)=(5,5)
  Ep  23 [SOLVED][   ] reward=  249.04  len= 280  streak(L,R)=(6,2)
  Ep  24 [SOLVED][   ] reward=  286.44  len= 200  streak(L,R)=(19,16)
  Ep  25 [SOLVED][   ] reward=  248.11  len= 276  streak(L,R)=(6,2)
  Ep  26 [SOLVED][   ] reward=  298.33  len= 247  streak(L,R)=(3,10)
  Ep  27 [    ][   ] reward=  142.20  len=1000  streak(L,R)=(6,8)
  Ep  28 [SOLVED][   ] reward=  271.73  len= 148  streak(L,R)=(10,1)
  Ep  29 [SOLVED][   ] reward=  264.35  len= 163  streak(L,R)=(8,5)
  Ep  30 [SOLVED][   ] reward=  289.55  len= 202  streak(L,R)=(22,4)
  Ep  31 [SOLVED][   ] reward=  275.77  len= 224  streak(L,R)=(7,4)
  Ep  32 [SOLVED][   ] reward=  279.69  len= 256  streak(L,R)=(7,6)
  Ep  33 [SOLVED][   ] reward=  291.97  len= 231  streak(L,R)=(3,5)
  Ep  34 [SOLVED][   ] reward=  297.31  len= 156  streak(L,R)=(16,3)
  Ep  35 [SOLVED][   ] reward=  294.58  len= 274  streak(L,R)=(20,18)
  Ep  36 [SOLVED][   ] reward=  267.17  len= 163  streak(L,R)=(13,1)
  Ep  37 [SOLVED][   ] reward=  290.07  len= 194  streak(L,R)=(22,20)
  Ep  38 [SOLVED][   ] reward=  280.24  len= 249  streak(L,R)=(5,6)
  Ep  39 [SOLVED][   ] reward=  301.93  len= 210  streak(L,R)=(9,6)
  Ep  40 [SOLVED][   ] reward=  251.65  len= 266  streak(L,R)=(3,2)
  Ep  41 [SOLVED][   ] reward=  267.91  len= 168  streak(L,R)=(14,5)
  Ep  42 [SOLVED][   ] reward=  276.74  len= 205  streak(L,R)=(3,7)
  Ep  43 [SOLVED][   ] reward=  261.20  len= 288  streak(L,R)=(4,1)
  Ep  44 [SOLVED][   ] reward=  260.67  len= 257  streak(L,R)=(2,1)
  Ep  45 [SOLVED][   ] reward=  288.04  len= 223  streak(L,R)=(7,3)
  Ep  46 [SOLVED][   ] reward=  292.58  len= 150  streak(L,R)=(8,1)
  Ep  47 [SOLVED][   ] reward=  293.82  len= 223  streak(L,R)=(7,3)
  Ep  48 [SOLVED][   ] reward=  272.64  len= 254  streak(L,R)=(4,6)
  Ep  49 [SOLVED][   ] reward=  276.23  len= 228  streak(L,R)=(22,17)
  Ep  50 [SOLVED][   ] reward=  272.40  len= 211  streak(L,R)=(10,2)
==============================
Diagnostic Summary
  Mean reward   : 274.59   Median: 277.94   Std: 27.99
  Min / Max     : 142.20 / 312.51
  Solved (>=200): 49/50 (98.0%)
  Low (<0)      : 0/50 (0.0%)
  Mean length   : 252.8
  Action %      : no_op=35.5%, fire_left_orientation_engine=14.2%, fire_main_engine=37.4%, fire_right_orientation_engine=12.9%
  Max side streak: L=23, R=28
  Report saved  : benchmark_a.json
==============================
