Starting diagnostic evaluation: 100 episodes, base seed 5000 (no rendering)...
  Ep   1 [SOLVED][   ] reward=  259.43  len= 199  streak(L,R)=(5,1)
  Ep   2 [SOLVED][   ] reward=  268.93  len= 225  streak(L,R)=(11,2)
  Ep   3 [SOLVED][   ] reward=  281.31  len= 179  streak(L,R)=(2,1)
  Ep   4 [SOLVED][   ] reward=  286.11  len= 270  streak(L,R)=(3,13)
  Ep   5 [SOLVED][   ] reward=  268.16  len= 159  streak(L,R)=(7,3)
  Ep   6 [SOLVED][   ] reward=  281.09  len= 250  streak(L,R)=(8,13)
  Ep   7 [SOLVED][   ] reward=  277.46  len= 268  streak(L,R)=(3,2)
  Ep   8 [SOLVED][   ] reward=  240.68  len= 294  streak(L,R)=(3,1)
  Ep   9 [SOLVED][   ] reward=  296.06  len= 224  streak(L,R)=(23,5)
  Ep  10 [SOLVED][   ] reward=  303.65  len= 212  streak(L,R)=(8,4)
  Ep  11 [SOLVED][   ] reward=  277.21  len= 199  streak(L,R)=(2,3)
  Ep  12 [SOLVED][   ] reward=  266.99  len= 180  streak(L,R)=(5,3)
  Ep  13 [SOLVED][   ] reward=  298.24  len= 208  streak(L,R)=(3,2)
  Ep  14 [SOLVED][   ] reward=  250.65  len= 197  streak(L,R)=(11,10)
  Ep  15 [SOLVED][   ] reward=  271.72  len= 224  streak(L,R)=(6,5)
  Ep  16 [SOLVED][   ] reward=  271.65  len= 162  streak(L,R)=(3,2)
  Ep  17 [SOLVED][   ] reward=  249.43  len= 283  streak(L,R)=(6,2)
  Ep  18 [SOLVED][   ] reward=  282.18  len= 200  streak(L,R)=(19,18)
  Ep  19 [SOLVED][   ] reward=  244.54  len= 191  streak(L,R)=(3,3)
  Ep  20 [SOLVED][   ] reward=  268.84  len= 190  streak(L,R)=(3,2)
  Ep  21 [SOLVED][   ] reward=  294.36  len= 236  streak(L,R)=(3,8)
  Ep  22 [    ][   ] reward=   46.38  len= 139  streak(L,R)=(1,6)
  Ep  23 [SOLVED][   ] reward=  263.96  len= 162  streak(L,R)=(8,2)
  Ep  24 [SOLVED][   ] reward=  270.89  len= 202  streak(L,R)=(2,4)
  Ep  25 [SOLVED][   ] reward=  286.18  len= 220  streak(L,R)=(2,4)
  Ep  26 [SOLVED][   ] reward=  284.96  len= 216  streak(L,R)=(5,5)
  Ep  27 [SOLVED][   ] reward=  267.40  len= 229  streak(L,R)=(1,6)
  Ep  28 [SOLVED][   ] reward=  224.62  len= 269  streak(L,R)=(7,2)
  Ep  29 [SOLVED][   ] reward=  279.17  len= 231  streak(L,R)=(2,1)
  Ep  30 [SOLVED][   ] reward=  289.93  len= 215  streak(L,R)=(20,18)
  Ep  31 [SOLVED][   ] reward=  229.29  len= 205  streak(L,R)=(6,1)
  Ep  32 [SOLVED][   ] reward=  298.56  len= 202  streak(L,R)=(4,3)
  Ep  33 [    ][   ] reward=   30.94  len= 159  streak(L,R)=(5,7)
  Ep  34 [SOLVED][   ] reward=  292.46  len= 183  streak(L,R)=(22,9)
  Ep  35 [SOLVED][   ] reward=  298.01  len= 222  streak(L,R)=(21,18)
  Ep  36 [SOLVED][   ] reward=  243.28  len= 349  streak(L,R)=(6,26)
  Ep  37 [SOLVED][   ] reward=  280.75  len= 196  streak(L,R)=(8,6)
  Ep  38 [SOLVED][   ] reward=  285.54  len= 252  streak(L,R)=(7,13)
  Ep  39 [SOLVED][   ] reward=  300.85  len= 280  streak(L,R)=(21,20)
  Ep  40 [SOLVED][   ] reward=  238.45  len= 268  streak(L,R)=(4,2)
  Ep  41 [SOLVED][   ] reward=  265.74  len= 460  streak(L,R)=(14,28)
  Ep  42 [SOLVED][   ] reward=  264.82  len= 194  streak(L,R)=(7,7)
  Ep  43 [SOLVED][   ] reward=  293.20  len= 179  streak(L,R)=(12,9)
  Ep  44 [SOLVED][   ] reward=  316.85  len= 200  streak(L,R)=(9,3)
  Ep  45 [SOLVED][   ] reward=  287.98  len= 221  streak(L,R)=(11,12)
  Ep  46 [SOLVED][   ] reward=  287.98  len= 147  streak(L,R)=(6,1)
  Ep  47 [SOLVED][   ] reward=  268.86  len= 218  streak(L,R)=(2,1)
  Ep  48 [SOLVED][   ] reward=  267.15  len= 151  streak(L,R)=(12,1)
  Ep  49 [SOLVED][   ] reward=  241.38  len= 239  streak(L,R)=(9,1)
  Ep  50 [SOLVED][   ] reward=  233.85  len= 274  streak(L,R)=(9,2)
  Ep  51 [SOLVED][   ] reward=  285.61  len= 197  streak(L,R)=(22,18)
  Ep  52 [    ][   ] reward=   26.46  len= 234  streak(L,R)=(22,21)
  Ep  53 [SOLVED][   ] reward=  253.66  len= 182  streak(L,R)=(10,2)
  Ep  54 [SOLVED][   ] reward=  252.57  len= 280  streak(L,R)=(5,2)
  Ep  55 [SOLVED][   ] reward=  248.08  len= 208  streak(L,R)=(5,1)
  Ep  56 [SOLVED][   ] reward=  212.09  len= 279  streak(L,R)=(9,2)
  Ep  57 [SOLVED][   ] reward=  285.63  len= 237  streak(L,R)=(5,6)
  Ep  58 [SOLVED][   ] reward=  250.75  len= 167  streak(L,R)=(8,3)
  Ep  59 [SOLVED][   ] reward=  239.25  len= 316  streak(L,R)=(7,2)
  Ep  60 [SOLVED][   ] reward=  288.64  len= 182  streak(L,R)=(12,14)
  Ep  61 [SOLVED][   ] reward=  288.77  len= 230  streak(L,R)=(3,7)
  Ep  62 [SOLVED][   ] reward=  289.93  len= 182  streak(L,R)=(13,13)
  Ep  63 [SOLVED][   ] reward=  244.02  len= 250  streak(L,R)=(5,2)
  Ep  64 [SOLVED][   ] reward=  273.30  len= 243  streak(L,R)=(6,2)
  Ep  65 [SOLVED][   ] reward=  283.49  len= 209  streak(L,R)=(17,12)
  Ep  66 [SOLVED][   ] reward=  268.32  len= 167  streak(L,R)=(4,1)
  Ep  67 [SOLVED][   ] reward=  299.88  len= 279  streak(L,R)=(23,20)
  Ep  68 [SOLVED][   ] reward=  289.87  len= 232  streak(L,R)=(4,1)
  Ep  69 [SOLVED][   ] reward=  296.41  len= 313  streak(L,R)=(6,11)
  Ep  70 [SOLVED][   ] reward=  274.08  len= 168  streak(L,R)=(7,1)
  Ep  71 [SOLVED][   ] reward=  240.13  len= 193  streak(L,R)=(5,2)
  Ep  72 [SOLVED][   ] reward=  263.45  len= 341  streak(L,R)=(2,1)
  Ep  73 [SOLVED][   ] reward=  305.83  len= 248  streak(L,R)=(2,13)
  Ep  74 [SOLVED][   ] reward=  273.95  len= 225  streak(L,R)=(2,2)
  Ep  75 [SOLVED][   ] reward=  286.74  len= 198  streak(L,R)=(19,15)
  Ep  76 [SOLVED][   ] reward=  304.39  len= 215  streak(L,R)=(20,7)
  Ep  77 [    ][   ] reward=  154.76  len=1000  streak(L,R)=(21,4)
  Ep  78 [SOLVED][   ] reward=  282.67  len= 249  streak(L,R)=(3,3)
  Ep  79 [SOLVED][   ] reward=  229.83  len= 275  streak(L,R)=(2,3)
  Ep  80 [SOLVED][   ] reward=  267.53  len= 257  streak(L,R)=(1,1)
  Ep  81 [SOLVED][   ] reward=  256.31  len= 254  streak(L,R)=(3,1)
  Ep  82 [SOLVED][   ] reward=  229.18  len= 244  streak(L,R)=(2,3)
  Ep  83 [SOLVED][   ] reward=  284.68  len= 162  streak(L,R)=(9,1)
  Ep  84 [SOLVED][   ] reward=  267.57  len= 222  streak(L,R)=(2,2)
  Ep  85 [SOLVED][   ] reward=  299.16  len= 253  streak(L,R)=(23,18)
  Ep  86 [SOLVED][   ] reward=  243.20  len= 303  streak(L,R)=(2,2)
  Ep  87 [SOLVED][   ] reward=  280.25  len= 180  streak(L,R)=(15,3)
  Ep  88 [SOLVED][   ] reward=  287.32  len= 380  streak(L,R)=(21,20)
  Ep  89 [SOLVED][   ] reward=  296.03  len= 227  streak(L,R)=(5,5)
  Ep  90 [    ][   ] reward=   51.18  len= 144  streak(L,R)=(10,6)
  Ep  91 [SOLVED][   ] reward=  236.30  len= 252  streak(L,R)=(6,2)
  Ep  92 [SOLVED][   ] reward=  251.43  len= 291  streak(L,R)=(9,1)
  Ep  93 [SOLVED][   ] reward=  297.87  len= 302  streak(L,R)=(14,16)
  Ep  94 [SOLVED][   ] reward=  293.31  len= 217  streak(L,R)=(21,19)
  Ep  95 [    ][   ] reward=  141.65  len=1000  streak(L,R)=(5,10)
  Ep  96 [SOLVED][   ] reward=  283.16  len= 202  streak(L,R)=(6,4)
  Ep  97 [SOLVED][   ] reward=  305.83  len= 251  streak(L,R)=(4,8)
  Ep  98 [SOLVED][   ] reward=  259.60  len= 253  streak(L,R)=(5,4)
  Ep  99 [SOLVED][   ] reward=  228.68  len= 259  streak(L,R)=(7,2)
  Ep 100 [SOLVED][   ] reward=  296.19  len= 213  streak(L,R)=(18,11)
==============================
Diagnostic Summary
  Mean reward   : 260.27   Median: 272.51   Std: 53.25
  Min / Max     : 26.46 / 316.85
  Solved (>=200): 94/100 (94.0%)
  Low (<0)      : 0/100 (0.0%)
  Mean length   : 244.0
  Action %      : no_op=30.2%, fire_left_orientation_engine=14.3%, fire_main_engine=39.3%, fire_right_orientation_engine=16.3%
  Max side streak: L=23, R=28
  Report saved  : benchmark_b.json
==============================
