Starting diagnostic evaluation: 50 episodes, base seed 1234 (no rendering)...
  Ep   1 [SOLVED][   ] reward=  275.04  len= 364  streak(L,R)=(3,47)
  Ep   2 [SOLVED][   ] reward=  268.04  len= 138  streak(L,R)=(2,7)
  Ep   3 [SOLVED][   ] reward=  254.09  len= 170  streak(L,R)=(4,1)
  Ep   4 [    ][   ] reward=   88.95  len=1000  streak(L,R)=(6,115)
  Ep   5 [SOLVED][   ] reward=  259.60  len= 145  streak(L,R)=(1,2)
  Ep   6 [SOLVED][   ] reward=  293.49  len= 229  streak(L,R)=(76,8)
  Ep   7 [SOLVED][   ] reward=  299.65  len= 224  streak(L,R)=(7,12)
  Ep   8 [SOLVED][   ] reward=  286.55  len= 224  streak(L,R)=(57,4)
  Ep   9 [SOLVED][   ] reward=  300.20  len= 284  streak(L,R)=(4,32)
  Ep  10 [    ][   ] reward=   55.35  len=1000  streak(L,R)=(4,31)
  Ep  11 [SOLVED][   ] reward=  279.54  len= 232  streak(L,R)=(3,7)
  Ep  12 [SOLVED][   ] reward=  298.76  len= 270  streak(L,R)=(2,9)
  Ep  13 [SOLVED][   ] reward=  252.25  len= 161  streak(L,R)=(1,1)
  Ep  14 [SOLVED][   ] reward=  217.59  len= 328  streak(L,R)=(24,1)
  Ep  15 [SOLVED][   ] reward=  246.23  len= 241  streak(L,R)=(42,3)
  Ep  16 [SOLVED][   ] reward=  236.03  len= 310  streak(L,R)=(93,2)
  Ep  17 [SOLVED][   ] reward=  252.37  len= 187  streak(L,R)=(28,18)
  Ep  18 [SOLVED][   ] reward=  247.16  len= 170  streak(L,R)=(1,1)
  Ep  19 [SOLVED][   ] reward=  254.27  len= 158  streak(L,R)=(1,1)
  Ep  20 [SOLVED][   ] reward=  298.21  len= 312  streak(L,R)=(3,10)
  Ep  21 [SOLVED][   ] reward=  264.33  len= 272  streak(L,R)=(69,3)
  Ep  22 [SOLVED][   ] reward=  237.82  len= 402  streak(L,R)=(4,8)
  Ep  23 [SOLVED][   ] reward=  221.24  len= 211  streak(L,R)=(1,39)
  Ep  24 [SOLVED][   ] reward=  288.98  len= 325  streak(L,R)=(3,15)
  Ep  25 [SOLVED][   ] reward=  255.83  len= 180  streak(L,R)=(1,1)
  Ep  26 [SOLVED][   ] reward=  281.35  len= 343  streak(L,R)=(3,50)
  Ep  27 [SOLVED][   ] reward=  300.68  len= 256  streak(L,R)=(5,8)
  Ep  28 [SOLVED][   ] reward=  272.71  len= 136  streak(L,R)=(1,2)
  Ep  29 [SOLVED][   ] reward=  253.15  len= 180  streak(L,R)=(1,3)
  Ep  30 [    ][   ] reward=    9.54  len=  89  streak(L,R)=(1,5)
  Ep  31 [SOLVED][   ] reward=  262.16  len= 289  streak(L,R)=(2,64)
  Ep  32 [    ][LOW] reward=  -35.99  len=1000  streak(L,R)=(1,5)
  Ep  33 [SOLVED][   ] reward=  200.48  len= 626  streak(L,R)=(4,91)
  Ep  34 [SOLVED][   ] reward=  275.42  len= 166  streak(L,R)=(1,27)
  Ep  35 [SOLVED][   ] reward=  292.04  len= 305  streak(L,R)=(2,11)
  Ep  36 [SOLVED][   ] reward=  269.15  len= 131  streak(L,R)=(1,1)
  Ep  37 [SOLVED][   ] reward=  300.59  len= 290  streak(L,R)=(3,7)
  Ep  38 [SOLVED][   ] reward=  282.76  len= 224  streak(L,R)=(47,7)
  Ep  39 [SOLVED][   ] reward=  272.41  len= 224  streak(L,R)=(42,2)
  Ep  40 [SOLVED][   ] reward=  260.15  len= 200  streak(L,R)=(1,6)
  Ep  41 [SOLVED][   ] reward=  245.75  len= 231  streak(L,R)=(1,7)
  Ep  42 [SOLVED][   ] reward=  253.10  len= 226  streak(L,R)=(56,4)
  Ep  43 [SOLVED][   ] reward=  277.92  len= 205  streak(L,R)=(1,1)
  Ep  44 [SOLVED][   ] reward=  258.11  len= 186  streak(L,R)=(1,2)
  Ep  45 [SOLVED][   ] reward=  248.34  len= 277  streak(L,R)=(2,6)
  Ep  46 [SOLVED][   ] reward=  275.50  len= 177  streak(L,R)=(8,24)
  Ep  47 [SOLVED][   ] reward=  205.36  len= 439  streak(L,R)=(3,30)
  Ep  48 [SOLVED][   ] reward=  220.07  len= 338  streak(L,R)=(1,27)
  Ep  49 [SOLVED][   ] reward=  287.51  len= 287  streak(L,R)=(4,10)
  Ep  50 [SOLVED][   ] reward=  285.03  len= 171  streak(L,R)=(1,1)
==============================
Diagnostic Summary
  Mean reward   : 245.70   Median: 261.16   Std: 69.59
  Min / Max     : -35.98 / 300.68
  Solved (>=200): 46/50 (92.0%)
  Low (<0)      : 1/50 (2.0%)
  Mean length   : 290.7
  Action %      : no_op=32.1%, fire_left_orientation_engine=10.4%, fire_main_engine=42.8%, fire_right_orientation_engine=14.8%
  Max side streak: L=93, R=115
  Report saved  : target2000_benchmark_a.json
==============================
