Starting diagnostic evaluation: 100 episodes, base seed 5000 (no rendering)...
  Ep   1 [SOLVED][   ] reward=  266.79  len= 182  streak(L,R)=(1,1)
  Ep   2 [SOLVED][   ] reward=  276.97  len= 181  streak(L,R)=(1,2)
  Ep   3 [SOLVED][   ] reward=  272.76  len= 565  streak(L,R)=(1,46)
  Ep   4 [    ][LOW] reward=   -7.74  len=  98  streak(L,R)=(1,6)
  Ep   5 [SOLVED][   ] reward=  247.55  len= 142  streak(L,R)=(1,44)
  Ep   6 [SOLVED][   ] reward=  277.22  len= 299  streak(L,R)=(39,4)
  Ep   7 [SOLVED][   ] reward=  280.47  len= 196  streak(L,R)=(2,9)
  Ep   8 [SOLVED][   ] reward=  258.81  len= 190  streak(L,R)=(1,1)
  Ep   9 [    ][LOW] reward=  -32.42  len=1000  streak(L,R)=(2,5)
  Ep  10 [SOLVED][   ] reward=  292.19  len= 376  streak(L,R)=(6,25)
  Ep  11 [SOLVED][   ] reward=  275.34  len= 217  streak(L,R)=(1,12)
  Ep  12 [SOLVED][   ] reward=  263.04  len= 183  streak(L,R)=(1,19)
  Ep  13 [SOLVED][   ] reward=  266.17  len= 200  streak(L,R)=(2,46)
  Ep  14 [SOLVED][   ] reward=  246.71  len= 168  streak(L,R)=(1,6)
  Ep  15 [SOLVED][   ] reward=  271.28  len= 253  streak(L,R)=(2,37)
  Ep  16 [SOLVED][   ] reward=  239.68  len= 306  streak(L,R)=(1,44)
  Ep  17 [SOLVED][   ] reward=  232.71  len= 390  streak(L,R)=(206,1)
  Ep  18 [    ][   ] reward=  144.67  len=1000  streak(L,R)=(15,5)
  Ep  19 [SOLVED][   ] reward=  254.50  len= 151  streak(L,R)=(1,1)
  Ep  20 [SOLVED][   ] reward=  265.15  len= 196  streak(L,R)=(1,1)
  Ep  21 [SOLVED][   ] reward=  268.98  len= 239  streak(L,R)=(40,2)
  Ep  22 [SOLVED][   ] reward=  269.27  len= 215  streak(L,R)=(1,118)
  Ep  23 [SOLVED][   ] reward=  255.49  len= 151  streak(L,R)=(1,7)
  Ep  24 [SOLVED][   ] reward=  263.54  len= 191  streak(L,R)=(2,11)
  Ep  25 [    ][   ] reward=  167.13  len= 716  streak(L,R)=(66,1)
  Ep  26 [SOLVED][   ] reward=  269.61  len= 219  streak(L,R)=(2,11)
  Ep  27 [SOLVED][   ] reward=  257.67  len= 555  streak(L,R)=(1,29)
  Ep  28 [SOLVED][   ] reward=  243.78  len= 157  streak(L,R)=(2,2)
  Ep  29 [SOLVED][   ] reward=  260.55  len= 222  streak(L,R)=(4,3)
  Ep  30 [SOLVED][   ] reward=  286.30  len= 272  streak(L,R)=(11,7)
  Ep  31 [SOLVED][   ] reward=  244.15  len= 156  streak(L,R)=(1,2)
  Ep  32 [SOLVED][   ] reward=  268.05  len= 177  streak(L,R)=(2,57)
  Ep  33 [SOLVED][   ] reward=  267.17  len= 243  streak(L,R)=(51,4)
  Ep  34 [    ][LOW] reward=  -19.77  len= 426  streak(L,R)=(1,10)
  Ep  35 [SOLVED][   ] reward=  280.60  len= 274  streak(L,R)=(1,6)
  Ep  36 [    ][LOW] reward=  -53.94  len=1000  streak(L,R)=(2,4)
  Ep  37 [    ][   ] reward=  158.23  len=1000  streak(L,R)=(1,5)
  Ep  38 [SOLVED][   ] reward=  218.90  len= 617  streak(L,R)=(17,30)
  Ep  39 [SOLVED][   ] reward=  303.66  len= 258  streak(L,R)=(2,8)
  Ep  40 [SOLVED][   ] reward=  246.85  len= 171  streak(L,R)=(1,1)
  Ep  41 [SOLVED][   ] reward=  299.11  len= 300  streak(L,R)=(1,13)
  Ep  42 [SOLVED][   ] reward=  250.50  len= 441  streak(L,R)=(3,31)
  Ep  43 [    ][   ] reward=  104.45  len=1000  streak(L,R)=(17,51)
  Ep  44 [    ][LOW] reward=  -66.65  len= 318  streak(L,R)=(33,7)
  Ep  45 [SOLVED][   ] reward=  249.86  len= 458  streak(L,R)=(2,26)
  Ep  46 [SOLVED][   ] reward=  279.49  len= 184  streak(L,R)=(1,1)
  Ep  47 [SOLVED][   ] reward=  259.73  len= 202  streak(L,R)=(4,7)
  Ep  48 [SOLVED][   ] reward=  250.97  len= 164  streak(L,R)=(1,71)
  Ep  49 [SOLVED][   ] reward=  253.39  len= 153  streak(L,R)=(2,3)
  Ep  50 [SOLVED][   ] reward=  239.89  len= 186  streak(L,R)=(1,2)
  Ep  51 [SOLVED][   ] reward=  287.74  len= 279  streak(L,R)=(2,8)
  Ep  52 [SOLVED][   ] reward=  312.55  len= 241  streak(L,R)=(1,11)
  Ep  53 [SOLVED][   ] reward=  262.85  len= 134  streak(L,R)=(3,2)
  Ep  54 [SOLVED][   ] reward=  212.88  len= 266  streak(L,R)=(32,1)
  Ep  55 [SOLVED][   ] reward=  248.71  len= 193  streak(L,R)=(1,2)
  Ep  56 [SOLVED][   ] reward=  254.20  len= 173  streak(L,R)=(1,3)
  Ep  57 [SOLVED][   ] reward=  275.81  len= 326  streak(L,R)=(1,20)
  Ep  58 [SOLVED][   ] reward=  253.08  len= 164  streak(L,R)=(1,1)
  Ep  59 [SOLVED][   ] reward=  258.60  len= 159  streak(L,R)=(1,2)
  Ep  60 [    ][   ] reward=  147.69  len=1000  streak(L,R)=(17,24)
  Ep  61 [SOLVED][   ] reward=  262.35  len= 301  streak(L,R)=(48,6)
  Ep  62 [SOLVED][   ] reward=  257.20  len= 255  streak(L,R)=(11,15)
  Ep  63 [SOLVED][   ] reward=  204.50  len= 320  streak(L,R)=(6,1)
  Ep  64 [SOLVED][   ] reward=  289.05  len= 154  streak(L,R)=(3,1)
  Ep  65 [    ][LOW] reward=  -50.85  len= 487  streak(L,R)=(1,11)
  Ep  66 [SOLVED][   ] reward=  274.81  len= 135  streak(L,R)=(2,2)
  Ep  67 [SOLVED][   ] reward=  276.74  len= 281  streak(L,R)=(4,8)
  Ep  68 [SOLVED][   ] reward=  213.32  len= 486  streak(L,R)=(25,5)
  Ep  69 [SOLVED][   ] reward=  261.86  len= 744  streak(L,R)=(4,311)
  Ep  70 [    ][   ] reward=  147.19  len=1000  streak(L,R)=(1,21)
  Ep  71 [SOLVED][   ] reward=  247.66  len= 138  streak(L,R)=(1,1)
  Ep  72 [SOLVED][   ] reward=  266.34  len= 380  streak(L,R)=(3,12)
  Ep  73 [SOLVED][   ] reward=  295.12  len= 245  streak(L,R)=(5,10)
  Ep  74 [SOLVED][   ] reward=  211.21  len= 340  streak(L,R)=(2,61)
  Ep  75 [    ][LOW] reward=  -41.95  len=1000  streak(L,R)=(2,4)
  Ep  76 [SOLVED][   ] reward=  297.73  len= 248  streak(L,R)=(8,6)
  Ep  77 [SOLVED][   ] reward=  272.37  len= 252  streak(L,R)=(25,35)
  Ep  78 [SOLVED][   ] reward=  220.97  len= 594  streak(L,R)=(40,2)
  Ep  79 [SOLVED][   ] reward=  239.70  len= 185  streak(L,R)=(1,1)
  Ep  80 [SOLVED][   ] reward=  251.60  len= 349  streak(L,R)=(58,9)
  Ep  81 [SOLVED][   ] reward=  258.56  len= 180  streak(L,R)=(1,6)
  Ep  82 [SOLVED][   ] reward=  245.33  len= 201  streak(L,R)=(1,30)
  Ep  83 [SOLVED][   ] reward=  266.33  len= 180  streak(L,R)=(13,18)
  Ep  84 [SOLVED][   ] reward=  249.28  len= 400  streak(L,R)=(1,60)
  Ep  85 [SOLVED][   ] reward=  296.19  len= 275  streak(L,R)=(1,5)
  Ep  86 [    ][   ] reward=  198.91  len= 368  streak(L,R)=(8,5)
  Ep  87 [    ][   ] reward=  158.48  len= 798  streak(L,R)=(15,32)
  Ep  88 [SOLVED][   ] reward=  301.40  len= 247  streak(L,R)=(1,8)
  Ep  89 [SOLVED][   ] reward=  244.48  len= 316  streak(L,R)=(34,2)
  Ep  90 [SOLVED][   ] reward=  297.61  len= 208  streak(L,R)=(7,17)
  Ep  91 [    ][   ] reward=  187.54  len= 257  streak(L,R)=(38,1)
  Ep  92 [SOLVED][   ] reward=  279.50  len= 168  streak(L,R)=(1,1)
  Ep  93 [SOLVED][   ] reward=  302.33  len= 236  streak(L,R)=(2,6)
  Ep  94 [SOLVED][   ] reward=  294.05  len= 308  streak(L,R)=(9,7)
  Ep  95 [SOLVED][   ] reward=  266.41  len= 203  streak(L,R)=(2,9)
  Ep  96 [SOLVED][   ] reward=  201.83  len= 509  streak(L,R)=(2,70)
  Ep  97 [SOLVED][   ] reward=  204.59  len= 538  streak(L,R)=(31,6)
  Ep  98 [SOLVED][   ] reward=  278.51  len= 172  streak(L,R)=(1,1)
  Ep  99 [SOLVED][   ] reward=  216.28  len= 361  streak(L,R)=(103,3)
  Ep 100 [SOLVED][   ] reward=  256.15  len= 381  streak(L,R)=(19,6)
==============================
Diagnostic Summary
  Mean reward   : 230.84   Median: 257.44   Std: 83.34
  Min / Max     : -66.65 / 312.55
  Solved (>=200): 84/100 (84.0%)
  Low (<0)      : 7/100 (7.0%)
  Mean length   : 340.9
  Action %      : no_op=32.7%, fire_left_orientation_engine=11.5%, fire_main_engine=36.4%, fire_right_orientation_engine=19.4%
  Max side streak: L=206, R=311
  Report saved  : target2000_benchmark_b.json
==============================
