Starting diagnostic evaluation: 50 episodes, base seed 1234 (no rendering)...
  Ep   1 [SOLVED][   ] reward=  302.67  len= 257  streak(L,R)=(6,21)
  Ep   2 [SOLVED][   ] reward=  264.93  len= 168  streak(L,R)=(2,3)
  Ep   3 [SOLVED][   ] reward=  258.93  len= 247  streak(L,R)=(40,5)
  Ep   4 [    ][   ] reward=   39.24  len= 103  streak(L,R)=(2,13)
  Ep   5 [SOLVED][   ] reward=  256.64  len= 208  streak(L,R)=(1,20)
  Ep   6 [SOLVED][   ] reward=  273.24  len= 248  streak(L,R)=(28,6)
  Ep   7 [SOLVED][   ] reward=  286.13  len= 436  streak(L,R)=(31,7)
  Ep   8 [SOLVED][   ] reward=  266.20  len= 224  streak(L,R)=(27,10)
  Ep   9 [SOLVED][   ] reward=  289.63  len= 396  streak(L,R)=(29,6)
  Ep  10 [SOLVED][   ] reward=  297.61  len= 305  streak(L,R)=(7,18)
  Ep  11 [    ][   ] reward=  170.56  len=1000  streak(L,R)=(9,7)
  Ep  12 [SOLVED][   ] reward=  303.67  len= 581  streak(L,R)=(35,17)
  Ep  13 [SOLVED][   ] reward=  248.41  len= 172  streak(L,R)=(1,6)
  Ep  14 [SOLVED][   ] reward=  232.02  len= 658  streak(L,R)=(27,6)
  Ep  15 [SOLVED][   ] reward=  273.75  len= 287  streak(L,R)=(19,8)
  Ep  16 [    ][   ] reward=  145.36  len=1000  streak(L,R)=(55,5)
  Ep  17 [SOLVED][   ] reward=  251.53  len= 261  streak(L,R)=(22,5)
  Ep  18 [SOLVED][   ] reward=  237.55  len= 208  streak(L,R)=(3,9)
  Ep  19 [SOLVED][   ] reward=  257.50  len= 188  streak(L,R)=(2,7)
  Ep  20 [    ][   ] reward=  163.23  len=1000  streak(L,R)=(33,26)
  Ep  21 [    ][   ] reward=  161.26  len=1000  streak(L,R)=(11,9)
  Ep  22 [SOLVED][   ] reward=  294.00  len= 357  streak(L,R)=(20,6)
  Ep  23 [SOLVED][   ] reward=  254.58  len= 323  streak(L,R)=(26,5)
  Ep  24 [SOLVED][   ] reward=  277.67  len= 393  streak(L,R)=(3,111)
  Ep  25 [SOLVED][   ] reward=  262.62  len= 195  streak(L,R)=(2,6)
  Ep  26 [    ][LOW] reward=  -16.81  len= 159  streak(L,R)=(6,16)
  Ep  27 [    ][   ] reward=   41.32  len=  96  streak(L,R)=(2,11)
  Ep  28 [SOLVED][   ] reward=  251.75  len= 256  streak(L,R)=(2,8)
  Ep  29 [SOLVED][   ] reward=  253.02  len= 186  streak(L,R)=(2,7)
  Ep  30 [SOLVED][   ] reward=  268.14  len= 445  streak(L,R)=(3,8)
  Ep  31 [    ][   ] reward=  158.75  len=1000  streak(L,R)=(7,12)
  Ep  32 [SOLVED][   ] reward=  273.24  len= 207  streak(L,R)=(2,9)
  Ep  33 [SOLVED][   ] reward=  260.42  len= 479  streak(L,R)=(29,7)
  Ep  34 [SOLVED][   ] reward=  267.52  len= 209  streak(L,R)=(2,52)
  Ep  35 [SOLVED][   ] reward=  282.47  len= 372  streak(L,R)=(10,35)
  Ep  36 [SOLVED][   ] reward=  258.68  len= 190  streak(L,R)=(2,7)
  Ep  37 [SOLVED][   ] reward=  291.09  len= 695  streak(L,R)=(5,16)
  Ep  38 [    ][   ] reward=   37.07  len= 202  streak(L,R)=(7,3)
  Ep  39 [SOLVED][   ] reward=  263.20  len= 283  streak(L,R)=(32,3)
  Ep  40 [SOLVED][   ] reward=  264.51  len= 253  streak(L,R)=(6,5)
  Ep  41 [SOLVED][   ] reward=  251.94  len= 187  streak(L,R)=(1,4)
  Ep  42 [    ][   ] reward=  137.56  len=1000  streak(L,R)=(4,10)
  Ep  43 [SOLVED][   ] reward=  278.38  len= 211  streak(L,R)=(3,10)
  Ep  44 [SOLVED][   ] reward=  268.86  len= 301  streak(L,R)=(7,5)
  Ep  45 [SOLVED][   ] reward=  248.01  len= 543  streak(L,R)=(28,7)
  Ep  46 [SOLVED][   ] reward=  274.79  len= 224  streak(L,R)=(1,5)
  Ep  47 [    ][   ] reward=  154.71  len=1000  streak(L,R)=(5,12)
  Ep  48 [SOLVED][   ] reward=  284.53  len= 302  streak(L,R)=(13,8)
  Ep  49 [    ][   ] reward=  153.52  len=1000  streak(L,R)=(7,7)
  Ep  50 [SOLVED][   ] reward=  274.27  len= 207  streak(L,R)=(3,5)
==============================
Diagnostic Summary
  Mean reward   : 231.00   Median: 259.67   Std: 75.16
  Min / Max     : -16.81 / 303.67
  Solved (>=200): 38/50 (76.0%)
  Low (<0)      : 1/50 (2.0%)
  Mean length   : 404.4
  Action %      : no_op=25.7%, fire_left_orientation_engine=29.9%, fire_main_engine=24.3%, fire_right_orientation_engine=20.1%
  Max side streak: L=55, R=111
  Report saved  : B_seed43_benchmark_a.json
==============================
