Starting diagnostic evaluation: 100 episodes, base seed 5000 (no rendering)...
  Ep   1 [SOLVED][   ] reward=  255.13  len= 218  streak(L,R)=(2,6)
  Ep   2 [    ][   ] reward=  139.56  len=1000  streak(L,R)=(3,12)
  Ep   3 [SOLVED][   ] reward=  275.41  len= 193  streak(L,R)=(2,12)
  Ep   4 [SOLVED][   ] reward=  294.89  len= 208  streak(L,R)=(6,12)
  Ep   5 [    ][   ] reward=   14.70  len= 172  streak(L,R)=(1,9)
  Ep   6 [SOLVED][   ] reward=  265.65  len= 276  streak(L,R)=(24,10)
  Ep   7 [SOLVED][   ] reward=  265.74  len= 421  streak(L,R)=(31,6)
  Ep   8 [SOLVED][   ] reward=  268.06  len= 189  streak(L,R)=(1,4)
  Ep   9 [SOLVED][   ] reward=  276.53  len= 308  streak(L,R)=(3,9)
  Ep  10 [SOLVED][   ] reward=  274.73  len= 338  streak(L,R)=(30,19)
  Ep  11 [SOLVED][   ] reward=  263.98  len= 504  streak(L,R)=(28,5)
  Ep  12 [    ][   ] reward=   23.76  len= 140  streak(L,R)=(2,8)
  Ep  13 [SOLVED][   ] reward=  298.97  len= 291  streak(L,R)=(4,12)
  Ep  14 [SOLVED][   ] reward=  240.78  len= 234  streak(L,R)=(3,8)
  Ep  15 [SOLVED][   ] reward=  272.06  len= 322  streak(L,R)=(25,35)
  Ep  16 [    ][   ] reward=  134.67  len=1000  streak(L,R)=(1,321)
  Ep  17 [SOLVED][   ] reward=  262.29  len= 283  streak(L,R)=(36,6)
  Ep  18 [    ][   ] reward=  157.09  len=1000  streak(L,R)=(4,9)
  Ep  19 [SOLVED][   ] reward=  242.41  len= 203  streak(L,R)=(1,4)
  Ep  20 [SOLVED][   ] reward=  272.94  len= 220  streak(L,R)=(10,5)
  Ep  21 [SOLVED][   ] reward=  237.30  len= 342  streak(L,R)=(37,4)
  Ep  22 [    ][   ] reward=   32.73  len=  78  streak(L,R)=(3,15)
  Ep  23 [SOLVED][   ] reward=  255.17  len= 167  streak(L,R)=(2,3)
  Ep  24 [SOLVED][   ] reward=  251.55  len= 339  streak(L,R)=(35,5)
  Ep  25 [SOLVED][   ] reward=  251.97  len= 214  streak(L,R)=(25,8)
  Ep  26 [SOLVED][   ] reward=  247.33  len= 866  streak(L,R)=(27,12)
  Ep  27 [SOLVED][   ] reward=  252.15  len= 843  streak(L,R)=(9,60)
  Ep  28 [SOLVED][   ] reward=  239.47  len= 186  streak(L,R)=(1,7)
  Ep  29 [SOLVED][   ] reward=  253.90  len= 444  streak(L,R)=(38,8)
  Ep  30 [SOLVED][   ] reward=  300.57  len= 237  streak(L,R)=(8,8)
  Ep  31 [SOLVED][   ] reward=  237.89  len= 166  streak(L,R)=(1,3)
  Ep  32 [SOLVED][   ] reward=  299.73  len= 278  streak(L,R)=(6,16)
  Ep  33 [SOLVED][   ] reward=  269.70  len= 275  streak(L,R)=(25,7)
  Ep  34 [    ][   ] reward=   16.38  len= 183  streak(L,R)=(2,11)
  Ep  35 [SOLVED][   ] reward=  289.92  len= 223  streak(L,R)=(18,21)
  Ep  36 [    ][   ] reward=    2.29  len= 156  streak(L,R)=(2,8)
  Ep  37 [SOLVED][   ] reward=  255.42  len= 250  streak(L,R)=(5,52)
  Ep  38 [SOLVED][   ] reward=  264.78  len= 288  streak(L,R)=(3,10)
  Ep  39 [SOLVED][   ] reward=  304.74  len= 234  streak(L,R)=(27,27)
  Ep  40 [SOLVED][   ] reward=  247.56  len= 275  streak(L,R)=(22,5)
  Ep  41 [SOLVED][   ] reward=  287.40  len= 233  streak(L,R)=(4,42)
  Ep  42 [SOLVED][   ] reward=  261.47  len= 223  streak(L,R)=(2,10)
  Ep  43 [SOLVED][   ] reward=  278.43  len= 306  streak(L,R)=(8,13)
  Ep  44 [    ][   ] reward=  160.65  len=1000  streak(L,R)=(22,8)
  Ep  45 [SOLVED][   ] reward=  280.92  len= 335  streak(L,R)=(2,111)
  Ep  46 [SOLVED][   ] reward=  275.35  len= 186  streak(L,R)=(2,3)
  Ep  47 [    ][   ] reward=  120.24  len=1000  streak(L,R)=(13,7)
  Ep  48 [SOLVED][   ] reward=  233.04  len= 225  streak(L,R)=(1,70)
  Ep  49 [SOLVED][   ] reward=  247.53  len= 180  streak(L,R)=(1,5)
  Ep  50 [SOLVED][   ] reward=  253.67  len= 174  streak(L,R)=(2,3)
  Ep  51 [SOLVED][   ] reward=  292.95  len= 249  streak(L,R)=(11,21)
  Ep  52 [    ][   ] reward=   18.26  len= 137  streak(L,R)=(10,29)
  Ep  53 [SOLVED][   ] reward=  250.83  len= 185  streak(L,R)=(3,6)
  Ep  54 [SOLVED][   ] reward=  267.19  len= 292  streak(L,R)=(42,7)
  Ep  55 [SOLVED][   ] reward=  244.49  len= 260  streak(L,R)=(16,5)
  Ep  56 [SOLVED][   ] reward=  251.07  len= 189  streak(L,R)=(2,9)
  Ep  57 [    ][   ] reward=   27.58  len=  93  streak(L,R)=(2,11)
  Ep  58 [SOLVED][   ] reward=  238.73  len= 222  streak(L,R)=(2,6)
  Ep  59 [SOLVED][   ] reward=  255.87  len= 283  streak(L,R)=(8,5)
  Ep  60 [SOLVED][   ] reward=  278.05  len= 269  streak(L,R)=(4,17)
  Ep  61 [SOLVED][   ] reward=  261.97  len= 384  streak(L,R)=(28,8)
  Ep  62 [SOLVED][   ] reward=  275.45  len= 259  streak(L,R)=(15,7)
  Ep  63 [SOLVED][   ] reward=  246.29  len= 311  streak(L,R)=(18,5)
  Ep  64 [SOLVED][   ] reward=  289.43  len= 158  streak(L,R)=(2,9)
  Ep  65 [    ][LOW] reward=   -7.12  len= 185  streak(L,R)=(3,7)
  Ep  66 [SOLVED][   ] reward=  272.18  len= 180  streak(L,R)=(1,12)
  Ep  67 [    ][   ] reward=   26.26  len= 124  streak(L,R)=(8,25)
  Ep  68 [SOLVED][   ] reward=  285.42  len= 295  streak(L,R)=(5,8)
  Ep  69 [SOLVED][   ] reward=  274.85  len= 609  streak(L,R)=(27,11)
  Ep  70 [SOLVED][   ] reward=  268.43  len= 195  streak(L,R)=(1,34)
  Ep  71 [SOLVED][   ] reward=  239.16  len= 188  streak(L,R)=(1,8)
  Ep  72 [SOLVED][   ] reward=  238.73  len= 323  streak(L,R)=(4,66)
  Ep  73 [SOLVED][   ] reward=  276.03  len= 503  streak(L,R)=(30,6)
  Ep  74 [    ][   ] reward=  127.15  len=1000  streak(L,R)=(8,9)
  Ep  75 [SOLVED][   ] reward=  261.57  len= 225  streak(L,R)=(1,5)
  Ep  76 [    ][   ] reward=   32.13  len= 126  streak(L,R)=(1,11)
  Ep  77 [SOLVED][   ] reward=  288.01  len= 244  streak(L,R)=(17,9)
  Ep  78 [    ][   ] reward=  134.09  len=1000  streak(L,R)=(38,8)
  Ep  79 [SOLVED][   ] reward=  247.27  len= 183  streak(L,R)=(1,4)
  Ep  80 [SOLVED][   ] reward=  252.16  len= 267  streak(L,R)=(95,7)
  Ep  81 [SOLVED][   ] reward=  264.66  len= 196  streak(L,R)=(3,5)
  Ep  82 [SOLVED][   ] reward=  262.27  len= 277  streak(L,R)=(5,5)
  Ep  83 [SOLVED][   ] reward=  275.17  len= 225  streak(L,R)=(4,5)
  Ep  84 [SOLVED][   ] reward=  270.12  len= 372  streak(L,R)=(20,67)
  Ep  85 [SOLVED][   ] reward=  290.81  len= 357  streak(L,R)=(26,22)
  Ep  86 [SOLVED][   ] reward=  237.13  len= 469  streak(L,R)=(29,5)
  Ep  87 [SOLVED][   ] reward=  264.63  len= 209  streak(L,R)=(1,7)
  Ep  88 [    ][LOW] reward=  -15.78  len= 129  streak(L,R)=(10,27)
  Ep  89 [SOLVED][   ] reward=  273.04  len= 250  streak(L,R)=(27,8)
  Ep  90 [SOLVED][   ] reward=  269.25  len= 723  streak(L,R)=(27,7)
  Ep  91 [SOLVED][   ] reward=  249.80  len= 227  streak(L,R)=(12,5)
  Ep  92 [SOLVED][   ] reward=  266.43  len= 200  streak(L,R)=(3,4)
  Ep  93 [SOLVED][   ] reward=  315.28  len= 197  streak(L,R)=(21,14)
  Ep  94 [    ][LOW] reward=  -58.21  len= 412  streak(L,R)=(3,13)
  Ep  95 [SOLVED][   ] reward=  255.20  len= 397  streak(L,R)=(28,6)
  Ep  96 [    ][   ] reward=   20.55  len= 149  streak(L,R)=(1,8)
  Ep  97 [SOLVED][   ] reward=  278.02  len= 417  streak(L,R)=(27,12)
  Ep  98 [SOLVED][   ] reward=  276.11  len= 183  streak(L,R)=(3,7)
  Ep  99 [SOLVED][   ] reward=  238.54  len= 261  streak(L,R)=(16,5)
  Ep 100 [SOLVED][   ] reward=  288.02  len= 284  streak(L,R)=(32,22)
==============================
Diagnostic Summary
  Mean reward   : 223.44   Median: 255.65   Std: 90.45
  Min / Max     : -58.21 / 315.28
  Solved (>=200): 80/100 (80.0%)
  Low (<0)      : 3/100 (3.0%)
  Mean length   : 323.0
  Action %      : no_op=24.0%, fire_left_orientation_engine=27.2%, fire_main_engine=28.6%, fire_right_orientation_engine=20.2%
  Max side streak: L=95, R=321
  Report saved  : B_seed43_benchmark_b.json
==============================
