Starting diagnostic evaluation: 100 episodes, base seed 5000 (no rendering)...
  Ep   1 [SOLVED][   ] reward=  247.26  len= 274  streak(L,R)=(2,3)
  Ep   2 [SOLVED][   ] reward=  271.76  len= 217  streak(L,R)=(3,5)
  Ep   3 [SOLVED][   ] reward=  279.52  len= 154  streak(L,R)=(3,3)
  Ep   4 [SOLVED][   ] reward=  274.55  len= 230  streak(L,R)=(6,9)
  Ep   5 [SOLVED][   ] reward=  214.45  len= 421  streak(L,R)=(2,1)
  Ep   6 [SOLVED][   ] reward=  301.29  len= 239  streak(L,R)=(12,11)
  Ep   7 [SOLVED][   ] reward=  282.28  len= 182  streak(L,R)=(10,8)
  Ep   8 [SOLVED][   ] reward=  275.53  len= 148  streak(L,R)=(5,4)
  Ep   9 [SOLVED][   ] reward=  286.42  len= 216  streak(L,R)=(11,7)
  Ep  10 [SOLVED][   ] reward=  281.44  len= 442  streak(L,R)=(12,29)
  Ep  11 [SOLVED][   ] reward=  281.04  len= 161  streak(L,R)=(7,5)
  Ep  12 [SOLVED][   ] reward=  270.94  len= 195  streak(L,R)=(4,6)
  Ep  13 [SOLVED][   ] reward=  290.50  len= 657  streak(L,R)=(10,30)
  Ep  14 [    ][   ] reward=  162.99  len= 598  streak(L,R)=(1,2)
  Ep  15 [SOLVED][   ] reward=  262.23  len= 426  streak(L,R)=(9,29)
  Ep  16 [    ][   ] reward=  157.39  len=1000  streak(L,R)=(1,4)
  Ep  17 [SOLVED][   ] reward=  268.17  len= 165  streak(L,R)=(4,4)
  Ep  18 [SOLVED][   ] reward=  216.22  len= 585  streak(L,R)=(17,17)
  Ep  19 [SOLVED][   ] reward=  247.69  len= 168  streak(L,R)=(2,6)
  Ep  20 [SOLVED][   ] reward=  280.90  len= 133  streak(L,R)=(5,3)
  Ep  21 [SOLVED][   ] reward=  274.44  len= 309  streak(L,R)=(11,9)
  Ep  22 [    ][   ] reward=   41.93  len=  90  streak(L,R)=(5,15)
  Ep  23 [SOLVED][   ] reward=  217.91  len= 392  streak(L,R)=(1,11)
  Ep  24 [SOLVED][   ] reward=  264.72  len= 191  streak(L,R)=(7,7)
  Ep  25 [    ][   ] reward=  196.44  len= 502  streak(L,R)=(59,3)
  Ep  26 [SOLVED][   ] reward=  268.93  len= 199  streak(L,R)=(9,11)
  Ep  27 [SOLVED][   ] reward=  267.71  len= 209  streak(L,R)=(7,23)
  Ep  28 [    ][   ] reward=   20.68  len= 116  streak(L,R)=(2,9)
  Ep  29 [SOLVED][   ] reward=  257.27  len= 235  streak(L,R)=(9,5)
  Ep  30 [SOLVED][   ] reward=  293.68  len= 249  streak(L,R)=(9,15)
  Ep  31 [SOLVED][   ] reward=  243.70  len= 158  streak(L,R)=(1,5)
  Ep  32 [SOLVED][   ] reward=  295.14  len= 181  streak(L,R)=(10,9)
  Ep  33 [    ][   ] reward=  160.46  len=1000  streak(L,R)=(10,5)
  Ep  34 [    ][   ] reward=  117.58  len=1000  streak(L,R)=(2,17)
  Ep  35 [SOLVED][   ] reward=  269.39  len= 319  streak(L,R)=(18,17)
  Ep  36 [    ][   ] reward=  119.38  len=1000  streak(L,R)=(4,4)
  Ep  37 [SOLVED][   ] reward=  229.35  len= 436  streak(L,R)=(5,3)
  Ep  38 [SOLVED][   ] reward=  276.79  len= 206  streak(L,R)=(5,8)
  Ep  39 [SOLVED][   ] reward=  293.25  len= 259  streak(L,R)=(14,18)
  Ep  40 [SOLVED][   ] reward=  254.50  len= 165  streak(L,R)=(5,6)
  Ep  41 [    ][   ] reward=   98.34  len=1000  streak(L,R)=(9,15)
  Ep  42 [SOLVED][   ] reward=  258.53  len= 190  streak(L,R)=(2,4)
  Ep  43 [SOLVED][   ] reward=  280.37  len= 196  streak(L,R)=(21,7)
  Ep  44 [SOLVED][   ] reward=  308.38  len= 179  streak(L,R)=(11,8)
  Ep  45 [SOLVED][   ] reward=  273.70  len= 202  streak(L,R)=(6,11)
  Ep  46 [SOLVED][   ] reward=  287.62  len= 140  streak(L,R)=(1,1)
  Ep  47 [SOLVED][   ] reward=  245.79  len= 444  streak(L,R)=(8,27)
  Ep  48 [SOLVED][   ] reward=  231.79  len= 319  streak(L,R)=(1,2)
  Ep  49 [SOLVED][   ] reward=  256.11  len= 169  streak(L,R)=(1,8)
  Ep  50 [SOLVED][   ] reward=  260.55  len= 156  streak(L,R)=(4,8)
  Ep  51 [SOLVED][   ] reward=  252.18  len= 423  streak(L,R)=(20,17)
  Ep  52 [    ][   ] reward=  147.04  len=1000  streak(L,R)=(19,20)
  Ep  53 [SOLVED][   ] reward=  259.31  len= 133  streak(L,R)=(2,1)
  Ep  54 [SOLVED][   ] reward=  269.10  len= 221  streak(L,R)=(6,9)
  Ep  55 [SOLVED][   ] reward=  241.60  len= 252  streak(L,R)=(2,7)
  Ep  56 [SOLVED][   ] reward=  262.08  len= 187  streak(L,R)=(4,11)
  Ep  57 [SOLVED][   ] reward=  287.91  len= 248  streak(L,R)=(5,12)
  Ep  58 [    ][   ] reward=   34.17  len= 111  streak(L,R)=(3,3)
  Ep  59 [SOLVED][   ] reward=  267.29  len= 161  streak(L,R)=(5,2)
  Ep  60 [SOLVED][   ] reward=  280.29  len= 204  streak(L,R)=(16,10)
  Ep  61 [    ][   ] reward=   24.69  len= 182  streak(L,R)=(9,2)
  Ep  62 [SOLVED][   ] reward=  223.27  len= 481  streak(L,R)=(18,9)
  Ep  63 [SOLVED][   ] reward=  256.69  len= 152  streak(L,R)=(5,3)
  Ep  64 [SOLVED][   ] reward=  293.20  len= 133  streak(L,R)=(4,6)
  Ep  65 [    ][   ] reward=   31.23  len= 217  streak(L,R)=(3,10)
  Ep  66 [SOLVED][   ] reward=  277.14  len= 163  streak(L,R)=(1,8)
  Ep  67 [SOLVED][   ] reward=  295.02  len= 228  streak(L,R)=(20,18)
  Ep  68 [SOLVED][   ] reward=  273.60  len= 257  streak(L,R)=(3,8)
  Ep  69 [SOLVED][   ] reward=  301.78  len= 203  streak(L,R)=(12,9)
  Ep  70 [SOLVED][   ] reward=  266.83  len= 158  streak(L,R)=(3,1)
  Ep  71 [SOLVED][   ] reward=  245.52  len= 153  streak(L,R)=(2,3)
  Ep  72 [SOLVED][   ] reward=  265.26  len= 226  streak(L,R)=(3,7)
  Ep  73 [SOLVED][   ] reward=  296.58  len= 246  streak(L,R)=(11,4)
  Ep  74 [SOLVED][   ] reward=  262.62  len= 269  streak(L,R)=(5,9)
  Ep  75 [SOLVED][   ] reward=  273.15  len= 192  streak(L,R)=(4,9)
  Ep  76 [    ][   ] reward=  159.50  len=1000  streak(L,R)=(3,11)
  Ep  77 [SOLVED][   ] reward=  264.28  len= 311  streak(L,R)=(2,6)
  Ep  78 [SOLVED][   ] reward=  251.81  len= 515  streak(L,R)=(9,27)
  Ep  79 [SOLVED][   ] reward=  256.79  len= 141  streak(L,R)=(2,3)
  Ep  80 [    ][   ] reward=  186.47  len= 577  streak(L,R)=(35,7)
  Ep  81 [SOLVED][   ] reward=  272.75  len= 137  streak(L,R)=(5,2)
  Ep  82 [SOLVED][   ] reward=  267.63  len= 212  streak(L,R)=(4,13)
  Ep  83 [SOLVED][   ] reward=  243.44  len= 346  streak(L,R)=(6,2)
  Ep  84 [SOLVED][   ] reward=  259.96  len= 187  streak(L,R)=(8,8)
  Ep  85 [SOLVED][   ] reward=  284.14  len= 262  streak(L,R)=(21,17)
  Ep  86 [SOLVED][   ] reward=  260.56  len= 196  streak(L,R)=(8,8)
  Ep  87 [SOLVED][   ] reward=  272.56  len= 184  streak(L,R)=(4,3)
  Ep  88 [    ][   ] reward=  188.40  len=1000  streak(L,R)=(21,19)
  Ep  89 [    ][   ] reward=   35.30  len= 239  streak(L,R)=(8,2)
  Ep  90 [SOLVED][   ] reward=  301.81  len= 199  streak(L,R)=(12,9)
  Ep  91 [SOLVED][   ] reward=  255.84  len= 169  streak(L,R)=(4,9)
  Ep  92 [SOLVED][   ] reward=  278.03  len= 199  streak(L,R)=(3,3)
  Ep  93 [SOLVED][   ] reward=  289.91  len= 359  streak(L,R)=(9,15)
  Ep  94 [    ][   ] reward=  177.57  len=1000  streak(L,R)=(11,16)
  Ep  95 [    ][   ] reward=  149.02  len=1000  streak(L,R)=(8,5)
  Ep  96 [    ][   ] reward=  146.62  len=1000  streak(L,R)=(4,6)
  Ep  97 [SOLVED][   ] reward=  206.48  len= 520  streak(L,R)=(19,27)
  Ep  98 [    ][   ] reward=   61.60  len= 126  streak(L,R)=(2,6)
  Ep  99 [SOLVED][   ] reward=  243.23  len= 184  streak(L,R)=(3,5)
  Ep 100 [SOLVED][   ] reward=  279.48  len= 287  streak(L,R)=(16,10)
==============================
Diagnostic Summary
  Mean reward   : 234.98   Median: 262.15   Std: 70.43
  Min / Max     : 20.68 / 308.38
  Solved (>=200): 79/100 (79.0%)
  Low (<0)      : 0/100 (0.0%)
  Mean length   : 333.7
  Action %      : no_op=39.4%, fire_left_orientation_engine=11.3%, fire_main_engine=31.2%, fire_right_orientation_engine=18.1%
  Max side streak: L=59, R=30
  Report saved  : vanilla_lr5e-4_benchmark_b_5000_5099.json
==============================
