Starting diagnostic evaluation: 50 episodes, base seed 1234 (no rendering)...
  Ep   1 [SOLVED][   ] reward=  256.36  len= 243  streak(L,R)=(10,34)
  Ep   2 [SOLVED][   ] reward=  229.86  len= 358  streak(L,R)=(2,1)
  Ep   3 [SOLVED][   ] reward=  263.77  len= 172  streak(L,R)=(5,9)
  Ep   4 [    ][   ] reward=  192.74  len=1000  streak(L,R)=(6,12)
  Ep   5 [SOLVED][   ] reward=  260.43  len= 159  streak(L,R)=(1,8)
  Ep   6 [SOLVED][   ] reward=  296.55  len= 245  streak(L,R)=(12,8)
  Ep   7 [SOLVED][   ] reward=  302.91  len= 220  streak(L,R)=(12,4)
  Ep   8 [SOLVED][   ] reward=  232.86  len= 527  streak(L,R)=(41,12)
  Ep   9 [SOLVED][   ] reward=  298.86  len= 250  streak(L,R)=(10,9)
  Ep  10 [SOLVED][   ] reward=  287.43  len= 262  streak(L,R)=(11,7)
  Ep  11 [SOLVED][   ] reward=  293.67  len= 194  streak(L,R)=(12,7)
  Ep  12 [SOLVED][   ] reward=  286.98  len= 818  streak(L,R)=(10,16)
  Ep  13 [SOLVED][   ] reward=  254.63  len= 161  streak(L,R)=(1,6)
  Ep  14 [SOLVED][   ] reward=  255.30  len= 217  streak(L,R)=(5,9)
  Ep  15 [SOLVED][   ] reward=  272.56  len= 199  streak(L,R)=(3,10)
  Ep  16 [    ][   ] reward=  190.42  len= 597  streak(L,R)=(83,2)
  Ep  17 [SOLVED][   ] reward=  259.03  len= 141  streak(L,R)=(5,2)
  Ep  18 [    ][   ] reward=  148.74  len= 713  streak(L,R)=(2,3)
  Ep  19 [SOLVED][   ] reward=  262.73  len= 164  streak(L,R)=(4,8)
  Ep  20 [SOLVED][   ] reward=  294.91  len= 222  streak(L,R)=(14,19)
  Ep  21 [    ][   ] reward=   41.11  len= 206  streak(L,R)=(4,2)
  Ep  22 [SOLVED][   ] reward=  283.93  len= 264  streak(L,R)=(9,18)
  Ep  23 [SOLVED][   ] reward=  262.03  len= 160  streak(L,R)=(6,4)
  Ep  24 [SOLVED][   ] reward=  275.55  len= 212  streak(L,R)=(11,13)
  Ep  25 [SOLVED][   ] reward=  270.67  len= 142  streak(L,R)=(3,3)
  Ep  26 [SOLVED][   ] reward=  288.44  len= 723  streak(L,R)=(10,32)
  Ep  27 [SOLVED][   ] reward=  278.86  len= 233  streak(L,R)=(4,10)
  Ep  28 [SOLVED][   ] reward=  274.35  len= 185  streak(L,R)=(5,9)
  Ep  29 [    ][   ] reward=  153.27  len= 736  streak(L,R)=(7,6)
  Ep  30 [    ][   ] reward=   50.86  len= 104  streak(L,R)=(5,5)
  Ep  31 [SOLVED][   ] reward=  287.82  len= 213  streak(L,R)=(10,12)
  Ep  32 [SOLVED][   ] reward=  268.84  len= 189  streak(L,R)=(2,4)
  Ep  33 [SOLVED][   ] reward=  273.09  len= 220  streak(L,R)=(10,12)
  Ep  34 [SOLVED][   ] reward=  239.46  len= 424  streak(L,R)=(2,3)
  Ep  35 [SOLVED][   ] reward=  282.47  len= 551  streak(L,R)=(18,17)
  Ep  36 [SOLVED][   ] reward=  269.95  len= 166  streak(L,R)=(1,8)
  Ep  37 [SOLVED][   ] reward=  284.76  len= 330  streak(L,R)=(7,16)
  Ep  38 [SOLVED][   ] reward=  293.44  len= 271  streak(L,R)=(11,10)
  Ep  39 [SOLVED][   ] reward=  300.42  len= 234  streak(L,R)=(12,14)
  Ep  40 [SOLVED][   ] reward=  272.10  len= 187  streak(L,R)=(4,6)
  Ep  41 [SOLVED][   ] reward=  220.98  len= 359  streak(L,R)=(8,7)
  Ep  42 [    ][   ] reward=  142.08  len=1000  streak(L,R)=(7,5)
  Ep  43 [SOLVED][   ] reward=  275.95  len= 192  streak(L,R)=(4,2)
  Ep  44 [SOLVED][   ] reward=  281.67  len= 147  streak(L,R)=(6,6)
  Ep  45 [SOLVED][   ] reward=  260.73  len= 249  streak(L,R)=(10,5)
  Ep  46 [SOLVED][   ] reward=  271.66  len= 256  streak(L,R)=(1,6)
  Ep  47 [    ][   ] reward=  172.85  len=1000  streak(L,R)=(11,21)
  Ep  48 [SOLVED][   ] reward=  276.68  len= 371  streak(L,R)=(9,35)
  Ep  49 [SOLVED][   ] reward=  278.60  len= 217  streak(L,R)=(20,17)
  Ep  50 [SOLVED][   ] reward=  282.88  len= 179  streak(L,R)=(5,2)
==============================
Diagnostic Summary
  Mean reward   : 251.12   Median: 271.88   Std: 57.30
  Min / Max     : 41.11 / 302.91
  Solved (>=200): 42/50 (84.0%)
  Low (<0)      : 0/50 (0.0%)
  Mean length   : 331.6
  Action %      : no_op=39.4%, fire_left_orientation_engine=13.0%, fire_main_engine=32.0%, fire_right_orientation_engine=15.6%
  Max side streak: L=83, R=35
  Report saved  : vanilla_lr5e-4_benchmark_a_1234_1283.json
==============================
