Starting diagnostic evaluation: 50 episodes, base seed 1234 (no rendering)...
  Ep   1 [SOLVED][   ] reward=  264.18  len= 264  streak(L,R)=(6,88)
  Ep   2 [SOLVED][   ] reward=  259.91  len= 680  streak(L,R)=(5,2)
  Ep   3 [SOLVED][   ] reward=  258.21  len= 164  streak(L,R)=(1,2)
  Ep   4 [SOLVED][   ] reward=  307.97  len= 674  streak(L,R)=(8,28)
  Ep   5 [    ][   ] reward=   30.31  len=  81  streak(L,R)=(1,2)
  Ep   6 [    ][   ] reward=   43.70  len= 127  streak(L,R)=(12,4)
  Ep   7 [SOLVED][   ] reward=  293.78  len= 180  streak(L,R)=(12,9)
  Ep   8 [    ][   ] reward=   41.46  len= 136  streak(L,R)=(12,2)
  Ep   9 [SOLVED][   ] reward=  282.69  len= 279  streak(L,R)=(6,1)
  Ep  10 [SOLVED][   ] reward=  275.36  len= 336  streak(L,R)=(10,45)
  Ep  11 [SOLVED][   ] reward=  269.87  len= 279  streak(L,R)=(8,6)
  Ep  12 [    ][LOW] reward=  -42.58  len= 117  streak(L,R)=(4,8)
  Ep  13 [SOLVED][   ] reward=  257.92  len= 181  streak(L,R)=(1,1)
  Ep  14 [SOLVED][   ] reward=  251.36  len= 227  streak(L,R)=(4,4)
  Ep  15 [    ][   ] reward=   19.44  len= 111  streak(L,R)=(3,3)
  Ep  16 [    ][   ] reward=  144.94  len=1000  streak(L,R)=(6,1)
  Ep  17 [    ][   ] reward=   11.76  len=  86  streak(L,R)=(1,3)
  Ep  18 [SOLVED][   ] reward=  249.68  len= 682  streak(L,R)=(2,30)
  Ep  19 [    ][   ] reward=   18.29  len=  85  streak(L,R)=(1,4)
  Ep  20 [    ][LOW] reward=  -48.76  len= 123  streak(L,R)=(6,7)
  Ep  21 [    ][   ] reward=   24.70  len= 153  streak(L,R)=(7,1)
  Ep  22 [SOLVED][   ] reward=  257.53  len= 255  streak(L,R)=(5,15)
  Ep  23 [SOLVED][   ] reward=  260.85  len= 226  streak(L,R)=(2,14)
  Ep  24 [SOLVED][   ] reward=  296.30  len= 229  streak(L,R)=(8,9)
  Ep  25 [    ][   ] reward=   35.30  len=  82  streak(L,R)=(2,3)
  Ep  26 [SOLVED][   ] reward=  281.33  len= 317  streak(L,R)=(6,73)
  Ep  27 [    ][   ] reward=   10.97  len=  92  streak(L,R)=(4,6)
  Ep  28 [SOLVED][   ] reward=  266.76  len= 678  streak(L,R)=(1,2)
  Ep  29 [SOLVED][   ] reward=  263.77  len= 253  streak(L,R)=(2,27)
  Ep  30 [    ][LOW] reward=  -16.64  len=  85  streak(L,R)=(3,5)
  Ep  31 [SOLVED][   ] reward=  280.97  len= 248  streak(L,R)=(6,7)
  Ep  32 [SOLVED][   ] reward=  266.05  len= 288  streak(L,R)=(3,7)
  Ep  33 [SOLVED][   ] reward=  262.52  len= 244  streak(L,R)=(6,3)
  Ep  34 [SOLVED][   ] reward=  214.70  len= 263  streak(L,R)=(0,72)
  Ep  35 [    ][   ] reward=  149.52  len=1000  streak(L,R)=(42,5)
  Ep  36 [SOLVED][   ] reward=  267.12  len= 681  streak(L,R)=(1,2)
  Ep  37 [    ][LOW] reward=   -3.27  len= 118  streak(L,R)=(5,8)
  Ep  38 [    ][LOW] reward=   -2.63  len= 181  streak(L,R)=(8,3)
  Ep  39 [    ][   ] reward=   33.68  len= 136  streak(L,R)=(10,1)
  Ep  40 [    ][   ] reward=   43.40  len= 109  streak(L,R)=(3,2)
  Ep  41 [SOLVED][   ] reward=  263.37  len= 197  streak(L,R)=(10,2)
  Ep  42 [    ][   ] reward=   15.05  len= 158  streak(L,R)=(7,1)
  Ep  43 [SOLVED][   ] reward=  287.12  len= 163  streak(L,R)=(3,1)
  Ep  44 [SOLVED][   ] reward=  276.76  len= 163  streak(L,R)=(1,2)
  Ep  45 [SOLVED][   ] reward=  263.61  len= 268  streak(L,R)=(6,2)
  Ep  46 [    ][   ] reward=  166.72  len=1000  streak(L,R)=(4,4)
  Ep  47 [SOLVED][   ] reward=  284.49  len= 235  streak(L,R)=(10,7)
  Ep  48 [SOLVED][   ] reward=  281.21  len= 252  streak(L,R)=(5,10)
  Ep  49 [SOLVED][   ] reward=  289.59  len= 250  streak(L,R)=(6,18)
  Ep  50 [SOLVED][   ] reward=  288.23  len= 152  streak(L,R)=(2,3)
==============================
Diagnostic Summary
  Mean reward   : 175.97   Median: 258.07   Std: 122.21
  Min / Max     : -48.76 / 307.97
  Solved (>=200): 30/50 (60.0%)
  Low (<0)      : 5/50 (10.0%)
  Mean length   : 285.8
  Action %      : no_op=42.3%, fire_left_orientation_engine=9.9%, fire_main_engine=25.8%, fire_right_orientation_engine=22.0%
  Max side streak: L=42, R=88
  Report saved  : double_dqn_buffer50k_benchmark_a.json
==============================
