Starting diagnostic evaluation: 100 episodes, base seed 5000 (no rendering)...
  Ep   1 [SOLVED][   ] reward=  274.47  len= 168  streak(L,R)=(1,1)
  Ep   2 [    ][   ] reward=   54.57  len= 112  streak(L,R)=(1,3)
  Ep   3 [SOLVED][   ] reward=  272.84  len= 228  streak(L,R)=(3,2)
  Ep   4 [SOLVED][   ] reward=  302.04  len= 170  streak(L,R)=(26,8)
  Ep   5 [SOLVED][   ] reward=  257.76  len= 156  streak(L,R)=(0,68)
  Ep   6 [    ][LOW] reward=   -2.60  len= 224  streak(L,R)=(12,2)
  Ep   7 [SOLVED][   ] reward=  284.32  len= 177  streak(L,R)=(6,4)
  Ep   8 [SOLVED][   ] reward=  261.25  len= 154  streak(L,R)=(3,4)
  Ep   9 [SOLVED][   ] reward=  306.16  len= 177  streak(L,R)=(14,6)
  Ep  10 [SOLVED][   ] reward=  299.60  len= 193  streak(L,R)=(9,12)
  Ep  11 [SOLVED][   ] reward=  278.65  len= 159  streak(L,R)=(2,9)
  Ep  12 [    ][   ] reward=   37.47  len= 105  streak(L,R)=(1,1)
  Ep  13 [SOLVED][   ] reward=  302.67  len= 168  streak(L,R)=(5,8)
  Ep  14 [SOLVED][   ] reward=  254.27  len= 176  streak(L,R)=(5,2)
  Ep  15 [SOLVED][   ] reward=  279.39  len= 223  streak(L,R)=(7,7)
  Ep  16 [    ][   ] reward=  151.28  len=1000  streak(L,R)=(1,4)
  Ep  17 [    ][   ] reward=   39.62  len= 104  streak(L,R)=(3,2)
  Ep  18 [SOLVED][   ] reward=  266.42  len= 325  streak(L,R)=(3,4)
  Ep  19 [SOLVED][   ] reward=  254.82  len= 159  streak(L,R)=(2,2)
  Ep  20 [    ][   ] reward=   39.77  len=  80  streak(L,R)=(1,3)
  Ep  21 [    ][LOW] reward=   -0.39  len= 237  streak(L,R)=(18,3)
  Ep  22 [    ][   ] reward=   13.34  len=  98  streak(L,R)=(1,7)
  Ep  23 [SOLVED][   ] reward=  258.04  len= 745  streak(L,R)=(2,20)
  Ep  24 [    ][   ] reward=   25.58  len= 121  streak(L,R)=(6,1)
  Ep  25 [    ][   ] reward=    8.80  len= 157  streak(L,R)=(6,2)
  Ep  26 [SOLVED][   ] reward=  275.56  len= 199  streak(L,R)=(6,4)
  Ep  27 [SOLVED][   ] reward=  264.66  len= 227  streak(L,R)=(2,8)
  Ep  28 [    ][   ] reward=   20.73  len=  98  streak(L,R)=(1,2)
  Ep  29 [SOLVED][   ] reward=  261.98  len= 225  streak(L,R)=(3,2)
  Ep  30 [    ][   ] reward=   65.42  len= 172  streak(L,R)=(7,8)
  Ep  31 [SOLVED][   ] reward=  248.98  len= 163  streak(L,R)=(1,1)
  Ep  32 [SOLVED][   ] reward=  291.96  len= 172  streak(L,R)=(5,12)
  Ep  33 [    ][   ] reward=    3.47  len= 169  streak(L,R)=(6,3)
  Ep  34 [SOLVED][   ] reward=  275.28  len= 838  streak(L,R)=(10,38)
  Ep  35 [SOLVED][   ] reward=  283.31  len= 714  streak(L,R)=(9,31)
  Ep  36 [SOLVED][   ] reward=  243.58  len= 371  streak(L,R)=(2,7)
  Ep  37 [    ][   ] reward=   47.65  len= 111  streak(L,R)=(1,1)
  Ep  38 [SOLVED][   ] reward=  264.97  len= 315  streak(L,R)=(9,7)
  Ep  39 [    ][   ] reward=    3.66  len= 142  streak(L,R)=(9,6)
  Ep  40 [SOLVED][   ] reward=  250.41  len= 155  streak(L,R)=(1,1)
  Ep  41 [    ][   ] reward=   46.56  len= 125  streak(L,R)=(11,9)
  Ep  42 [SOLVED][   ] reward=  266.32  len= 749  streak(L,R)=(1,19)
  Ep  43 [    ][   ] reward=  165.57  len=1000  streak(L,R)=(5,6)
  Ep  44 [    ][   ] reward=   41.07  len=  84  streak(L,R)=(9,2)
  Ep  45 [SOLVED][   ] reward=  295.15  len= 238  streak(L,R)=(8,8)
  Ep  46 [    ][   ] reward=   60.31  len=  72  streak(L,R)=(0,1)
  Ep  47 [SOLVED][   ] reward=  261.12  len= 176  streak(L,R)=(4,5)
  Ep  48 [SOLVED][   ] reward=  260.99  len= 817  streak(L,R)=(2,32)
  Ep  49 [SOLVED][   ] reward=  261.92  len= 178  streak(L,R)=(1,1)
  Ep  50 [SOLVED][   ] reward=  241.73  len= 152  streak(L,R)=(5,1)
  Ep  51 [SOLVED][   ] reward=  276.46  len= 320  streak(L,R)=(8,5)
  Ep  52 [SOLVED][   ] reward=  302.43  len= 267  streak(L,R)=(11,7)
  Ep  53 [    ][   ] reward=   27.23  len=  84  streak(L,R)=(1,1)
  Ep  54 [    ][   ] reward=   23.19  len=  87  streak(L,R)=(4,2)
  Ep  55 [SOLVED][   ] reward=  260.25  len= 164  streak(L,R)=(1,1)
  Ep  56 [    ][   ] reward=   30.15  len=  99  streak(L,R)=(1,2)
  Ep  57 [SOLVED][   ] reward=  299.64  len= 178  streak(L,R)=(18,6)
  Ep  58 [SOLVED][   ] reward=  248.24  len= 790  streak(L,R)=(3,20)
  Ep  59 [    ][   ] reward=   49.26  len=  89  streak(L,R)=(3,2)
  Ep  60 [SOLVED][   ] reward=  272.27  len= 282  streak(L,R)=(5,2)
  Ep  61 [    ][   ] reward=   13.25  len= 166  streak(L,R)=(5,2)
  Ep  62 [SOLVED][   ] reward=  264.92  len= 273  streak(L,R)=(2,1)
  Ep  63 [SOLVED][   ] reward=  250.63  len= 155  streak(L,R)=(5,2)
  Ep  64 [SOLVED][   ] reward=  293.08  len= 161  streak(L,R)=(1,1)
  Ep  65 [SOLVED][   ] reward=  275.39  len= 229  streak(L,R)=(10,6)
  Ep  66 [SOLVED][   ] reward=  271.30  len= 773  streak(L,R)=(1,7)
  Ep  67 [SOLVED][   ] reward=  293.31  len= 295  streak(L,R)=(11,6)
  Ep  68 [SOLVED][   ] reward=  274.34  len= 217  streak(L,R)=(4,1)
  Ep  69 [    ][   ] reward=  128.53  len=1000  streak(L,R)=(8,7)
  Ep  70 [SOLVED][   ] reward=  268.71  len= 203  streak(L,R)=(6,2)
  Ep  71 [SOLVED][   ] reward=  243.69  len= 724  streak(L,R)=(4,3)
  Ep  72 [SOLVED][   ] reward=  281.05  len= 230  streak(L,R)=(3,3)
  Ep  73 [SOLVED][   ] reward=  257.23  len= 292  streak(L,R)=(6,1)
  Ep  74 [SOLVED][   ] reward=  271.44  len= 285  streak(L,R)=(3,4)
  Ep  75 [SOLVED][   ] reward=  284.46  len= 218  streak(L,R)=(10,5)
  Ep  76 [SOLVED][   ] reward=  284.64  len= 290  streak(L,R)=(6,6)
  Ep  77 [SOLVED][   ] reward=  304.46  len= 319  streak(L,R)=(11,5)
  Ep  78 [SOLVED][   ] reward=  261.92  len= 229  streak(L,R)=(4,2)
  Ep  79 [SOLVED][   ] reward=  255.02  len= 165  streak(L,R)=(3,2)
  Ep  80 [    ][   ] reward=   12.43  len= 167  streak(L,R)=(6,1)
  Ep  81 [SOLVED][   ] reward=  271.28  len= 131  streak(L,R)=(4,2)
  Ep  82 [    ][   ] reward=   20.68  len= 106  streak(L,R)=(3,2)
  Ep  83 [    ][   ] reward=  160.70  len=1000  streak(L,R)=(3,3)
  Ep  84 [SOLVED][   ] reward=  261.36  len= 186  streak(L,R)=(3,14)
  Ep  85 [    ][   ] reward=  178.50  len=1000  streak(L,R)=(8,20)
  Ep  86 [SOLVED][   ] reward=  260.34  len= 202  streak(L,R)=(3,3)
  Ep  87 [SOLVED][   ] reward=  261.51  len= 275  streak(L,R)=(3,6)
  Ep  88 [    ][   ] reward=   48.94  len= 180  streak(L,R)=(9,7)
  Ep  89 [    ][   ] reward=   18.11  len= 197  streak(L,R)=(10,2)
  Ep  90 [SOLVED][   ] reward=  295.30  len= 212  streak(L,R)=(11,2)
  Ep  91 [    ][   ] reward=  103.95  len=1000  streak(L,R)=(3,1)
  Ep  92 [    ][   ] reward=   35.30  len= 106  streak(L,R)=(1,2)
  Ep  93 [SOLVED][   ] reward=  311.77  len= 230  streak(L,R)=(6,8)
  Ep  94 [    ][   ] reward=   21.24  len= 131  streak(L,R)=(10,8)
  Ep  95 [SOLVED][   ] reward=  270.01  len= 179  streak(L,R)=(5,3)
  Ep  96 [SOLVED][   ] reward=  280.62  len= 172  streak(L,R)=(7,13)
  Ep  97 [    ][   ] reward=   16.27  len= 219  streak(L,R)=(13,4)
  Ep  98 [    ][   ] reward=   41.27  len= 108  streak(L,R)=(1,1)
  Ep  99 [SOLVED][   ] reward=  245.98  len= 170  streak(L,R)=(8,2)
  Ep 100 [SOLVED][   ] reward=  307.16  len= 178  streak(L,R)=(27,7)
==============================
Diagnostic Summary
  Mean reward   : 192.12   Median: 259.15   Std: 112.41
  Min / Max     : -2.60 / 311.77
  Solved (>=200): 64/100 (64.0%)
  Low (<0)      : 2/100 (2.0%)
  Mean length   : 280.1
  Action %      : no_op=40.4%, fire_left_orientation_engine=8.3%, fire_main_engine=27.7%, fire_right_orientation_engine=23.6%
  Max side streak: L=27, R=68
  Report saved  : double_dqn_buffer50k_benchmark_b.json
==============================
