Starting diagnostic evaluation: 100 episodes, base seed 5000 (no rendering)...
  Ep   1 [SOLVED][   ] reward=  272.68  len= 182  streak(L,R)=(8,11)
  Ep   2 [    ][   ] reward=   65.39  len= 118  streak(L,R)=(3,4)
  Ep   3 [SOLVED][   ] reward=  275.45  len= 199  streak(L,R)=(2,4)
  Ep   4 [SOLVED][   ] reward=  279.43  len= 192  streak(L,R)=(6,6)
  Ep   5 [SOLVED][   ] reward=  267.72  len= 172  streak(L,R)=(1,4)
  Ep   6 [SOLVED][   ] reward=  267.34  len= 321  streak(L,R)=(7,47)
  Ep   7 [SOLVED][   ] reward=  284.97  len= 162  streak(L,R)=(7,1)
  Ep   8 [    ][   ] reward=   45.51  len=  87  streak(L,R)=(1,0)
  Ep   9 [SOLVED][   ] reward=  281.36  len= 170  streak(L,R)=(6,5)
  Ep  10 [SOLVED][   ] reward=  297.34  len= 217  streak(L,R)=(10,28)
  Ep  11 [SOLVED][   ] reward=  272.57  len= 154  streak(L,R)=(4,11)
  Ep  12 [SOLVED][   ] reward=  272.79  len= 176  streak(L,R)=(7,11)
  Ep  13 [SOLVED][   ] reward=  301.95  len= 176  streak(L,R)=(9,16)
  Ep  14 [SOLVED][   ] reward=  239.62  len= 250  streak(L,R)=(1,3)
  Ep  15 [SOLVED][   ] reward=  286.29  len= 216  streak(L,R)=(5,11)
  Ep  16 [SOLVED][   ] reward=  263.57  len= 192  streak(L,R)=(1,3)
  Ep  17 [SOLVED][   ] reward=  269.87  len= 158  streak(L,R)=(4,4)
  Ep  18 [SOLVED][   ] reward=  281.00  len= 240  streak(L,R)=(4,6)
  Ep  19 [SOLVED][   ] reward=  257.08  len= 145  streak(L,R)=(2,3)
  Ep  20 [    ][   ] reward=   54.33  len=  90  streak(L,R)=(5,1)
  Ep  21 [SOLVED][   ] reward=  213.30  len= 310  streak(L,R)=(83,9)
  Ep  22 [    ][   ] reward=   62.05  len= 140  streak(L,R)=(2,7)
  Ep  23 [SOLVED][   ] reward=  250.75  len= 205  streak(L,R)=(2,2)
  Ep  24 [SOLVED][   ] reward=  272.40  len= 174  streak(L,R)=(16,1)
  Ep  25 [SOLVED][   ] reward=  271.20  len= 203  streak(L,R)=(4,23)
  Ep  26 [SOLVED][   ] reward=  268.19  len= 191  streak(L,R)=(3,22)
  Ep  27 [SOLVED][   ] reward=  264.32  len= 176  streak(L,R)=(3,17)
  Ep  28 [    ][   ] reward=   13.06  len=  98  streak(L,R)=(1,1)
  Ep  29 [SOLVED][   ] reward=  267.98  len= 189  streak(L,R)=(3,18)
  Ep  30 [SOLVED][   ] reward=  291.08  len= 249  streak(L,R)=(6,7)
  Ep  31 [    ][   ] reward=   38.13  len= 103  streak(L,R)=(2,2)
  Ep  32 [SOLVED][   ] reward=  279.67  len= 289  streak(L,R)=(9,24)
  Ep  33 [SOLVED][   ] reward=  293.53  len= 227  streak(L,R)=(4,16)
  Ep  34 [    ][   ] reward=  153.12  len=1000  streak(L,R)=(4,4)
  Ep  35 [SOLVED][   ] reward=  262.09  len= 330  streak(L,R)=(5,5)
  Ep  36 [SOLVED][   ] reward=  268.80  len= 213  streak(L,R)=(2,3)
  Ep  37 [SOLVED][   ] reward=  282.04  len= 169  streak(L,R)=(2,4)
  Ep  38 [SOLVED][   ] reward=  275.40  len= 238  streak(L,R)=(3,4)
  Ep  39 [SOLVED][   ] reward=  284.19  len= 299  streak(L,R)=(8,3)
  Ep  40 [    ][   ] reward=   21.14  len= 100  streak(L,R)=(7,1)
  Ep  41 [    ][   ] reward=  136.46  len=1000  streak(L,R)=(4,6)
  Ep  42 [SOLVED][   ] reward=  271.22  len= 194  streak(L,R)=(2,24)
  Ep  43 [SOLVED][   ] reward=  288.56  len= 221  streak(L,R)=(2,16)
  Ep  44 [SOLVED][   ] reward=  295.31  len= 192  streak(L,R)=(10,7)
  Ep  45 [SOLVED][   ] reward=  270.52  len= 249  streak(L,R)=(5,5)
  Ep  46 [SOLVED][   ] reward=  288.60  len= 159  streak(L,R)=(0,9)
  Ep  47 [SOLVED][   ] reward=  270.62  len= 159  streak(L,R)=(4,2)
  Ep  48 [SOLVED][   ] reward=  256.28  len= 181  streak(L,R)=(5,3)
  Ep  49 [SOLVED][   ] reward=  258.26  len= 161  streak(L,R)=(2,7)
  Ep  50 [SOLVED][   ] reward=  258.49  len= 171  streak(L,R)=(8,7)
  Ep  51 [SOLVED][   ] reward=  280.72  len= 263  streak(L,R)=(3,5)
  Ep  52 [    ][   ] reward=  146.65  len=1000  streak(L,R)=(3,5)
  Ep  53 [SOLVED][   ] reward=  265.88  len= 144  streak(L,R)=(1,4)
  Ep  54 [    ][   ] reward=   43.65  len=  99  streak(L,R)=(7,1)
  Ep  55 [    ][   ] reward=   39.05  len= 106  streak(L,R)=(2,2)
  Ep  56 [    ][   ] reward=   34.80  len= 106  streak(L,R)=(3,1)
  Ep  57 [SOLVED][   ] reward=  294.73  len= 214  streak(L,R)=(3,9)
  Ep  58 [    ][   ] reward=   27.01  len= 105  streak(L,R)=(1,4)
  Ep  59 [    ][   ] reward=   29.29  len=  92  streak(L,R)=(4,1)
  Ep  60 [SOLVED][   ] reward=  283.12  len= 191  streak(L,R)=(1,7)
  Ep  61 [SOLVED][   ] reward=  273.27  len= 250  streak(L,R)=(3,12)
  Ep  62 [SOLVED][   ] reward=  287.35  len= 207  streak(L,R)=(9,9)
  Ep  63 [SOLVED][   ] reward=  246.34  len= 170  streak(L,R)=(3,4)
  Ep  64 [SOLVED][   ] reward=  296.16  len= 141  streak(L,R)=(7,7)
  Ep  65 [SOLVED][   ] reward=  272.44  len= 200  streak(L,R)=(5,3)
  Ep  66 [SOLVED][   ] reward=  276.37  len= 188  streak(L,R)=(1,28)
  Ep  67 [    ][   ] reward=  143.49  len=1000  streak(L,R)=(21,4)
  Ep  68 [SOLVED][   ] reward=  291.12  len= 218  streak(L,R)=(5,8)
  Ep  69 [    ][   ] reward=   46.81  len= 154  streak(L,R)=(8,7)
  Ep  70 [SOLVED][   ] reward=  259.60  len= 234  streak(L,R)=(1,3)
  Ep  71 [SOLVED][   ] reward=  249.42  len= 170  streak(L,R)=(3,4)
  Ep  72 [SOLVED][   ] reward=  274.40  len= 198  streak(L,R)=(6,7)
  Ep  73 [SOLVED][   ] reward=  308.13  len= 248  streak(L,R)=(7,10)
  Ep  74 [SOLVED][   ] reward=  282.18  len= 190  streak(L,R)=(3,12)
  Ep  75 [SOLVED][   ] reward=  277.86  len= 215  streak(L,R)=(5,3)
  Ep  76 [    ][   ] reward=  173.43  len=1000  streak(L,R)=(4,13)
  Ep  77 [SOLVED][   ] reward=  292.61  len= 167  streak(L,R)=(3,6)
  Ep  78 [SOLVED][   ] reward=  267.06  len= 211  streak(L,R)=(4,14)
  Ep  79 [    ][   ] reward=   23.68  len=  93  streak(L,R)=(2,1)
  Ep  80 [SOLVED][   ] reward=  259.56  len= 213  streak(L,R)=(2,13)
  Ep  81 [    ][   ] reward=   45.60  len=  89  streak(L,R)=(3,1)
  Ep  82 [    ][   ] reward=   29.01  len= 113  streak(L,R)=(2,2)
  Ep  83 [SOLVED][   ] reward=  258.57  len= 217  streak(L,R)=(4,4)
  Ep  84 [SOLVED][   ] reward=  268.33  len= 207  streak(L,R)=(3,21)
  Ep  85 [SOLVED][   ] reward=  274.93  len= 293  streak(L,R)=(6,6)
  Ep  86 [SOLVED][   ] reward=  271.86  len= 152  streak(L,R)=(2,5)
  Ep  87 [SOLVED][   ] reward=  283.80  len= 190  streak(L,R)=(7,11)
  Ep  88 [    ][   ] reward=  162.92  len=1000  streak(L,R)=(5,4)
  Ep  89 [SOLVED][   ] reward=  274.04  len= 235  streak(L,R)=(4,10)
  Ep  90 [SOLVED][   ] reward=  309.55  len= 221  streak(L,R)=(11,20)
  Ep  91 [    ][   ] reward=   20.21  len= 103  streak(L,R)=(4,1)
  Ep  92 [    ][   ] reward=   57.32  len= 115  streak(L,R)=(3,4)
  Ep  93 [SOLVED][   ] reward=  309.07  len= 258  streak(L,R)=(38,10)
  Ep  94 [    ][   ] reward=  156.52  len=1000  streak(L,R)=(6,4)
  Ep  95 [SOLVED][   ] reward=  267.63  len= 182  streak(L,R)=(3,21)
  Ep  96 [    ][   ] reward=  163.57  len=1000  streak(L,R)=(4,6)
  Ep  97 [SOLVED][   ] reward=  304.46  len= 249  streak(L,R)=(6,11)
  Ep  98 [    ][   ] reward=   47.44  len= 113  streak(L,R)=(3,4)
  Ep  99 [SOLVED][   ] reward=  249.72  len= 182  streak(L,R)=(15,1)
  Ep 100 [SOLVED][   ] reward=  294.47  len= 379  streak(L,R)=(10,5)
==============================
Diagnostic Summary
  Mean reward   : 220.58   Median: 268.26   Std: 94.99
  Min / Max     : 13.06 / 309.55
  Solved (>=200): 73/100 (73.0%)
  Low (<0)      : 0/100 (0.0%)
  Mean length   : 252.9
  Action %      : no_op=42.7%, fire_left_orientation_engine=10.6%, fire_main_engine=30.6%, fire_right_orientation_engine=16.1%
  Max side streak: L=83, R=47
  Report saved  : control_benchmark_b.json
==============================
