Starting diagnostic evaluation: 50 episodes, base seed 1234 (no rendering)...
  Ep   1 [SOLVED][   ] reward=  286.92  len= 254  streak(L,R)=(5,13)
  Ep   2 [SOLVED][   ] reward=  263.21  len= 193  streak(L,R)=(1,3)
  Ep   3 [SOLVED][   ] reward=  265.83  len= 161  streak(L,R)=(11,9)
  Ep   4 [    ][   ] reward=  180.32  len=1000  streak(L,R)=(3,7)
  Ep   5 [SOLVED][   ] reward=  262.36  len= 168  streak(L,R)=(0,13)
  Ep   6 [SOLVED][   ] reward=  311.24  len= 224  streak(L,R)=(11,21)
  Ep   7 [SOLVED][   ] reward=  310.91  len= 229  streak(L,R)=(11,26)
  Ep   8 [SOLVED][   ] reward=  308.58  len= 230  streak(L,R)=(12,22)
  Ep   9 [    ][   ] reward=   58.83  len= 177  streak(L,R)=(8,9)
  Ep  10 [SOLVED][   ] reward=  293.20  len= 195  streak(L,R)=(9,20)
  Ep  11 [SOLVED][   ] reward=  302.98  len= 222  streak(L,R)=(8,12)
  Ep  12 [SOLVED][   ] reward=  273.56  len= 464  streak(L,R)=(18,2)
  Ep  13 [SOLVED][   ] reward=  257.94  len= 166  streak(L,R)=(2,2)
  Ep  14 [SOLVED][   ] reward=  267.12  len= 185  streak(L,R)=(11,2)
  Ep  15 [SOLVED][   ] reward=  247.28  len= 279  streak(L,R)=(40,3)
  Ep  16 [SOLVED][   ] reward=  264.08  len= 169  streak(L,R)=(4,5)
  Ep  17 [    ][   ] reward=   21.56  len=  93  streak(L,R)=(4,1)
  Ep  18 [SOLVED][   ] reward=  252.45  len= 153  streak(L,R)=(1,5)
  Ep  19 [SOLVED][   ] reward=  266.43  len= 150  streak(L,R)=(6,6)
  Ep  20 [SOLVED][   ] reward=  297.77  len= 283  streak(L,R)=(13,4)
  Ep  21 [SOLVED][   ] reward=  283.18  len= 232  streak(L,R)=(5,10)
  Ep  22 [SOLVED][   ] reward=  307.33  len= 234  streak(L,R)=(6,16)
  Ep  23 [    ][   ] reward=   20.73  len= 112  streak(L,R)=(4,1)
  Ep  24 [SOLVED][   ] reward=  283.79  len= 230  streak(L,R)=(4,20)
  Ep  25 [    ][   ] reward=   54.55  len=  89  streak(L,R)=(1,0)
  Ep  26 [SOLVED][   ] reward=  303.26  len= 249  streak(L,R)=(6,20)
  Ep  27 [SOLVED][   ] reward=  296.73  len= 276  streak(L,R)=(11,6)
  Ep  28 [SOLVED][   ] reward=  266.96  len= 157  streak(L,R)=(1,2)
  Ep  29 [SOLVED][   ] reward=  259.71  len= 173  streak(L,R)=(3,8)
  Ep  30 [SOLVED][   ] reward=  290.49  len= 198  streak(L,R)=(10,5)
  Ep  31 [SOLVED][   ] reward=  291.53  len= 208  streak(L,R)=(5,12)
  Ep  32 [SOLVED][   ] reward=  269.78  len= 205  streak(L,R)=(19,4)
  Ep  33 [SOLVED][   ] reward=  276.02  len= 209  streak(L,R)=(4,21)
  Ep  34 [SOLVED][   ] reward=  281.49  len= 201  streak(L,R)=(4,2)
  Ep  35 [SOLVED][   ] reward=  264.03  len= 450  streak(L,R)=(6,3)
  Ep  36 [SOLVED][   ] reward=  261.56  len= 172  streak(L,R)=(2,3)
  Ep  37 [SOLVED][   ] reward=  287.68  len= 579  streak(L,R)=(20,4)
  Ep  38 [SOLVED][   ] reward=  288.22  len= 240  streak(L,R)=(7,13)
  Ep  39 [SOLVED][   ] reward=  280.54  len= 207  streak(L,R)=(10,4)
  Ep  40 [    ][   ] reward=   47.17  len= 117  streak(L,R)=(3,3)
  Ep  41 [SOLVED][   ] reward=  257.66  len= 194  streak(L,R)=(1,4)
  Ep  42 [SOLVED][   ] reward=  264.87  len= 192  streak(L,R)=(56,3)
  Ep  43 [SOLVED][   ] reward=  285.78  len= 183  streak(L,R)=(8,10)
  Ep  44 [    ][   ] reward=   70.11  len=  90  streak(L,R)=(2,1)
  Ep  45 [SOLVED][   ] reward=  269.31  len= 227  streak(L,R)=(5,12)
  Ep  46 [SOLVED][   ] reward=  270.04  len= 189  streak(L,R)=(2,3)
  Ep  47 [SOLVED][   ] reward=  281.07  len= 195  streak(L,R)=(8,16)
  Ep  48 [SOLVED][   ] reward=  287.92  len= 222  streak(L,R)=(4,29)
  Ep  49 [SOLVED][   ] reward=  276.57  len= 210  streak(L,R)=(12,5)
  Ep  50 [SOLVED][   ] reward=  289.08  len= 162  streak(L,R)=(2,6)
==============================
Diagnostic Summary
  Mean reward   : 249.19   Median: 271.80   Std: 78.29
  Min / Max     : 20.73 / 311.24
  Solved (>=200): 43/50 (86.0%)
  Low (<0)      : 0/50 (0.0%)
  Mean length   : 227.9
  Action %      : no_op=39.6%, fire_left_orientation_engine=12.2%, fire_main_engine=34.8%, fire_right_orientation_engine=13.4%
  Max side streak: L=56, R=29
  Report saved  : control_benchmark_a.json
==============================
