Episode 10, Total Reward: -50.65, Average Max Q-Value: 1.6038, Epsilon: 0.9511
Episode 20, Total Reward: -115.01, Average Max Q-Value: 2.3874, Epsilon: 0.9046
Episode 30, Total Reward: -203.72, Average Max Q-Value: 3.4770, Epsilon: 0.8604
Episode 40, Total Reward: -102.77, Average Max Q-Value: 4.5447, Epsilon: 0.8183
Episode 50, Total Reward: -10.07, Average Max Q-Value: 5.4451, Epsilon: 0.7783
[Validation @ ep 50] mean=-187.37 median=-183.70 std=19.02 solved=0%  <- NEW BEST (saved)
Episode 60, Total Reward: -34.43, Average Max Q-Value: 7.0803, Epsilon: 0.7403
Episode 70, Total Reward: -45.68, Average Max Q-Value: 7.7322, Epsilon: 0.7041
Episode 80, Total Reward: -60.93, Average Max Q-Value: 8.6399, Epsilon: 0.6696
Episode 90, Total Reward: -10.50, Average Max Q-Value: 9.2382, Epsilon: 0.6369
Episode 100, Total Reward: -69.78, Average Max Q-Value: 10.5960, Epsilon: 0.6058
[Validation @ ep 100] mean=-141.34 median=-134.36 std=28.26 solved=0%  <- NEW BEST (saved)
Episode 110, Total Reward: -49.87, Average Max Q-Value: 12.5264, Epsilon: 0.5762
Episode 120, Total Reward: -9.46, Average Max Q-Value: 13.5454, Epsilon: 0.5480
Episode 130, Total Reward: -10.80, Average Max Q-Value: 16.3608, Epsilon: 0.5212
Episode 140, Total Reward: 53.90, Average Max Q-Value: 22.0021, Epsilon: 0.4957
Episode 150, Total Reward: 7.86, Average Max Q-Value: 25.8281, Epsilon: 0.4715
[Validation @ ep 150] mean=-164.84 median=-65.68 std=191.95 solved=0%
Episode 160, Total Reward: -16.06, Average Max Q-Value: 29.8774, Epsilon: 0.4484
Episode 170, Total Reward: 36.31, Average Max Q-Value: 30.9342, Epsilon: 0.4265
Episode 180, Total Reward: -24.49, Average Max Q-Value: 34.6783, Epsilon: 0.4057
Episode 190, Total Reward: 72.41, Average Max Q-Value: 35.7902, Epsilon: 0.3858
Episode 200, Total Reward: 33.84, Average Max Q-Value: 35.3554, Epsilon: 0.3670
[Validation @ ep 200] mean=110.52 median=204.61 std=173.46 solved=50%  <- NEW BEST (saved)
Episode 210, Total Reward: 84.30, Average Max Q-Value: 36.7133, Epsilon: 0.3490
Episode 220, Total Reward: -35.13, Average Max Q-Value: 36.4991, Epsilon: 0.3320
Episode 230, Total Reward: -48.05, Average Max Q-Value: 38.0643, Epsilon: 0.3157
Episode 240, Total Reward: 107.15, Average Max Q-Value: 38.8852, Epsilon: 0.3003
Episode 250, Total Reward: 19.31, Average Max Q-Value: 41.6509, Epsilon: 0.2856
[Validation @ ep 250] mean=150.70 median=215.21 std=157.85 solved=70%  <- NEW BEST (saved)
Episode 260, Total Reward: -316.58, Average Max Q-Value: 44.3251, Epsilon: 0.2716
Episode 270, Total Reward: 276.67, Average Max Q-Value: 48.0235, Epsilon: 0.2584
Episode 280, Total Reward: 14.05, Average Max Q-Value: 51.6473, Epsilon: 0.2457
Episode 290, Total Reward: 40.87, Average Max Q-Value: 53.9333, Epsilon: 0.2337
Episode 300, Total Reward: 109.35, Average Max Q-Value: 61.3817, Epsilon: 0.2223
[Validation @ ep 300] mean=230.65 median=248.30 std=86.51 solved=90%  <- NEW BEST (saved)
Episode 310, Total Reward: 272.88, Average Max Q-Value: 67.4975, Epsilon: 0.2114
Episode 320, Total Reward: 19.55, Average Max Q-Value: 70.2120, Epsilon: 0.2011
Episode 330, Total Reward: 14.93, Average Max Q-Value: 70.4813, Epsilon: 0.1913
Episode 340, Total Reward: 114.24, Average Max Q-Value: 76.9379, Epsilon: 0.1819
Episode 350, Total Reward: 12.37, Average Max Q-Value: 82.4308, Epsilon: 0.1730
[Validation @ ep 350] mean=199.93 median=224.97 std=81.05 solved=60%
Episode 360, Total Reward: 166.90, Average Max Q-Value: 82.3189, Epsilon: 0.1646
Episode 370, Total Reward: 233.19, Average Max Q-Value: 84.9952, Epsilon: 0.1565
Episode 380, Total Reward: 132.82, Average Max Q-Value: 85.7118, Epsilon: 0.1489
Episode 390, Total Reward: 158.56, Average Max Q-Value: 90.1019, Epsilon: 0.1416
Episode 400, Total Reward: 232.96, Average Max Q-Value: 93.7373, Epsilon: 0.1347
[Validation @ ep 400] mean=14.07 median=62.18 std=301.00 solved=20%
Episode 410, Total Reward: -197.84, Average Max Q-Value: 94.0784, Epsilon: 0.1281
Episode 420, Total Reward: 242.82, Average Max Q-Value: 93.0589, Epsilon: 0.1218
Episode 430, Total Reward: 139.13, Average Max Q-Value: 91.0450, Epsilon: 0.1159
Episode 440, Total Reward: 243.99, Average Max Q-Value: 90.0248, Epsilon: 0.1102
Episode 450, Total Reward: 247.71, Average Max Q-Value: 91.3926, Epsilon: 0.1048
[Validation @ ep 450] mean=176.18 median=241.98 std=173.89 solved=70%
Episode 460, Total Reward: 295.76, Average Max Q-Value: 89.7159, Epsilon: 0.0997
Episode 470, Total Reward: 57.20, Average Max Q-Value: 89.0375, Epsilon: 0.0948
Episode 480, Total Reward: 165.97, Average Max Q-Value: 88.9167, Epsilon: 0.0902
Episode 490, Total Reward: 274.36, Average Max Q-Value: 88.6421, Epsilon: 0.0858
Episode 500, Total Reward: 234.12, Average Max Q-Value: 93.0497, Epsilon: 0.0816
[Validation @ ep 500] mean=255.47 median=278.53 std=72.49 solved=90%  <- NEW BEST (saved)
Episode 510, Total Reward: 205.62, Average Max Q-Value: 90.7654, Epsilon: 0.0776
Episode 520, Total Reward: 292.08, Average Max Q-Value: 88.4708, Epsilon: 0.0738
Episode 530, Total Reward: 259.93, Average Max Q-Value: 85.6298, Epsilon: 0.0702
Episode 540, Total Reward: 212.79, Average Max Q-Value: 83.3609, Epsilon: 0.0668
Episode 550, Total Reward: 270.55, Average Max Q-Value: 85.0675, Epsilon: 0.0635
[Validation @ ep 550] mean=206.69 median=209.24 std=72.90 solved=50%
Episode 560, Total Reward: 243.57, Average Max Q-Value: 84.4513, Epsilon: 0.0604
Episode 570, Total Reward: 103.16, Average Max Q-Value: 87.3173, Epsilon: 0.0574
Episode 580, Total Reward: 290.99, Average Max Q-Value: 89.2686, Epsilon: 0.0546
Episode 590, Total Reward: 221.49, Average Max Q-Value: 91.9688, Epsilon: 0.0520
Episode 600, Total Reward: 307.78, Average Max Q-Value: 96.9030, Epsilon: 0.0494
[Validation @ ep 600] mean=161.52 median=265.69 std=163.52 solved=60%
Episode 610, Total Reward: 2.74, Average Max Q-Value: 99.0992, Epsilon: 0.0470
Episode 620, Total Reward: 275.39, Average Max Q-Value: 100.2634, Epsilon: 0.0447
Episode 630, Total Reward: 273.25, Average Max Q-Value: 101.1534, Epsilon: 0.0425
Episode 640, Total Reward: 283.58, Average Max Q-Value: 99.5071, Epsilon: 0.0404
Episode 650, Total Reward: 287.40, Average Max Q-Value: 99.2643, Epsilon: 0.0385
[Validation @ ep 650] mean=241.48 median=263.66 std=53.00 solved=60%
Episode 660, Total Reward: 243.74, Average Max Q-Value: 100.1643, Epsilon: 0.0366
Episode 670, Total Reward: 257.53, Average Max Q-Value: 98.3970, Epsilon: 0.0348
Episode 680, Total Reward: 235.33, Average Max Q-Value: 96.4111, Epsilon: 0.0331
Episode 690, Total Reward: -3.51, Average Max Q-Value: 96.2390, Epsilon: 0.0315
Episode 700, Total Reward: 298.57, Average Max Q-Value: 96.6781, Epsilon: 0.0299
[Validation @ ep 700] mean=196.31 median=223.38 std=106.00 solved=50%
Episode 710, Total Reward: 312.60, Average Max Q-Value: 96.6952, Epsilon: 0.0285
Episode 720, Total Reward: 33.77, Average Max Q-Value: 97.0160, Epsilon: 0.0271
Episode 730, Total Reward: 247.70, Average Max Q-Value: 97.2091, Epsilon: 0.0258
Episode 740, Total Reward: 30.28, Average Max Q-Value: 97.3902, Epsilon: 0.0245
Episode 750, Total Reward: 266.70, Average Max Q-Value: 98.0721, Epsilon: 0.0233
[Validation @ ep 750] mean=155.53 median=182.74 std=124.65 solved=50%
Episode 760, Total Reward: 251.07, Average Max Q-Value: 98.2368, Epsilon: 0.0222
Episode 770, Total Reward: 278.97, Average Max Q-Value: 98.3249, Epsilon: 0.0211
Episode 780, Total Reward: 226.76, Average Max Q-Value: 98.0642, Epsilon: 0.0200
Episode 790, Total Reward: 42.24, Average Max Q-Value: 98.2906, Epsilon: 0.0191
Episode 800, Total Reward: 23.17, Average Max Q-Value: 97.8217, Epsilon: 0.0181
[Validation @ ep 800] mean=261.31 median=286.04 std=73.73 solved=90%  <- NEW BEST (saved)
Episode 810, Total Reward: 28.61, Average Max Q-Value: 98.8413, Epsilon: 0.0172
Episode 820, Total Reward: 14.85, Average Max Q-Value: 99.2519, Epsilon: 0.0164
Episode 830, Total Reward: 36.09, Average Max Q-Value: 99.6065, Epsilon: 0.0156
Episode 840, Total Reward: 253.84, Average Max Q-Value: 99.8346, Epsilon: 0.0148
Episode 850, Total Reward: 230.54, Average Max Q-Value: 100.3445, Epsilon: 0.0141
[Validation @ ep 850] mean=289.45 median=290.00 std=13.22 solved=100%  <- NEW BEST (saved)
Episode 860, Total Reward: 304.53, Average Max Q-Value: 101.0241, Epsilon: 0.0134
Episode 870, Total Reward: 306.03, Average Max Q-Value: 100.9613, Epsilon: 0.0128
Episode 880, Total Reward: 268.73, Average Max Q-Value: 101.0638, Epsilon: 0.0121
Episode 890, Total Reward: 302.13, Average Max Q-Value: 101.5850, Epsilon: 0.0115
Episode 900, Total Reward: 263.82, Average Max Q-Value: 101.5516, Epsilon: 0.0110
[Validation @ ep 900] mean=199.05 median=269.64 std=121.69 solved=60%
Episode 910, Total Reward: 285.28, Average Max Q-Value: 101.3905, Epsilon: 0.0104
Episode 920, Total Reward: 265.61, Average Max Q-Value: 101.9190, Epsilon: 0.0100
Episode 930, Total Reward: 58.93, Average Max Q-Value: 101.9913, Epsilon: 0.0100
Episode 940, Total Reward: 284.36, Average Max Q-Value: 101.9391, Epsilon: 0.0100
Episode 950, Total Reward: 35.80, Average Max Q-Value: 102.2033, Epsilon: 0.0100
[Validation @ ep 950] mean=248.23 median=303.25 std=101.67 solved=80%
Episode 960, Total Reward: 40.75, Average Max Q-Value: 101.9030, Epsilon: 0.0100
Episode 970, Total Reward: 290.31, Average Max Q-Value: 101.6198, Epsilon: 0.0100
Episode 980, Total Reward: 295.89, Average Max Q-Value: 102.3091, Epsilon: 0.0100
Episode 990, Total Reward: 54.22, Average Max Q-Value: 101.7059, Epsilon: 0.0100
Episode 1000, Total Reward: 271.93, Average Max Q-Value: 102.2967, Epsilon: 0.0100
[Validation @ ep 1000] mean=269.64 median=296.93 std=72.76 solved=90%
==============================
Training Phase Completed!
Total Episodes (Tests): 1000
Mean Reward: 124.19
Reward Variance: 23619.70
Final Moving-Avg Reward (w=50): 227.94
Final Epsilon: 0.0100
==============================
Training metrics saved to training_metrics.json.
Training plot saved to training_plot.png.
