Starting diagnostic evaluation: 50 episodes, base seed 1234 (no rendering)...
  Ep   1 [SOLVED][   ] reward=  273.61  len= 280  streak(L,R)=(6,66)
  Ep   2 [SOLVED][   ] reward=  268.63  len= 212  streak(L,R)=(1,1)
  Ep   3 [SOLVED][   ] reward=  245.05  len= 201  streak(L,R)=(2,4)
  Ep   4 [    ][   ] reward=   47.90  len= 175  streak(L,R)=(2,7)
  Ep   5 [SOLVED][   ] reward=  264.27  len= 170  streak(L,R)=(1,1)
  Ep   6 [    ][   ] reward=   65.20  len= 127  streak(L,R)=(10,3)
  Ep   7 [SOLVED][   ] reward=  306.49  len= 179  streak(L,R)=(10,12)
  Ep   8 [    ][   ] reward=   56.36  len= 126  streak(L,R)=(10,2)
  Ep   9 [    ][   ] reward=   74.54  len= 137  streak(L,R)=(7,6)
  Ep  10 [SOLVED][   ] reward=  298.86  len= 287  streak(L,R)=(15,28)
  Ep  11 [SOLVED][   ] reward=  296.51  len= 213  streak(L,R)=(6,24)
  Ep  12 [    ][   ] reward=   58.11  len= 149  streak(L,R)=(2,9)
  Ep  13 [SOLVED][   ] reward=  257.19  len= 181  streak(L,R)=(1,1)
  Ep  14 [SOLVED][   ] reward=  250.11  len= 218  streak(L,R)=(6,1)
  Ep  15 [    ][   ] reward=   35.59  len= 162  streak(L,R)=(2,1)
  Ep  16 [    ][   ] reward=    9.09  len= 159  streak(L,R)=(4,1)
  Ep  17 [SOLVED][   ] reward=  238.69  len= 174  streak(L,R)=(8,1)
  Ep  18 [SOLVED][   ] reward=  253.68  len= 199  streak(L,R)=(1,2)
  Ep  19 [    ][   ] reward=  128.98  len=1000  streak(L,R)=(4,1)
  Ep  20 [    ][   ] reward=   79.63  len= 179  streak(L,R)=(2,10)
  Ep  21 [    ][   ] reward=  148.88  len=1000  streak(L,R)=(7,2)
  Ep  22 [SOLVED][   ] reward=  299.83  len= 212  streak(L,R)=(5,14)
  Ep  23 [SOLVED][   ] reward=  247.38  len= 286  streak(L,R)=(3,4)
  Ep  24 [SOLVED][   ] reward=  295.35  len= 216  streak(L,R)=(2,8)
  Ep  25 [SOLVED][   ] reward=  265.26  len= 159  streak(L,R)=(1,2)
  Ep  26 [SOLVED][   ] reward=  267.30  len= 245  streak(L,R)=(6,84)
  Ep  27 [    ][   ] reward=   58.37  len=  90  streak(L,R)=(2,6)
  Ep  28 [SOLVED][   ] reward=  274.51  len= 172  streak(L,R)=(1,1)
  Ep  29 [SOLVED][   ] reward=  263.86  len= 191  streak(L,R)=(1,2)
  Ep  30 [    ][   ] reward=    5.36  len=  88  streak(L,R)=(1,3)
  Ep  31 [SOLVED][   ] reward=  274.38  len= 205  streak(L,R)=(5,23)
  Ep  32 [SOLVED][   ] reward=  267.50  len= 164  streak(L,R)=(1,5)
  Ep  33 [SOLVED][   ] reward=  273.13  len= 206  streak(L,R)=(5,4)
  Ep  34 [SOLVED][   ] reward=  291.92  len= 193  streak(L,R)=(2,1)
  Ep  35 [SOLVED][   ] reward=  302.17  len= 212  streak(L,R)=(3,6)
  Ep  36 [SOLVED][   ] reward=  271.08  len= 176  streak(L,R)=(1,1)
  Ep  37 [    ][   ] reward=   68.18  len= 142  streak(L,R)=(2,8)
  Ep  38 [    ][   ] reward=   29.62  len= 139  streak(L,R)=(7,2)
  Ep  39 [    ][   ] reward=   34.85  len= 134  streak(L,R)=(6,2)
  Ep  40 [SOLVED][   ] reward=  259.62  len= 193  streak(L,R)=(7,1)
  Ep  41 [    ][   ] reward=   26.14  len= 129  streak(L,R)=(1,3)
  Ep  42 [    ][   ] reward=   27.69  len= 163  streak(L,R)=(2,1)
  Ep  43 [SOLVED][   ] reward=  288.26  len= 201  streak(L,R)=(2,1)
  Ep  44 [SOLVED][   ] reward=  262.35  len= 179  streak(L,R)=(2,1)
  Ep  45 [SOLVED][   ] reward=  262.33  len= 208  streak(L,R)=(5,3)
  Ep  46 [SOLVED][   ] reward=  289.86  len= 162  streak(L,R)=(2,1)
  Ep  47 [SOLVED][   ] reward=  277.04  len= 320  streak(L,R)=(4,8)
  Ep  48 [SOLVED][   ] reward=  270.09  len= 277  streak(L,R)=(4,9)
  Ep  49 [    ][   ] reward=   41.97  len= 141  streak(L,R)=(1,6)
  Ep  50 [SOLVED][   ] reward=  286.11  len= 201  streak(L,R)=(3,1)
==============================
Diagnostic Summary
  Mean reward   : 194.78   Median: 260.98   Std: 107.70
  Min / Max     : 5.36 / 306.49
  Solved (>=200): 32/50 (64.0%)
  Low (<0)      : 0/50 (0.0%)
  Mean length   : 218.6
  Action %      : no_op=47.8%, fire_left_orientation_engine=9.1%, fire_main_engine=32.8%, fire_right_orientation_engine=10.3%
  Max side streak: L=15, R=84
  Report saved  : eps997_benchmark_a.json
==============================
