Starting diagnostic evaluation: 100 episodes, base seed 5000 (no rendering)...
  Ep   1 [SOLVED][   ] reward=  271.13  len= 186  streak(L,R)=(4,1)
  Ep   2 [SOLVED][   ] reward=  279.24  len= 167  streak(L,R)=(1,1)
  Ep   3 [SOLVED][   ] reward=  268.61  len= 319  streak(L,R)=(4,3)
  Ep   4 [SOLVED][   ] reward=  276.34  len= 729  streak(L,R)=(3,32)
  Ep   5 [SOLVED][   ] reward=  267.90  len= 213  streak(L,R)=(1,1)
  Ep   6 [    ][   ] reward=   88.41  len= 158  streak(L,R)=(7,3)
  Ep   7 [SOLVED][   ] reward=  276.45  len= 181  streak(L,R)=(3,1)
  Ep   8 [SOLVED][   ] reward=  268.74  len= 176  streak(L,R)=(5,1)
  Ep   9 [SOLVED][   ] reward=  264.45  len= 587  streak(L,R)=(59,67)
  Ep  10 [SOLVED][   ] reward=  297.60  len= 320  streak(L,R)=(7,7)
  Ep  11 [SOLVED][   ] reward=  263.40  len= 288  streak(L,R)=(1,4)
  Ep  12 [SOLVED][   ] reward=  274.08  len= 178  streak(L,R)=(1,1)
  Ep  13 [SOLVED][   ] reward=  283.02  len= 244  streak(L,R)=(3,40)
  Ep  14 [SOLVED][   ] reward=  259.32  len= 189  streak(L,R)=(1,2)
  Ep  15 [SOLVED][   ] reward=  271.48  len= 234  streak(L,R)=(4,23)
  Ep  16 [SOLVED][   ] reward=  269.06  len= 163  streak(L,R)=(2,1)
  Ep  17 [    ][   ] reward=  132.38  len=1000  streak(L,R)=(11,1)
  Ep  18 [SOLVED][   ] reward=  276.44  len= 485  streak(L,R)=(10,31)
  Ep  19 [SOLVED][   ] reward=  256.84  len= 187  streak(L,R)=(1,1)
  Ep  20 [SOLVED][   ] reward=  276.84  len= 167  streak(L,R)=(3,1)
  Ep  21 [    ][   ] reward=   12.87  len= 139  streak(L,R)=(6,2)
  Ep  22 [    ][   ] reward=   16.14  len=  80  streak(L,R)=(1,9)
  Ep  23 [SOLVED][   ] reward=  264.57  len= 192  streak(L,R)=(1,1)
  Ep  24 [SOLVED][   ] reward=  257.45  len= 173  streak(L,R)=(1,4)
  Ep  25 [    ][   ] reward=   33.75  len= 156  streak(L,R)=(4,2)
  Ep  26 [SOLVED][   ] reward=  269.35  len= 187  streak(L,R)=(4,7)
  Ep  27 [SOLVED][   ] reward=  254.84  len= 221  streak(L,R)=(2,21)
  Ep  28 [    ][   ] reward=   21.91  len= 109  streak(L,R)=(1,1)
  Ep  29 [SOLVED][   ] reward=  266.16  len= 188  streak(L,R)=(4,2)
  Ep  30 [    ][   ] reward=   48.27  len= 144  streak(L,R)=(2,8)
  Ep  31 [SOLVED][   ] reward=  247.14  len= 172  streak(L,R)=(1,1)
  Ep  32 [SOLVED][   ] reward=  285.55  len= 200  streak(L,R)=(4,28)
  Ep  33 [SOLVED][   ] reward=  215.79  len= 978  streak(L,R)=(32,1)
  Ep  34 [    ][   ] reward=   39.67  len= 129  streak(L,R)=(1,6)
  Ep  35 [    ][   ] reward=   69.32  len= 150  streak(L,R)=(2,7)
  Ep  36 [    ][   ] reward=   19.76  len= 121  streak(L,R)=(1,4)
  Ep  37 [SOLVED][   ] reward=  281.62  len= 222  streak(L,R)=(1,1)
  Ep  38 [SOLVED][   ] reward=  287.51  len= 202  streak(L,R)=(1,6)
  Ep  39 [    ][   ] reward=   68.55  len= 172  streak(L,R)=(2,9)
  Ep  40 [SOLVED][   ] reward=  244.46  len= 173  streak(L,R)=(1,1)
  Ep  41 [    ][   ] reward=   60.22  len= 124  streak(L,R)=(2,9)
  Ep  42 [SOLVED][   ] reward=  271.93  len= 210  streak(L,R)=(1,5)
  Ep  43 [SOLVED][   ] reward=  263.69  len= 343  streak(L,R)=(2,1)
  Ep  44 [SOLVED][   ] reward=  299.49  len= 175  streak(L,R)=(8,4)
  Ep  45 [    ][   ] reward=   43.17  len= 118  streak(L,R)=(3,8)
  Ep  46 [SOLVED][   ] reward=  291.85  len= 157  streak(L,R)=(1,1)
  Ep  47 [SOLVED][   ] reward=  253.02  len= 212  streak(L,R)=(6,1)
  Ep  48 [SOLVED][   ] reward=  262.10  len= 195  streak(L,R)=(2,1)
  Ep  49 [SOLVED][   ] reward=  259.54  len= 188  streak(L,R)=(1,1)
  Ep  50 [SOLVED][   ] reward=  241.93  len= 179  streak(L,R)=(3,1)
  Ep  51 [SOLVED][   ] reward=  306.11  len= 225  streak(L,R)=(2,7)
  Ep  52 [    ][   ] reward=   77.99  len= 173  streak(L,R)=(2,11)
  Ep  53 [SOLVED][   ] reward=  264.47  len= 156  streak(L,R)=(1,1)
  Ep  54 [    ][   ] reward=    9.32  len= 136  streak(L,R)=(5,1)
  Ep  55 [SOLVED][   ] reward=  255.25  len= 184  streak(L,R)=(1,1)
  Ep  56 [SOLVED][   ] reward=  258.84  len= 197  streak(L,R)=(2,4)
  Ep  57 [    ][   ] reward=   61.44  len=  97  streak(L,R)=(2,7)
  Ep  58 [    ][   ] reward=   41.26  len= 113  streak(L,R)=(1,2)
  Ep  59 [SOLVED][   ] reward=  255.46  len= 193  streak(L,R)=(1,1)
  Ep  60 [    ][   ] reward=  158.18  len=1000  streak(L,R)=(2,16)
  Ep  61 [    ][   ] reward=  143.87  len=1000  streak(L,R)=(6,2)
  Ep  62 [SOLVED][   ] reward=  268.20  len= 366  streak(L,R)=(10,31)
  Ep  63 [SOLVED][   ] reward=  245.36  len= 184  streak(L,R)=(2,1)
  Ep  64 [SOLVED][   ] reward=  292.14  len= 164  streak(L,R)=(1,1)
  Ep  65 [    ][   ] reward=   28.39  len= 124  streak(L,R)=(2,4)
  Ep  66 [SOLVED][   ] reward=  280.76  len= 163  streak(L,R)=(1,1)
  Ep  67 [    ][   ] reward=   68.45  len= 161  streak(L,R)=(2,8)
  Ep  68 [SOLVED][   ] reward=  276.69  len= 220  streak(L,R)=(1,1)
  Ep  69 [SOLVED][   ] reward=  292.45  len= 214  streak(L,R)=(7,11)
  Ep  70 [SOLVED][   ] reward=  270.36  len= 193  streak(L,R)=(3,1)
  Ep  71 [SOLVED][   ] reward=  249.24  len= 162  streak(L,R)=(1,1)
  Ep  72 [SOLVED][   ] reward=  269.11  len= 378  streak(L,R)=(2,1)
  Ep  73 [SOLVED][   ] reward=  304.93  len= 233  streak(L,R)=(6,8)
  Ep  74 [SOLVED][   ] reward=  260.03  len= 308  streak(L,R)=(1,2)
  Ep  75 [SOLVED][   ] reward=  252.09  len= 528  streak(L,R)=(10,66)
  Ep  76 [    ][LOW] reward= -117.45  len= 336  streak(L,R)=(16,10)
  Ep  77 [SOLVED][   ] reward=  289.45  len= 172  streak(L,R)=(25,26)
  Ep  78 [SOLVED][   ] reward=  261.19  len= 235  streak(L,R)=(7,2)
  Ep  79 [SOLVED][   ] reward=  253.31  len= 167  streak(L,R)=(4,1)
  Ep  80 [SOLVED][   ] reward=  235.94  len= 267  streak(L,R)=(62,1)
  Ep  81 [    ][   ] reward=  139.45  len=1000  streak(L,R)=(18,2)
  Ep  82 [SOLVED][   ] reward=  242.91  len= 232  streak(L,R)=(2,8)
  Ep  83 [SOLVED][   ] reward=  269.71  len= 199  streak(L,R)=(4,24)
  Ep  84 [SOLVED][   ] reward=  252.71  len= 257  streak(L,R)=(2,28)
  Ep  85 [SOLVED][   ] reward=  303.24  len= 258  streak(L,R)=(1,7)
  Ep  86 [SOLVED][   ] reward=  252.17  len= 189  streak(L,R)=(2,1)
  Ep  87 [SOLVED][   ] reward=  262.82  len= 751  streak(L,R)=(1,36)
  Ep  88 [    ][   ] reward=   89.02  len= 173  streak(L,R)=(2,10)
  Ep  89 [SOLVED][   ] reward=  226.15  len= 260  streak(L,R)=(68,1)
  Ep  90 [SOLVED][   ] reward=  297.47  len= 184  streak(L,R)=(8,20)
  Ep  91 [    ][   ] reward=  108.57  len=1000  streak(L,R)=(8,1)
  Ep  92 [SOLVED][   ] reward=  275.46  len= 191  streak(L,R)=(2,1)
  Ep  93 [SOLVED][   ] reward=  274.80  len= 262  streak(L,R)=(98,10)
  Ep  94 [    ][   ] reward=   50.09  len= 139  streak(L,R)=(2,8)
  Ep  95 [SOLVED][   ] reward=  261.54  len= 199  streak(L,R)=(3,2)
  Ep  96 [    ][   ] reward=   35.08  len= 111  streak(L,R)=(2,2)
  Ep  97 [SOLVED][   ] reward=  232.30  len= 733  streak(L,R)=(37,3)
  Ep  98 [    ][   ] reward=   61.32  len= 129  streak(L,R)=(1,2)
  Ep  99 [SOLVED][   ] reward=  223.96  len= 190  streak(L,R)=(18,1)
  Ep 100 [SOLVED][   ] reward=  270.81  len= 266  streak(L,R)=(8,42)
==============================
Diagnostic Summary
  Mean reward   : 208.16   Median: 259.08   Std: 99.28
  Min / Max     : -117.45 / 306.11
  Solved (>=200): 72/100 (72.0%)
  Low (<0)      : 1/100 (1.0%)
  Mean length   : 269.5
  Action %      : no_op=45.3%, fire_left_orientation_engine=12.7%, fire_main_engine=27.4%, fire_right_orientation_engine=14.6%
  Max side streak: L=98, R=67
  Report saved  : eps997_benchmark_b.json
==============================
