Starting diagnostic evaluation: 100 episodes, base seed 5000 (no rendering)...
  Ep   1 [SOLVED][   ] reward=  271.62  len= 179  streak(L,R)=(2,11)
  Ep   2 [SOLVED][   ] reward=  278.57  len= 183  streak(L,R)=(1,7)
  Ep   3 [SOLVED][   ] reward=  259.86  len= 392  streak(L,R)=(3,51)
  Ep   4 [SOLVED][   ] reward=  279.94  len= 278  streak(L,R)=(4,17)
  Ep   5 [SOLVED][   ] reward=  249.01  len= 263  streak(L,R)=(6,3)
  Ep   6 [    ][   ] reward=  156.98  len=1000  streak(L,R)=(8,10)
  Ep   7 [SOLVED][   ] reward=  287.38  len= 156  streak(L,R)=(8,6)
  Ep   8 [SOLVED][   ] reward=  271.43  len= 135  streak(L,R)=(1,5)
  Ep   9 [    ][   ] reward=  197.28  len= 735  streak(L,R)=(4,8)
  Ep  10 [SOLVED][   ] reward=  302.32  len= 220  streak(L,R)=(11,28)
  Ep  11 [SOLVED][   ] reward=  279.96  len= 144  streak(L,R)=(5,6)
  Ep  12 [SOLVED][   ] reward=  271.60  len= 164  streak(L,R)=(1,4)
  Ep  13 [SOLVED][   ] reward=  291.15  len= 159  streak(L,R)=(9,9)
  Ep  14 [SOLVED][   ] reward=  255.37  len= 165  streak(L,R)=(1,6)
  Ep  15 [SOLVED][   ] reward=  283.37  len= 194  streak(L,R)=(8,12)
  Ep  16 [SOLVED][   ] reward=  265.37  len= 649  streak(L,R)=(1,18)
  Ep  17 [SOLVED][   ] reward=  268.39  len= 161  streak(L,R)=(2,7)
  Ep  18 [    ][   ] reward=   66.64  len= 128  streak(L,R)=(4,18)
  Ep  19 [SOLVED][   ] reward=  255.73  len= 159  streak(L,R)=(2,6)
  Ep  20 [SOLVED][   ] reward=  280.13  len= 136  streak(L,R)=(2,9)
  Ep  21 [    ][   ] reward=  150.73  len=1000  streak(L,R)=(14,5)
  Ep  22 [    ][   ] reward=   19.25  len=  85  streak(L,R)=(2,11)
  Ep  23 [SOLVED][   ] reward=  240.90  len= 270  streak(L,R)=(2,6)
  Ep  24 [SOLVED][   ] reward=  260.39  len= 161  streak(L,R)=(4,1)
  Ep  25 [    ][   ] reward=  137.68  len=1000  streak(L,R)=(6,3)
  Ep  26 [SOLVED][   ] reward=  275.91  len= 181  streak(L,R)=(7,8)
  Ep  27 [SOLVED][   ] reward=  259.32  len= 186  streak(L,R)=(4,8)
  Ep  28 [    ][   ] reward=   28.60  len= 106  streak(L,R)=(0,2)
  Ep  29 [SOLVED][   ] reward=  271.71  len= 178  streak(L,R)=(5,9)
  Ep  30 [SOLVED][   ] reward=  307.37  len= 324  streak(L,R)=(3,39)
  Ep  31 [SOLVED][   ] reward=  246.03  len= 180  streak(L,R)=(1,14)
  Ep  32 [SOLVED][   ] reward=  292.04  len= 155  streak(L,R)=(9,13)
  Ep  33 [    ][   ] reward=  146.19  len=1000  streak(L,R)=(7,3)
  Ep  34 [SOLVED][   ] reward=  252.11  len= 388  streak(L,R)=(5,12)
  Ep  35 [    ][   ] reward=   59.55  len= 124  streak(L,R)=(6,18)
  Ep  36 [SOLVED][   ] reward=  258.97  len= 251  streak(L,R)=(3,58)
  Ep  37 [SOLVED][   ] reward=  266.20  len= 282  streak(L,R)=(1,8)
  Ep  38 [SOLVED][   ] reward=  224.15  len= 560  streak(L,R)=(4,10)
  Ep  39 [    ][   ] reward=    6.21  len= 123  streak(L,R)=(5,20)
  Ep  40 [SOLVED][   ] reward=  230.32  len= 191  streak(L,R)=(4,13)
  Ep  41 [SOLVED][   ] reward=  282.40  len= 220  streak(L,R)=(10,41)
  Ep  42 [    ][   ] reward=  145.24  len=1000  streak(L,R)=(2,12)
  Ep  43 [SOLVED][   ] reward=  259.70  len= 385  streak(L,R)=(4,10)
  Ep  44 [    ][   ] reward=   66.33  len=  91  streak(L,R)=(11,3)
  Ep  45 [SOLVED][   ] reward=  246.96  len= 498  streak(L,R)=(2,13)
  Ep  46 [SOLVED][   ] reward=  292.01  len= 145  streak(L,R)=(2,6)
  Ep  47 [SOLVED][   ] reward=  263.53  len= 187  streak(L,R)=(5,4)
  Ep  48 [SOLVED][   ] reward=  232.59  len= 621  streak(L,R)=(1,19)
  Ep  49 [SOLVED][   ] reward=  259.32  len= 185  streak(L,R)=(2,17)
  Ep  50 [SOLVED][   ] reward=  255.35  len= 181  streak(L,R)=(2,15)
  Ep  51 [    ][LOW] reward=   -0.48  len= 120  streak(L,R)=(6,19)
  Ep  52 [    ][   ] reward=   20.52  len= 130  streak(L,R)=(3,12)
  Ep  53 [SOLVED][   ] reward=  263.29  len= 141  streak(L,R)=(2,9)
  Ep  54 [SOLVED][   ] reward=  272.98  len= 142  streak(L,R)=(4,1)
  Ep  55 [SOLVED][   ] reward=  258.99  len= 179  streak(L,R)=(1,5)
  Ep  56 [SOLVED][   ] reward=  257.60  len= 187  streak(L,R)=(1,16)
  Ep  57 [    ][   ] reward=   57.26  len=  98  streak(L,R)=(1,10)
  Ep  58 [SOLVED][   ] reward=  256.15  len= 192  streak(L,R)=(2,15)
  Ep  59 [SOLVED][   ] reward=  263.73  len= 139  streak(L,R)=(2,3)
  Ep  60 [SOLVED][   ] reward=  289.75  len= 211  streak(L,R)=(5,20)
  Ep  61 [    ][   ] reward=  144.19  len=1000  streak(L,R)=(5,6)
  Ep  62 [SOLVED][   ] reward=  283.74  len= 218  streak(L,R)=(4,4)
  Ep  63 [SOLVED][   ] reward=  258.04  len= 156  streak(L,R)=(4,3)
  Ep  64 [SOLVED][   ] reward=  290.88  len= 171  streak(L,R)=(1,16)
  Ep  65 [SOLVED][   ] reward=  231.08  len= 480  streak(L,R)=(3,10)
  Ep  66 [SOLVED][   ] reward=  281.49  len= 160  streak(L,R)=(2,10)
  Ep  67 [SOLVED][   ] reward=  310.68  len= 219  streak(L,R)=(5,20)
  Ep  68 [SOLVED][   ] reward=  282.01  len= 203  streak(L,R)=(2,7)
  Ep  69 [SOLVED][   ] reward=  292.65  len= 221  streak(L,R)=(9,9)
  Ep  70 [SOLVED][   ] reward=  254.41  len= 187  streak(L,R)=(4,30)
  Ep  71 [SOLVED][   ] reward=  252.49  len= 166  streak(L,R)=(2,13)
  Ep  72 [SOLVED][   ] reward=  280.28  len= 301  streak(L,R)=(3,12)
  Ep  73 [SOLVED][   ] reward=  279.11  len= 280  streak(L,R)=(6,6)
  Ep  74 [SOLVED][   ] reward=  269.37  len= 305  streak(L,R)=(4,14)
  Ep  75 [SOLVED][   ] reward=  250.25  len= 380  streak(L,R)=(3,14)
  Ep  76 [SOLVED][   ] reward=  301.51  len= 219  streak(L,R)=(3,10)
  Ep  77 [    ][   ] reward=  166.74  len= 904  streak(L,R)=(3,6)
  Ep  78 [SOLVED][   ] reward=  264.21  len= 248  streak(L,R)=(5,8)
  Ep  79 [SOLVED][   ] reward=  254.41  len= 161  streak(L,R)=(1,8)
  Ep  80 [    ][   ] reward=  139.64  len=1000  streak(L,R)=(5,1)
  Ep  81 [SOLVED][   ] reward=  247.57  len= 250  streak(L,R)=(3,1)
  Ep  82 [SOLVED][   ] reward=  252.79  len= 158  streak(L,R)=(1,9)
  Ep  83 [SOLVED][   ] reward=  266.51  len= 294  streak(L,R)=(3,11)
  Ep  84 [SOLVED][   ] reward=  269.15  len= 174  streak(L,R)=(5,13)
  Ep  85 [    ][LOW] reward=   -1.59  len= 121  streak(L,R)=(5,19)
  Ep  86 [SOLVED][   ] reward=  256.53  len= 211  streak(L,R)=(5,5)
  Ep  87 [    ][   ] reward=  196.11  len= 669  streak(L,R)=(3,7)
  Ep  88 [    ][LOW] reward=  -21.04  len= 119  streak(L,R)=(4,20)
  Ep  89 [    ][   ] reward=  140.99  len=1000  streak(L,R)=(9,4)
  Ep  90 [SOLVED][   ] reward=  300.66  len= 180  streak(L,R)=(11,16)
  Ep  91 [SOLVED][   ] reward=  253.80  len= 176  streak(L,R)=(2,11)
  Ep  92 [SOLVED][   ] reward=  278.57  len= 199  streak(L,R)=(1,16)
  Ep  93 [    ][   ] reward=  152.50  len=1000  streak(L,R)=(5,13)
  Ep  94 [SOLVED][   ] reward=  301.43  len= 833  streak(L,R)=(5,40)
  Ep  95 [SOLVED][   ] reward=  274.67  len= 171  streak(L,R)=(6,5)
  Ep  96 [    ][   ] reward=   79.06  len=1000  streak(L,R)=(3,8)
  Ep  97 [    ][   ] reward=  143.53  len=1000  streak(L,R)=(8,5)
  Ep  98 [SOLVED][   ] reward=  280.08  len= 198  streak(L,R)=(1,6)
  Ep  99 [SOLVED][   ] reward=  222.70  len= 280  streak(L,R)=(4,6)
  Ep 100 [SOLVED][   ] reward=  246.31  len= 495  streak(L,R)=(2,11)
==============================
Diagnostic Summary
  Mean reward   : 224.77   Median: 258.51   Std: 83.26
  Min / Max     : -21.04 / 310.68
  Solved (>=200): 75/100 (75.0%)
  Low (<0)      : 3/100 (3.0%)
  Mean length   : 329.0
  Action %      : no_op=43.2%, fire_left_orientation_engine=12.6%, fire_main_engine=30.3%, fire_right_orientation_engine=13.8%
  Max side streak: L=14, R=58
  Report saved  : benchmark_b.json
==============================
