Starting diagnostic evaluation: 50 episodes, base seed 1234 (no rendering)...
  Ep   1 [SOLVED][   ] reward=  293.77  len= 241  streak(L,R)=(5,19)
  Ep   2 [SOLVED][   ] reward=  253.60  len= 245  streak(L,R)=(1,4)
  Ep   3 [SOLVED][   ] reward=  264.80  len= 153  streak(L,R)=(3,12)
  Ep   4 [    ][   ] reward=   39.19  len= 101  streak(L,R)=(5,10)
  Ep   5 [SOLVED][   ] reward=  264.28  len= 133  streak(L,R)=(1,6)
  Ep   6 [    ][   ] reward=   23.09  len=  99  streak(L,R)=(12,4)
  Ep   7 [SOLVED][   ] reward=  304.57  len= 183  streak(L,R)=(12,12)
  Ep   8 [    ][   ] reward=   28.34  len=  99  streak(L,R)=(13,2)
  Ep   9 [SOLVED][   ] reward=  294.78  len= 282  streak(L,R)=(6,10)
  Ep  10 [SOLVED][   ] reward=  291.49  len= 350  streak(L,R)=(10,11)
  Ep  11 [SOLVED][   ] reward=  282.34  len= 205  streak(L,R)=(11,6)
  Ep  12 [    ][   ] reward=   25.90  len= 114  streak(L,R)=(4,20)
  Ep  13 [SOLVED][   ] reward=  254.74  len= 155  streak(L,R)=(1,6)
  Ep  14 [SOLVED][   ] reward=  264.69  len= 157  streak(L,R)=(3,1)
  Ep  15 [SOLVED][   ] reward=  276.73  len= 164  streak(L,R)=(1,2)
  Ep  16 [    ][   ] reward=  145.96  len=1000  streak(L,R)=(8,2)
  Ep  17 [SOLVED][   ] reward=  247.31  len= 209  streak(L,R)=(6,5)
  Ep  18 [SOLVED][   ] reward=  252.05  len= 158  streak(L,R)=(1,7)
  Ep  19 [SOLVED][   ] reward=  260.79  len= 164  streak(L,R)=(1,10)
  Ep  20 [SOLVED][   ] reward=  313.42  len= 270  streak(L,R)=(7,24)
  Ep  21 [    ][   ] reward=  146.13  len=1000  streak(L,R)=(4,1)
  Ep  22 [SOLVED][   ] reward=  281.25  len= 337  streak(L,R)=(4,6)
  Ep  23 [SOLVED][   ] reward=  253.00  len= 164  streak(L,R)=(4,3)
  Ep  24 [SOLVED][   ] reward=  278.15  len= 226  streak(L,R)=(4,33)
  Ep  25 [SOLVED][   ] reward=  274.12  len= 163  streak(L,R)=(1,5)
  Ep  26 [SOLVED][   ] reward=  290.72  len= 354  streak(L,R)=(6,16)
  Ep  27 [    ][   ] reward=   39.20  len=  94  streak(L,R)=(2,9)
  Ep  28 [SOLVED][   ] reward=  275.19  len= 175  streak(L,R)=(1,16)
  Ep  29 [SOLVED][   ] reward=  263.31  len= 180  streak(L,R)=(3,20)
  Ep  30 [SOLVED][   ] reward=  261.02  len= 379  streak(L,R)=(7,7)
  Ep  31 [SOLVED][   ] reward=  285.47  len= 188  streak(L,R)=(7,5)
  Ep  32 [    ][   ] reward=  190.28  len= 667  streak(L,R)=(4,42)
  Ep  33 [SOLVED][   ] reward=  269.52  len= 251  streak(L,R)=(5,7)
  Ep  34 [SOLVED][   ] reward=  241.69  len= 444  streak(L,R)=(5,6)
  Ep  35 [    ][   ] reward=   76.89  len= 122  streak(L,R)=(4,18)
  Ep  36 [SOLVED][   ] reward=  258.55  len= 197  streak(L,R)=(2,4)
  Ep  37 [    ][   ] reward=   58.45  len= 118  streak(L,R)=(4,19)
  Ep  38 [SOLVED][   ] reward=  252.90  len= 795  streak(L,R)=(25,5)
  Ep  39 [    ][   ] reward=  155.66  len=1000  streak(L,R)=(19,4)
  Ep  40 [SOLVED][   ] reward=  267.19  len= 166  streak(L,R)=(3,1)
  Ep  41 [SOLVED][   ] reward=  229.91  len= 343  streak(L,R)=(3,8)
  Ep  42 [    ][   ] reward=  130.15  len=1000  streak(L,R)=(6,1)
  Ep  43 [SOLVED][   ] reward=  283.69  len= 184  streak(L,R)=(1,7)
  Ep  44 [SOLVED][   ] reward=  280.32  len= 129  streak(L,R)=(3,5)
  Ep  45 [SOLVED][   ] reward=  262.24  len= 261  streak(L,R)=(8,7)
  Ep  46 [SOLVED][   ] reward=  241.96  len= 457  streak(L,R)=(2,4)
  Ep  47 [SOLVED][   ] reward=  291.56  len= 273  streak(L,R)=(10,29)
  Ep  48 [SOLVED][   ] reward=  271.45  len= 229  streak(L,R)=(4,16)
  Ep  49 [    ][   ] reward=   63.39  len= 124  streak(L,R)=(5,17)
  Ep  50 [SOLVED][   ] reward=  289.00  len= 169  streak(L,R)=(1,7)
==============================
Diagnostic Summary
  Mean reward   : 222.88   Median: 261.63   Std: 87.35
  Min / Max     : 23.09 / 313.42
  Solved (>=200): 37/50 (74.0%)
  Low (<0)      : 0/50 (0.0%)
  Mean length   : 293.4
  Action %      : no_op=42.7%, fire_left_orientation_engine=16.9%, fire_main_engine=29.9%, fire_right_orientation_engine=10.5%
  Max side streak: L=25, R=42
  Report saved  : benchmark_a.json
==============================
